../Core/Src/main.c:167:7:Read_ISEN_Current	32	static
../Core/Src/main.c:188:7:Read_VSEN_24V	24	static
../Core/Src/main.c:207:6:Delay_Micro_Seconds	16	static
../Core/Src/main.c:213:19:CAN_TransmitMessage_Std_ID	64	static
../Core/Src/main.c:250:19:CAN_TransmitMessage_Ext_ID	56	static
../Core/Src/main.c:281:6:HAL_CAN_RxFifo0MsgPendingCallback	24	static
../Core/Src/main.c:333:5:main	8	static
../Core/Src/main.c:451:6:SystemClock_Config	88	static
../Core/Src/main.c:498:13:MX_ADC1_Init	64	static
../Core/Src/main.c:586:13:MX_CAN_Init	8	static
../Core/Src/main.c:623:13:MX_TIM1_Init	80	static
../Core/Src/main.c:688:13:MX_TIM3_Init	32	static
../Core/Src/main.c:733:13:MX_GPIO_Init	40	static
../Core/Src/main.c:820:6:Read_Sensors_Func	16	static
../Core/Src/main.c:927:6:CANRX_Data_Process_Func	32	static
../Core/Src/main.c:986:6:Decision_Making_Function	24	static
../Core/Src/main.c:1049:6:HAL_TIM_PeriodElapsedCallback	16	static
../Core/Src/main.c:1069:6:Error_Handler	4	static,ignoring_inline_asm
