../Core/Src/main.c:170:7:Read_ISEN_Current	32	static
../Core/Src/main.c:191:7:Read_VSEN_24V	24	static
../Core/Src/main.c:210:6:Delay_Micro_Seconds	16	static
../Core/Src/main.c:216:19:CAN_TransmitMessage_Std_ID	64	static
../Core/Src/main.c:253:19:CAN_TransmitMessage_Ext_ID	56	static
../Core/Src/main.c:284:6:HAL_CAN_RxFifo0MsgPendingCallback	24	static
../Core/Src/main.c:336:5:main	8	static
../Core/Src/main.c:454:6:SystemClock_Config	88	static
../Core/Src/main.c:501:13:MX_ADC1_Init	64	static
../Core/Src/main.c:589:13:MX_CAN_Init	8	static
../Core/Src/main.c:626:13:MX_TIM1_Init	80	static
../Core/Src/main.c:691:13:MX_TIM3_Init	32	static
../Core/Src/main.c:736:13:MX_GPIO_Init	40	static
../Core/Src/main.c:823:6:Read_Sensors_Func	16	static
../Core/Src/main.c:935:6:CANRX_Data_Process_Func	32	static
../Core/Src/main.c:994:6:Decision_Making_Function	24	static
../Core/Src/main.c:1059:6:HAL_TIM_PeriodElapsedCallback	16	static
../Core/Src/main.c:1079:6:Error_Handler	4	static,ignoring_inline_asm
