Archive member included to satisfy reference by file (symbol)

/home/vinothkannan/st/stm32cubeide_1.19.0/plugins/com.st.stm32cube.ide.mcu.externaltools.gnu-tools-for-stm32.13.3.rel1.linux64_1.0.0.202410170706/tools/bin/../lib/gcc/arm-none-eabi/13.3.1/../../../../arm-none-eabi/lib/thumb/v7-m/nofp/libc_nano.a(libc_a-exit.o)
                              /home/vinothkannan/st/stm32cubeide_1.19.0/plugins/com.st.stm32cube.ide.mcu.externaltools.gnu-tools-for-stm32.13.3.rel1.linux64_1.0.0.202410170706/tools/bin/../lib/gcc/arm-none-eabi/13.3.1/../../../../arm-none-eabi/lib/thumb/v7-m/nofp/crt0.o (exit)
/home/vinothkannan/st/stm32cubeide_1.19.0/plugins/com.st.stm32cube.ide.mcu.externaltools.gnu-tools-for-stm32.13.3.rel1.linux64_1.0.0.202410170706/tools/bin/../lib/gcc/arm-none-eabi/13.3.1/../../../../arm-none-eabi/lib/thumb/v7-m/nofp/libc_nano.a(libc_a-findfp.o)
                              ./Middlewares/Third_Party/FreeRTOS/Source/tasks.o (__sf)
/home/vinothkannan/st/stm32cubeide_1.19.0/plugins/com.st.stm32cube.ide.mcu.externaltools.gnu-tools-for-stm32.13.3.rel1.linux64_1.0.0.202410170706/tools/bin/../lib/gcc/arm-none-eabi/13.3.1/../../../../arm-none-eabi/lib/thumb/v7-m/nofp/libc_nano.a(libc_a-fwalk.o)
                              /home/vinothkannan/st/stm32cubeide_1.19.0/plugins/com.st.stm32cube.ide.mcu.externaltools.gnu-tools-for-stm32.13.3.rel1.linux64_1.0.0.202410170706/tools/bin/../lib/gcc/arm-none-eabi/13.3.1/../../../../arm-none-eabi/lib/thumb/v7-m/nofp/libc_nano.a(libc_a-findfp.o) (_fwalk_sglue)
/home/vinothkannan/st/stm32cubeide_1.19.0/plugins/com.st.stm32cube.ide.mcu.externaltools.gnu-tools-for-stm32.13.3.rel1.linux64_1.0.0.202410170706/tools/bin/../lib/gcc/arm-none-eabi/13.3.1/../../../../arm-none-eabi/lib/thumb/v7-m/nofp/libc_nano.a(libc_a-stdio.o)
                              /home/vinothkannan/st/stm32cubeide_1.19.0/plugins/com.st.stm32cube.ide.mcu.externaltools.gnu-tools-for-stm32.13.3.rel1.linux64_1.0.0.202410170706/tools/bin/../lib/gcc/arm-none-eabi/13.3.1/../../../../arm-none-eabi/lib/thumb/v7-m/nofp/libc_nano.a(libc_a-findfp.o) (__sread)
/home/vinothkannan/st/stm32cubeide_1.19.0/plugins/com.st.stm32cube.ide.mcu.externaltools.gnu-tools-for-stm32.13.3.rel1.linux64_1.0.0.202410170706/tools/bin/../lib/gcc/arm-none-eabi/13.3.1/../../../../arm-none-eabi/lib/thumb/v7-m/nofp/libc_nano.a(libc_a-memset.o)
                              /home/vinothkannan/st/stm32cubeide_1.19.0/plugins/com.st.stm32cube.ide.mcu.externaltools.gnu-tools-for-stm32.13.3.rel1.linux64_1.0.0.202410170706/tools/bin/../lib/gcc/arm-none-eabi/13.3.1/../../../../arm-none-eabi/lib/thumb/v7-m/nofp/crt0.o (memset)
/home/vinothkannan/st/stm32cubeide_1.19.0/plugins/com.st.stm32cube.ide.mcu.externaltools.gnu-tools-for-stm32.13.3.rel1.linux64_1.0.0.202410170706/tools/bin/../lib/gcc/arm-none-eabi/13.3.1/../../../../arm-none-eabi/lib/thumb/v7-m/nofp/libc_nano.a(libc_a-closer.o)
                              /home/vinothkannan/st/stm32cubeide_1.19.0/plugins/com.st.stm32cube.ide.mcu.externaltools.gnu-tools-for-stm32.13.3.rel1.linux64_1.0.0.202410170706/tools/bin/../lib/gcc/arm-none-eabi/13.3.1/../../../../arm-none-eabi/lib/thumb/v7-m/nofp/libc_nano.a(libc_a-stdio.o) (_close_r)
/home/vinothkannan/st/stm32cubeide_1.19.0/plugins/com.st.stm32cube.ide.mcu.externaltools.gnu-tools-for-stm32.13.3.rel1.linux64_1.0.0.202410170706/tools/bin/../lib/gcc/arm-none-eabi/13.3.1/../../../../arm-none-eabi/lib/thumb/v7-m/nofp/libc_nano.a(libc_a-reent.o)
                              ./Middlewares/Third_Party/FreeRTOS/Source/tasks.o (_reclaim_reent)
/home/vinothkannan/st/stm32cubeide_1.19.0/plugins/com.st.stm32cube.ide.mcu.externaltools.gnu-tools-for-stm32.13.3.rel1.linux64_1.0.0.202410170706/tools/bin/../lib/gcc/arm-none-eabi/13.3.1/../../../../arm-none-eabi/lib/thumb/v7-m/nofp/libc_nano.a(libc_a-impure.o)
                              ./Middlewares/Third_Party/FreeRTOS/Source/tasks.o (_impure_ptr)
/home/vinothkannan/st/stm32cubeide_1.19.0/plugins/com.st.stm32cube.ide.mcu.externaltools.gnu-tools-for-stm32.13.3.rel1.linux64_1.0.0.202410170706/tools/bin/../lib/gcc/arm-none-eabi/13.3.1/../../../../arm-none-eabi/lib/thumb/v7-m/nofp/libc_nano.a(libc_a-lseekr.o)
                              /home/vinothkannan/st/stm32cubeide_1.19.0/plugins/com.st.stm32cube.ide.mcu.externaltools.gnu-tools-for-stm32.13.3.rel1.linux64_1.0.0.202410170706/tools/bin/../lib/gcc/arm-none-eabi/13.3.1/../../../../arm-none-eabi/lib/thumb/v7-m/nofp/libc_nano.a(libc_a-stdio.o) (_lseek_r)
/home/vinothkannan/st/stm32cubeide_1.19.0/plugins/com.st.stm32cube.ide.mcu.externaltools.gnu-tools-for-stm32.13.3.rel1.linux64_1.0.0.202410170706/tools/bin/../lib/gcc/arm-none-eabi/13.3.1/../../../../arm-none-eabi/lib/thumb/v7-m/nofp/libc_nano.a(libc_a-readr.o)
[...]
Memory Configuration

Name             Origin             Length             Attributes
RAM              0x20000000         0x00005000         xrw
FLASH            0x08000000         0x00010000         xr
*default*        0x00000000         0xffffffff

Linker script and memory map

LOAD /home/vinothkannan/st/stm32cubeide_1.19.0/plugins/com.st.stm32cube.ide.mcu.externaltools.gnu-tools-for-stm32.13.3.rel1.linux64_1.0.0.202410170706/tools/bin/../lib/gcc/arm-none-eabi/13.3.1/thumb/v7-m/nofp/crti.o
LOAD /home/vinothkannan/st/stm32cubeide_1.19.0/plugins/com.st.stm32cube.ide.mcu.externaltools.gnu-tools-for-stm32.13.3.rel1.linux64_1.0.0.202410170706/tools/bin/../lib/gcc/arm-none-eabi/13.3.1/thumb/v7-m/nofp/crtbegin.o
LOAD /home/vinothkannan/st/stm32cubeide_1.19.0/plugins/com.st.stm32cube.ide.mcu.externaltools.gnu-tools-for-stm32.13.3.rel1.linux64_1.0.0.202410170706/tools/bin/../lib/gcc/arm-none-eabi/13.3.1/../../../../arm-none-eabi/lib/thumb/v7-m/nofp/crt0.o
LOAD ./Core/Src/ADC_Readings.o
LOAD ./Core/Src/freertos.o
LOAD ./Core/Src/main.o
LOAD ./Core/Src/stm32f1xx_hal_msp.o
LOAD ./Core/Src/stm32f1xx_hal_timebase_tim.o
LOAD ./Core/Src/stm32f1xx_it.o
LOAD ./Core/Src/syscalls.o
LOAD ./Core/Src/sysmem.o
LOAD ./Core/Src/system_stm32f1xx.o
LOAD ./Core/Startup/startup_stm32f103c8tx.o
LOAD ./Drivers/STM32F1xx_HAL_Driver/Src/stm32f1xx_hal.o
LOAD ./Drivers/STM32F1xx_HAL_Driver/Src/stm32f1xx_hal_adc.o
LOAD ./Drivers/STM32F1xx_HAL_Driver/Src/stm32f1xx_hal_adc_ex.o
LOAD ./Drivers/STM32F1xx_HAL_Driver/Src/stm32f1xx_hal_can.o
LOAD ./Drivers/STM32F1xx_HAL_Driver/Src/stm32f1xx_hal_cortex.o
LOAD ./Drivers/STM32F1xx_HAL_Driver/Src/stm32f1xx_hal_dma.o
LOAD ./Drivers/STM32F1xx_HAL_Driver/Src/stm32f1xx_hal_exti.o
LOAD ./Drivers/STM32F1xx_HAL_Driver/Src/stm32f1xx_hal_flash.o
LOAD ./Drivers/STM32F1xx_HAL_Driver/Src/stm32f1xx_hal_flash_ex.o
LOAD ./Drivers/STM32F1xx_HAL_Driver/Src/stm32f1xx_hal_gpio.o
LOAD ./Drivers/STM32F1xx_HAL_Driver/Src/stm32f1xx_hal_gpio_ex.o
LOAD ./Drivers/STM32F1xx_HAL_Driver/Src/stm32f1xx_hal_pwr.o
LOAD ./Drivers/STM32F1xx_HAL_Driver/Src/stm32f1xx_hal_rcc.o
LOAD ./Drivers/STM32F1xx_HAL_Driver/Src/stm32f1xx_hal_rcc_ex.o
LOAD ./Drivers/STM32F1xx_HAL_Driver/Src/stm32f1xx_hal_tim.o
LOAD ./Drivers/STM32F1xx_HAL_Driver/Src/stm32f1xx_hal_tim_ex.o
LOAD ./Middlewares/Third_Party/FreeRTOS/Source/CMSIS_RTOS_V2/cmsis_os2.o
LOAD ./Middlewares/Third_Party/FreeRTOS/Source/croutine.o
LOAD ./Middlewares/Third_Party/FreeRTOS/Source/event_groups.o
LOAD ./Middlewares/Third_Party/FreeRTOS/Source/list.o
LOAD ./Middlewares/Third_Party/FreeRTOS/Source/queue.o
LOAD ./Middlewares/Third_Party/FreeRTOS/Source/stream_buffer.o
LOAD ./Middlewares/Third_Party/FreeRTOS/Source/tasks.o
LOAD ./Middlewares/Third_Party/FreeRTOS/Source/timers.o
LOAD ./Middlewares/Third_Party/FreeRTOS/Source/portable/GCC/ARM_CM3/port.o
LOAD ./Middlewares/Third_Party/FreeRTOS/Source/portable/MemMang/heap_4.o
START GROUP
LOAD /home/vinothkannan/st/stm32cubeide_1.19.0/plugins/com.st.stm32cube.ide.mcu.externaltools.gnu-tools-for-stm32.13.3.rel1.linux64_1.0.0.202410170706/tools/bin/../lib/gcc/arm-none-eabi/13.3.1/../../../../arm-none-eabi/lib/thumb/v7-m/nofp/libc_nano.a
LOAD /home/vinothkannan/st/stm32cubeide_1.19.0/plugins/com.st.stm32cube.ide.mcu.externaltools.gnu-tools-for-stm32.13.3.rel1.linux64_1.0.0.202410170706/tools/bin/../lib/gcc/arm-none-eabi/13.3.1/../../../../arm-none-eabi/lib/thumb/v7-m/nofp/libm.a
END GROUP
START GROUP
LOAD /home/vinothkannan/st/stm32cubeide_1.19.0/plugins/com.st.stm32cube.ide.mcu.externaltools.gnu-tools-for-stm32.13.3.rel1.linux64_1.0.0.202410170706/tools/bin/../lib/gcc/arm-none-eabi/13.3.1/thumb/v7-m/nofp/libgcc.a
LOAD /home/vinothkannan/st/stm32cubeide_1.19.0/plugins/com.st.stm32cube.ide.mcu.externaltools.gnu-tools-for-stm32.13.3.rel1.linux64_1.0.0.202410170706/tools/bin/../lib/gcc/arm-none-eabi/13.3.1/../../../../arm-none-eabi/lib/thumb/v7-m/nofp/libc_nano.a
END GROUP
START GROUP
LOAD /home/vinothkannan/st/stm32cubeide_1.19.0/plugins/com.st.stm32cube.ide.mcu.externaltools.gnu-tools-for-stm32.13.3.rel1.linux64_1.0.0.202410170706/tools/bin/../lib/gcc/arm-none-eabi/13.3.1/thumb/v7-m/nofp/libgcc.a
LOAD /home/vinothkannan/st/stm32cubeide_1.19.0/plugins/com.st.stm32cube.ide.mcu.externaltools.gnu-tools-for-stm32.13.3.rel1.linux64_1.0.0.202410170706/tools/bin/../lib/gcc/arm-none-eabi/13.3.1/../../../../arm-none-eabi/lib/thumb/v7-m/nofp/libc_nano.a
LOAD /home/vinothkannan/st/stm32cubeide_1.19.0/plugins/com.st.stm32cube.ide.mcu.externaltools.gnu-tools-for-stm32.13.3.rel1.linux64_1.0.0.202410170706/tools/bin/../lib/gcc/arm-none-eabi/13.3.1/../../../../arm-none-eabi/lib/thumb/v7-m/nofp/libnosys.a
END GROUP
START GROUP
LOAD /home/vinothkannan/st/stm32cubeide_1.19.0/plugins/com.st.stm32cube.ide.mcu.externaltools.gnu-tools-for-stm32.13.3.rel1.linux64_1.0.0.202410170706/tools/bin/../lib/gcc/arm-none-eabi/13.3.1/thumb/v7-m/nofp/libgcc.a
LOAD /home/vinothkannan/st/stm32cubeide_1.19.0/plugins/com.st.stm32cube.ide.mcu.externaltools.gnu-tools-for-stm32.13.3.rel1.linux64_1.0.0.202410170706/tools/bin/../lib/gcc/arm-none-eabi/13.3.1/../../../../arm-none-eabi/lib/thumb/v7-m/nofp/libc_nano.a
LOAD /home/vinothkannan/st/stm32cubeide_1.19.0/plugins/com.st.stm32cube.ide.mcu.externaltools.gnu-tools-for-stm32.13.3.rel1.linux64_1.0.0.202410170706/tools/bin/../lib/gcc/arm-none-eabi/13.3.1/../../../../arm-none-eabi/lib/thumb/v7-m/nofp/libnosys.a
END GROUP
LOAD /home/vinothkannan/st/stm32cubeide_1.19.0/plugins/com.st.stm32cube.ide.mcu.externaltools.gnu-tools-for-stm32.13.3.rel1.linux64_1.0.0.202410170706/tools/bin/../lib/gcc/arm-none-eabi/13.3.1/thumb/v7-m/nofp/crtend.o
LOAD /home/vinothkannan/st/stm32cubeide_1.19.0/plugins/com.st.stm32cube.ide.mcu.externaltools.gnu-tools-for-stm32.13.3.rel1.linux64_1.0.0.202410170706/tools/bin/../lib/gcc/arm-none-eabi/13.3.1/thumb/v7-m/nofp/crtn.o
                0x20005000                        _estack = (ORIGIN (RAM) + LENGTH (RAM))
                0x00000200                        _Min_Heap_Size = 0x200
                0x00000400                        _Min_Stack_Size = 0x400

.isr_vector     0x08000000      0x10c
                0x08000000                        . = ALIGN (0x4)
 *(.isr_vector)
 .isr_vector    0x08000000      0x10c ./Core/Startup/startup_stm32f103c8tx.o
                0x08000000                g_pfnVectors
                0x0800010c                        . = ALIGN (0x4)

.text           0x08000110     0x888c
                0x08000110                        . = ALIGN (0x4)
 *(.text)
 .text          0x08000110       0x40 /home/vinothkannan/st/stm32cubeide_1.19.0/plugins/com.st.stm32cube.ide.mcu.externaltools.gnu-tools-for-stm32.13.3.rel1.linux64_1.0.0.202410170706/tools/bin/../lib/gcc/arm-none-eabi/13.3.1/thumb/v7-m/nofp/crtbegin.o
 .text          0x08000150      0x254 /home/vinothkannan/st/stm32cubeide_1.19.0/plugins/com.st.stm32cube.ide.mcu.externaltools.gnu-tools-for-stm32.13.3.rel1.linux64_1.0.0.202410170706/tools/bin/../lib/gcc/arm-none-eabi/13.3.1/thumb/v7-m/nofp/libgcc.a(_arm_muldf3.o)
                0x08000150                __aeabi_dmul
                0x08000150                __muldf3
 .text          0x080003a4      0x378 /home/vinothkannan/st/stm32cubeide_1.19.0/plugins/com.st.stm32cube.ide.mcu.externaltools.gnu-tools-for-stm32.13.3.rel1.linux64_1.0.0.202410170706/tools/bin/../lib/gcc/arm-none-eabi/13.3.1/thumb/v7-m/nofp/libgcc.a(_arm_addsubdf3.o)
                0x080003a4                __aeabi_drsub
                0x080003ac                __aeabi_dsub
                0x080003ac                __subdf3
                0x080003b0                __adddf3
                0x080003b0                __aeabi_dadd
                0x08000628                __aeabi_ui2d
                0x08000628                __floatunsidf
                0x08000648                __floatsidf
                0x08000648                __aeabi_i2d
                0x0800066c                __extendsfdf2
                0x0800066c                __aeabi_f2d
                0x080006b0                __aeabi_ul2d
                0x080006b0                __floatundidf
                0x080006c0                __floatdidf
                0x080006c0                __aeabi_l2d
 .text          0x0800071c      0x110 /home/vinothkannan/st/stm32cubeide_1.19.0/plugins/com.st.stm32cube.ide.mcu.externaltools.gnu-tools-for-stm32.13.3.rel1.linux64_1.0.0.202410170706/tools/bin/../lib/gcc/arm-none-eabi/13.3.1/thumb/v7-m/nofp/libgcc.a(_arm_cmpdf2.o)
                0x0800071c                __gtdf2
                0x0800071c                __gedf2
                0x08000724                __ltdf2
                0x08000724                __ledf2
                0x0800072c                __cmpdf2
                0x0800072c                __eqdf2
                0x0800072c                __nedf2
                0x080007a8                __aeabi_cdrcmple
                0x080007b8                __aeabi_cdcmple
                0x080007b8                __aeabi_cdcmpeq
                0x080007c8                __aeabi_dcmpeq
                0x080007dc                __aeabi_dcmplt
                0x080007f0                __aeabi_dcmple
                0x08000804                __aeabi_dcmpge
                0x08000818                __aeabi_dcmpgt
 .text          0x0800082c       0xa0 /home/vinothkannan/st/stm32cubeide_1.19.0/plugins/com.st.stm32cube.ide.mcu.externaltools.gnu-tools-for-stm32.13.3.rel1.linux64_1.0.0.202410170706/tools/bin/../lib/gcc/arm-none-eabi/13.3.1/thumb/v7-m/nofp/libgcc.a(_arm_truncdfsf2.o)
                0x0800082c                __aeabi_d2f
                0x0800082c                __truncdfsf2
 .text          0x080008cc      0x21c /home/vinothkannan/st/stm32cubeide_1.19.0/plugins/com.st.stm32cube.ide.mcu.externaltools.gnu-tools-for-stm32.13.3.rel1.linux64_1.0.0.202410170706/tools/bin/../lib/gcc/arm-none-eabi/13.3.1/thumb/v7-m/nofp/libgcc.a(_arm_addsubsf3.o)
                0x080008cc                __aeabi_frsub
                0x080008d4                __subsf3
                0x080008d4                __aeabi_fsub
                0x080008d8                __aeabi_fadd
                0x080008d8                __addsf3
                0x08000a38                __aeabi_ui2f
                0x08000a38                __floatunsisf
                0x08000a40                __aeabi_i2f
                0x08000a40                __floatsisf
                0x08000a5c                __floatundisf
                0x08000a5c                __aeabi_ul2f
                0x08000a6c                __floatdisf
                0x08000a6c                __aeabi_l2f
 .text          0x08000ae8      0x2a0 /home/vinothkannan/st/stm32cubeide_1.19.0/plugins/com.st.stm32cube.ide.mcu.externaltools.gnu-tools-for-stm32.13.3.rel1.linux64_1.0.0.202410170706/tools/bin/../lib/gcc/arm-none-eabi/13.3.1/thumb/v7-m/nofp/libgcc.a(_arm_muldivsf3.o)
                0x08000ae8                __mulsf3
                0x08000ae8                __aeabi_fmul
                0x08000c50                __divsf3
                0x08000c50                __aeabi_fdiv
 .text          0x08000d88       0xec /home/vinothkannan/st/stm32cubeide_1.19.0/plugins/com.st.stm32cube.ide.mcu.externaltools.gnu-tools-for-stm32.13.3.rel1.linux64_1.0.0.202410170706/tools/bin/../lib/gcc/arm-none-eabi/13.3.1/thumb/v7-m/nofp/libgcc.a(_arm_cmpsf2.o)
                0x08000d88                __gtsf2
                0x08000d88                __gesf2
                0x08000d90                __lesf2
                0x08000d90                __ltsf2
                0x08000d98                __nesf2
                0x08000d98                __eqsf2
                0x08000d98                __cmpsf2
                0x08000df8                __aeabi_cfrcmple
                0x08000e00                __aeabi_cfcmple
                0x08000e00                __aeabi_cfcmpeq
                0x08000e10                __aeabi_fcmpeq
                0x08000e24                __aeabi_fcmplt
                0x08000e38                __aeabi_fcmple
                0x08000e4c                __aeabi_fcmpge
                0x08000e60                __aeabi_fcmpgt
 .text          0x08000e74       0x40 /home/vinothkannan/st/stm32cubeide_1.19.0/plugins/com.st.stm32cube.ide.mcu.externaltools.gnu-tools-for-stm32.13.3.rel1.linux64_1.0.0.202410170706/tools/bin/../lib/gcc/arm-none-eabi/13.3.1/thumb/v7-m/nofp/libgcc.a(_arm_fixunssfsi.o)
                0x08000e74                __aeabi_f2uiz
                0x08000e74                __fixunssfsi
 *(.text*)
 .text.ADC_Select_CH0
                0x08000eb4       0x3c ./Core/Src/ADC_Readings.o
                0x08000eb4                ADC_Select_CH0
 .text.ADC_Select_CH1
                0x08000ef0       0x3c ./Core/Src/ADC_Readings.o
                0x08000ef0                ADC_Select_CH1
 .text.ADC_Select_CH2
                0x08000f2c       0x3c ./Core/Src/ADC_Readings.o
                0x08000f2c                ADC_Select_CH2
 .text.ADC_Select_CH3
                0x08000f68       0x3c ./Core/Src/ADC_Readings.o
                0x08000f68                ADC_Select_CH3
 .text.ADC_Auto_Unhitch_Read
                0x08000fa4       0x3c ./Core/Src/ADC_Readings.o
                0x08000fa4                ADC_Auto_Unhitch_Read
 .text.ADC_Current_Sensor_1_Read
                0x08000fe0       0x48 ./Core/Src/ADC_Readings.o
                0x08000fe0                ADC_Current_Sensor_1_Read
 .text.ADC_Current_Sensor_2_Read
                0x08001028       0x4c ./Core/Src/ADC_Readings.o
                0x08001028                ADC_Current_Sensor_2_Read
 .text.ADC_24V_Read
                0x08001074       0x40 ./Core/Src/ADC_Readings.o
                0x08001074                ADC_24V_Read
 *fill*         0x080010b4        0x4 
 .text.Read_ISEN_Current
                0x080010b8       0x9c ./Core/Src/main.o
                0x080010b8                Read_ISEN_Current
 *fill*         0x08001154        0x4 
 .text.Read_VSEN_24V
                0x08001158       0x70 ./Core/Src/main.o
                0x08001158                Read_VSEN_24V
 .text.Delay_Micro_Seconds
                0x080011c8       0x30 ./Core/Src/main.o
                0x080011c8                Delay_Micro_Seconds
 .text.CAN_TransmitMessage_Ext_ID
                0x080011f8       0x68 ./Core/Src/main.o
                0x080011f8                CAN_TransmitMessage_Ext_ID
 .text.HAL_CAN_RxFifo0MsgPendingCallback
                0x08001260      0x124 ./Core/Src/main.o
                0x08001260                HAL_CAN_RxFifo0MsgPendingCallback
 .text.main     0x08001384      0x110 ./Core/Src/main.o
                0x08001384                main
 .text.SystemClock_Config
                0x08001494       0xb8 ./Core/Src/main.o
                0x08001494                SystemClock_Config
 .text.MX_ADC1_Init
                0x0800154c      0x110 ./Core/Src/main.o
 .text.MX_CAN_Init
                0x0800165c       0x6c ./Core/Src/main.o
 .text.MX_TIM1_Init
                0x080016c8      0x108 ./Core/Src/main.o
 .text.MX_TIM3_Init
                0x080017d0       0x9c ./Core/Src/main.o
 .text.MX_GPIO_Init
                0x0800186c      0x140 ./Core/Src/main.o
 .text.Read_Sensors_Func
                0x080019ac      0x230 ./Core/Src/main.o
                0x080019ac                Read_Sensors_Func
 .text.CANRX_Data_Process_Func
                0x08001bdc       0xb8 ./Core/Src/main.o
                0x08001bdc                CANRX_Data_Process_Func
 *fill*         0x08001c94        0x4 
 .text.Decision_Making_Function
                0x08001c98      0x134 ./Core/Src/main.o
                0x08001c98                Decision_Making_Function
 .text.HAL_TIM_PeriodElapsedCallback
                0x08001dcc       0x24 ./Core/Src/main.o
                0x08001dcc                HAL_TIM_PeriodElapsedCallback
 .text.Error_Handler
                0x08001df0        0xc ./Core/Src/main.o
                0x08001df0                Error_Handler
 .text.HAL_MspInit
                0x08001dfc       0x70 ./Core/Src/stm32f1xx_hal_msp.o
                0x08001dfc                HAL_MspInit
 .text.HAL_ADC_MspInit
                0x08001e6c       0x78 ./Core/Src/stm32f1xx_hal_msp.o
                0x08001e6c                HAL_ADC_MspInit
 .text.HAL_CAN_MspInit
                0x08001ee4       0xd0 ./Core/Src/stm32f1xx_hal_msp.o
                0x08001ee4                HAL_CAN_MspInit
 .text.HAL_TIM_PWM_MspInit
                0x08001fb4       0x3c ./Core/Src/stm32f1xx_hal_msp.o
                0x08001fb4                HAL_TIM_PWM_MspInit
 .text.HAL_TIM_Base_MspInit
                0x08001ff0       0x3c ./Core/Src/stm32f1xx_hal_msp.o
                0x08001ff0                HAL_TIM_Base_MspInit
 .text.HAL_TIM_MspPostInit
                0x0800202c       0x68 ./Core/Src/stm32f1xx_hal_msp.o
                0x0800202c                HAL_TIM_MspPostInit
 .text.HAL_InitTick
                0x08002094       0xfc ./Core/Src/stm32f1xx_hal_timebase_tim.o
                0x08002094                HAL_InitTick
 .text.NMI_Handler
                0x08002190        0x8 ./Core/Src/stm32f1xx_it.o
                0x08002190                NMI_Handler
 .text.HardFault_Handler
                0x08002198        0x8 ./Core/Src/stm32f1xx_it.o
                0x08002198                HardFault_Handler
 .text.MemManage_Handler
                0x080021a0        0x8 ./Core/Src/stm32f1xx_it.o
                0x080021a0                MemManage_Handler
 .text.BusFault_Handler
                0x080021a8        0x8 ./Core/Src/stm32f1xx_it.o
                0x080021a8                BusFault_Handler
 .text.UsageFault_Handler
                0x080021b0        0x8 ./Core/Src/stm32f1xx_it.o
                0x080021b0                UsageFault_Handler
 .text.DebugMon_Handler
                0x080021b8        0xc ./Core/Src/stm32f1xx_it.o
                0x080021b8                DebugMon_Handler
 .text.USB_LP_CAN1_RX0_IRQHandler
                0x080021c4       0x14 ./Core/Src/stm32f1xx_it.o
                0x080021c4                USB_LP_CAN1_RX0_IRQHandler
 .text.TIM4_IRQHandler
                0x080021d8       0x14 ./Core/Src/stm32f1xx_it.o
                0x080021d8                TIM4_IRQHandler
 .text.SystemInit
                0x080021ec        0xc ./Core/Src/system_stm32f1xx.o
                0x080021ec                SystemInit
 .text.Reset_Handler
                0x080021f8       0x48 ./Core/Startup/startup_stm32f103c8tx.o
                0x080021f8                Reset_Handler
 .text.Default_Handler
                0x08002240        0x2 ./Core/Startup/startup_stm32f103c8tx.o
                0x08002240                RTC_Alarm_IRQHandler
                0x08002240                EXTI2_IRQHandler
                0x08002240                TIM1_CC_IRQHandler
                0x08002240                PVD_IRQHandler
                0x08002240                EXTI3_IRQHandler
                0x08002240                EXTI0_IRQHandler
                0x08002240                I2C2_EV_IRQHandler
                0x08002240                ADC1_2_IRQHandler
                0x08002240                SPI1_IRQHandler
                0x08002240                TAMPER_IRQHandler
                0x08002240                DMA1_Channel4_IRQHandler
                0x08002240                USART3_IRQHandler
                0x08002240                RTC_IRQHandler
                0x08002240                DMA1_Channel7_IRQHandler
                0x08002240                CAN1_RX1_IRQHandler
                0x08002240                I2C1_EV_IRQHandler
                0x08002240                DMA1_Channel6_IRQHandler
                0x08002240                TIM3_IRQHandler
                0x08002240                RCC_IRQHandler
                0x08002240                TIM1_TRG_COM_IRQHandler
                0x08002240                DMA1_Channel1_IRQHandler
                0x08002240                Default_Handler
                0x08002240                EXTI15_10_IRQHandler
                0x08002240                EXTI9_5_IRQHandler
                0x08002240                SPI2_IRQHandler
                0x08002240                DMA1_Channel5_IRQHandler
                0x08002240                EXTI4_IRQHandler
                0x08002240                USB_HP_CAN1_TX_IRQHandler
                0x08002240                DMA1_Channel3_IRQHandler
                0x08002240                TIM1_UP_IRQHandler
                0x08002240                WWDG_IRQHandler
                0x08002240                TIM2_IRQHandler
                0x08002240                TIM1_BRK_IRQHandler
                0x08002240                EXTI1_IRQHandler
                0x08002240                USART2_IRQHandler
                0x08002240                I2C2_ER_IRQHandler
                0x08002240                DMA1_Channel2_IRQHandler
                0x08002240                CAN1_SCE_IRQHandler
                0x08002240                FLASH_IRQHandler
                0x08002240                USART1_IRQHandler
                0x08002240                I2C1_ER_IRQHandler
                0x08002240                USBWakeUp_IRQHandler
 *fill*         0x08002242        0x2 
 .text.HAL_Init
                0x08002244       0x2c ./Drivers/STM32F1xx_HAL_Driver/Src/stm32f1xx_hal.o
                0x08002244                HAL_Init
 .text.HAL_IncTick
                0x08002270       0x24 ./Drivers/STM32F1xx_HAL_Driver/Src/stm32f1xx_hal.o
                0x08002270                HAL_IncTick
 .text.HAL_GetTick
                0x08002294       0x14 ./Drivers/STM32F1xx_HAL_Driver/Src/stm32f1xx_hal.o
                0x08002294                HAL_GetTick
 .text.HAL_Delay
                0x080022a8       0x48 ./Drivers/STM32F1xx_HAL_Driver/Src/stm32f1xx_hal.o
                0x080022a8                HAL_Delay
 .text.HAL_ADC_Init
                0x080022f0      0x1b0 ./Drivers/STM32F1xx_HAL_Driver/Src/stm32f1xx_hal_adc.o
                0x080022f0                HAL_ADC_Init
 .text.HAL_ADC_Start
                0x080024a0      0x15c ./Drivers/STM32F1xx_HAL_Driver/Src/stm32f1xx_hal_adc.o
                0x080024a0                HAL_ADC_Start
 .text.HAL_ADC_Stop
                0x080025fc       0x58 ./Drivers/STM32F1xx_HAL_Driver/Src/stm32f1xx_hal_adc.o
                0x080025fc                HAL_ADC_Stop
 .text.HAL_ADC_PollForConversion
                0x08002654      0x20c ./Drivers/STM32F1xx_HAL_Driver/Src/stm32f1xx_hal_adc.o
                0x08002654                HAL_ADC_PollForConversion
 .text.HAL_ADC_GetValue
                0x08002860       0x18 ./Drivers/STM32F1xx_HAL_Driver/Src/stm32f1xx_hal_adc.o
                0x08002860                HAL_ADC_GetValue
 .text.HAL_ADC_ConfigChannel
                0x08002878      0x1f0 ./Drivers/STM32F1xx_HAL_Driver/Src/stm32f1xx_hal_adc.o
                0x08002878                HAL_ADC_ConfigChannel
 .text.ADC_Enable
                0x08002a68       0xb4 ./Drivers/STM32F1xx_HAL_Driver/Src/stm32f1xx_hal_adc.o
                0x08002a68                ADC_Enable
 .text.ADC_ConversionStop_Disable
                0x08002b1c       0x82 ./Drivers/STM32F1xx_HAL_Driver/Src/stm32f1xx_hal_adc.o
                0x08002b1c                ADC_ConversionStop_Disable
 .text.HAL_CAN_Init
                0x08002b9e      0x1f6 ./Drivers/STM32F1xx_HAL_Driver/Src/stm32f1xx_hal_can.o
                0x08002b9e                HAL_CAN_Init
 .text.HAL_CAN_ConfigFilter
                0x08002d94      0x192 ./Drivers/STM32F1xx_HAL_Driver/Src/stm32f1xx_hal_can.o
                0x08002d94                HAL_CAN_ConfigFilter
 .text.HAL_CAN_Start
                0x08002f26       0x88 ./Drivers/STM32F1xx_HAL_Driver/Src/stm32f1xx_hal_can.o
                0x08002f26                HAL_CAN_Start
 .text.HAL_CAN_AddTxMessage
                0x08002fae      0x19e ./Drivers/STM32F1xx_HAL_Driver/Src/stm32f1xx_hal_can.o
                0x08002fae                HAL_CAN_AddTxMessage
 .text.HAL_CAN_IsTxMessagePending
                0x0800314c       0x46 ./Drivers/STM32F1xx_HAL_Driver/Src/stm32f1xx_hal_can.o
                0x0800314c                HAL_CAN_IsTxMessagePending
 .text.HAL_CAN_GetRxMessage
                0x08003192      0x242 ./Drivers/STM32F1xx_HAL_Driver/Src/stm32f1xx_hal_can.o
                0x08003192                HAL_CAN_GetRxMessage
 .text.HAL_CAN_ActivateNotification
                0x080033d4       0x4a ./Drivers/STM32F1xx_HAL_Driver/Src/stm32f1xx_hal_can.o
                0x080033d4                HAL_CAN_ActivateNotification
 .text.HAL_CAN_IRQHandler
                0x0800341e      0x36e ./Drivers/STM32F1xx_HAL_Driver/Src/stm32f1xx_hal_can.o
                0x0800341e                HAL_CAN_IRQHandler
 .text.HAL_CAN_TxMailbox0CompleteCallback
                0x0800378c       0x12 ./Drivers/STM32F1xx_HAL_Driver/Src/stm32f1xx_hal_can.o
                0x0800378c                HAL_CAN_TxMailbox0CompleteCallback
 .text.HAL_CAN_TxMailbox1CompleteCallback
                0x0800379e       0x12 ./Drivers/STM32F1xx_HAL_Driver/Src/stm32f1xx_hal_can.o
                0x0800379e                HAL_CAN_TxMailbox1CompleteCallback
 .text.HAL_CAN_TxMailbox2CompleteCallback
                0x080037b0       0x12 ./Drivers/STM32F1xx_HAL_Driver/Src/stm32f1xx_hal_can.o
                0x080037b0                HAL_CAN_TxMailbox2CompleteCallback
 .text.HAL_CAN_TxMailbox0AbortCallback
                0x080037c2       0x12 ./Drivers/STM32F1xx_HAL_Driver/Src/stm32f1xx_hal_can.o
                0x080037c2                HAL_CAN_TxMailbox0AbortCallback
 .text.HAL_CAN_TxMailbox1AbortCallback
                0x080037d4       0x12 ./Drivers/STM32F1xx_HAL_Driver/Src/stm32f1xx_hal_can.o
                0x080037d4                HAL_CAN_TxMailbox1AbortCallback
 .text.HAL_CAN_TxMailbox2AbortCallback
                0x080037e6       0x12 ./Drivers/STM32F1xx_HAL_Driver/Src/stm32f1xx_hal_can.o
                0x080037e6                HAL_CAN_TxMailbox2AbortCallback
 .text.HAL_CAN_RxFifo0FullCallback
                0x080037f8       0x12 ./Drivers/STM32F1xx_HAL_Driver/Src/stm32f1xx_hal_can.o
                0x080037f8                HAL_CAN_RxFifo0FullCallback
 .text.HAL_CAN_RxFifo1MsgPendingCallback
                0x0800380a       0x12 ./Drivers/STM32F1xx_HAL_Driver/Src/stm32f1xx_hal_can.o
                0x0800380a                HAL_CAN_RxFifo1MsgPendingCallback
 .text.HAL_CAN_RxFifo1FullCallback
                0x0800381c       0x12 ./Drivers/STM32F1xx_HAL_Driver/Src/stm32f1xx_hal_can.o
                0x0800381c                HAL_CAN_RxFifo1FullCallback
 .text.HAL_CAN_SleepCallback
                0x0800382e       0x12 ./Drivers/STM32F1xx_HAL_Driver/Src/stm32f1xx_hal_can.o
                0x0800382e                HAL_CAN_SleepCallback
 .text.HAL_CAN_WakeUpFromRxMsgCallback
                0x08003840       0x12 ./Drivers/STM32F1xx_HAL_Driver/Src/stm32f1xx_hal_can.o
                0x08003840                HAL_CAN_WakeUpFromRxMsgCallback
 .text.HAL_CAN_ErrorCallback
                0x08003852       0x12 ./Drivers/STM32F1xx_HAL_Driver/Src/stm32f1xx_hal_can.o
                0x08003852                HAL_CAN_ErrorCallback
 .text.__NVIC_SetPriorityGrouping
                0x08003864       0x48 ./Drivers/STM32F1xx_HAL_Driver/Src/stm32f1xx_hal_cortex.o
 .text.__NVIC_GetPriorityGrouping
                0x080038ac       0x1c ./Drivers/STM32F1xx_HAL_Driver/Src/stm32f1xx_hal_cortex.o
 .text.__NVIC_EnableIRQ
                0x080038c8       0x38 ./Drivers/STM32F1xx_HAL_Driver/Src/stm32f1xx_hal_cortex.o
 .text.__NVIC_SetPriority
                0x08003900       0x54 ./Drivers/STM32F1xx_HAL_Driver/Src/stm32f1xx_hal_cortex.o
 .text.NVIC_EncodePriority
                0x08003954       0x64 ./Drivers/STM32F1xx_HAL_Driver/Src/stm32f1xx_hal_cortex.o
 .text.HAL_NVIC_SetPriorityGrouping
                0x080039b8       0x16 ./Drivers/STM32F1xx_HAL_Driver/Src/stm32f1xx_hal_cortex.o
                0x080039b8                HAL_NVIC_SetPriorityGrouping
 .text.HAL_NVIC_SetPriority
                0x080039ce       0x38 ./Drivers/STM32F1xx_HAL_Driver/Src/stm32f1xx_hal_cortex.o
                0x080039ce                HAL_NVIC_SetPriority
 .text.HAL_NVIC_EnableIRQ
                0x08003a06       0x1c ./Drivers/STM32F1xx_HAL_Driver/Src/stm32f1xx_hal_cortex.o
                0x08003a06                HAL_NVIC_EnableIRQ
 *fill*         0x08003a22        0x2 
 .text.HAL_GPIO_Init
                0x08003a24      0x308 ./Drivers/STM32F1xx_HAL_Driver/Src/stm32f1xx_hal_gpio.o
                0x08003a24                HAL_GPIO_Init
 .text.HAL_GPIO_ReadPin
                0x08003d2c       0x2e ./Drivers/STM32F1xx_HAL_Driver/Src/stm32f1xx_hal_gpio.o
                0x08003d2c                HAL_GPIO_ReadPin
 .text.HAL_GPIO_WritePin
                0x08003d5a       0x30 ./Drivers/STM32F1xx_HAL_Driver/Src/stm32f1xx_hal_gpio.o
                0x08003d5a                HAL_GPIO_WritePin
 *fill*         0x08003d8a        0x2 
 .text.HAL_RCC_OscConfig
                0x08003d8c      0x504 ./Drivers/STM32F1xx_HAL_Driver/Src/stm32f1xx_hal_rcc.o
                0x08003d8c                HAL_RCC_OscConfig
 .text.HAL_RCC_ClockConfig
                0x08004290      0x1d4 ./Drivers/STM32F1xx_HAL_Driver/Src/stm32f1xx_hal_rcc.o
                0x08004290                HAL_RCC_ClockConfig
 .text.HAL_RCC_GetSysClockFreq
                0x08004464       0xac ./Drivers/STM32F1xx_HAL_Driver/Src/stm32f1xx_hal_rcc.o
                0x08004464                HAL_RCC_GetSysClockFreq
 .text.HAL_RCC_GetHCLKFreq
                0x08004510       0x14 ./Drivers/STM32F1xx_HAL_Driver/Src/stm32f1xx_hal_rcc.o
                0x08004510                HAL_RCC_GetHCLKFreq
 .text.HAL_RCC_GetPCLK1Freq
                0x08004524       0x28 ./Drivers/STM32F1xx_HAL_Driver/Src/stm32f1xx_hal_rcc.o
                0x08004524                HAL_RCC_GetPCLK1Freq
 .text.HAL_RCC_GetPCLK2Freq
                0x0800454c       0x28 ./Drivers/STM32F1xx_HAL_Driver/Src/stm32f1xx_hal_rcc.o
                0x0800454c                HAL_RCC_GetPCLK2Freq
 .text.HAL_RCC_GetClockConfig
                0x08004574       0x60 ./Drivers/STM32F1xx_HAL_Driver/Src/stm32f1xx_hal_rcc.o
                0x08004574                HAL_RCC_GetClockConfig
 .text.RCC_Delay
                0x080045d4       0x3c ./Drivers/STM32F1xx_HAL_Driver/Src/stm32f1xx_hal_rcc.o
 .text.HAL_RCCEx_PeriphCLKConfig
                0x08004610      0x16c ./Drivers/STM32F1xx_HAL_Driver/Src/stm32f1xx_hal_rcc_ex.o
                0x08004610                HAL_RCCEx_PeriphCLKConfig
 .text.HAL_RCCEx_GetPeriphCLKFreq
                0x0800477c      0x16c ./Drivers/STM32F1xx_HAL_Driver/Src/stm32f1xx_hal_rcc_ex.o
                0x0800477c                HAL_RCCEx_GetPeriphCLKFreq
 .text.HAL_TIM_Base_Init
                0x080048e8       0x9e ./Drivers/STM32F1xx_HAL_Driver/Src/stm32f1xx_hal_tim.o
                0x080048e8                HAL_TIM_Base_Init
 *fill*         0x08004986        0x2 
 .text.HAL_TIM_Base_Start
                0x08004988       0x94 ./Drivers/STM32F1xx_HAL_Driver/Src/stm32f1xx_hal_tim.o
                0x08004988                HAL_TIM_Base_Start
 .text.HAL_TIM_Base_Start_IT
                0x08004a1c       0xa4 ./Drivers/STM32F1xx_HAL_Driver/Src/stm32f1xx_hal_tim.o
                0x08004a1c                HAL_TIM_Base_Start_IT
 .text.HAL_TIM_PWM_Init
                0x08004ac0       0x9e ./Drivers/STM32F1xx_HAL_Driver/Src/stm32f1xx_hal_tim.o
                0x08004ac0                HAL_TIM_PWM_Init
 *fill*         0x08004b5e        0x2 
 .text.HAL_TIM_PWM_Start
                0x08004b60      0x144 ./Drivers/STM32F1xx_HAL_Driver/Src/stm32f1xx_hal_tim.o
                0x08004b60                HAL_TIM_PWM_Start
 .text.HAL_TIM_IRQHandler
                0x08004ca4      0x1e0 ./Drivers/STM32F1xx_HAL_Driver/Src/stm32f1xx_hal_tim.o
                0x08004ca4                HAL_TIM_IRQHandler
 .text.HAL_TIM_PWM_ConfigChannel
                0x08004e84      0x184 ./Drivers/STM32F1xx_HAL_Driver/Src/stm32f1xx_hal_tim.o
                0x08004e84                HAL_TIM_PWM_ConfigChannel
 .text.HAL_TIM_ConfigClockSource
                0x08005008      0x18e ./Drivers/STM32F1xx_HAL_Driver/Src/stm32f1xx_hal_tim.o
                0x08005008                HAL_TIM_ConfigClockSource
 .text.HAL_TIM_OC_DelayElapsedCallback
                0x08005196       0x12 ./Drivers/STM32F1xx_HAL_Driver/Src/stm32f1xx_hal_tim.o
                0x08005196                HAL_TIM_OC_DelayElapsedCallback
 .text.HAL_TIM_IC_CaptureCallback
                0x080051a8       0x12 ./Drivers/STM32F1xx_HAL_Driver/Src/stm32f1xx_hal_tim.o
                0x080051a8                HAL_TIM_IC_CaptureCallback
 .text.HAL_TIM_PWM_PulseFinishedCallback
                0x080051ba       0x12 ./Drivers/STM32F1xx_HAL_Driver/Src/stm32f1xx_hal_tim.o
                0x080051ba                HAL_TIM_PWM_PulseFinishedCallback
 .text.HAL_TIM_TriggerCallback
                0x080051cc       0x12 ./Drivers/STM32F1xx_HAL_Driver/Src/stm32f1xx_hal_tim.o
                0x080051cc                HAL_TIM_TriggerCallback
 *fill*         0x080051de        0x2 
 .text.TIM_Base_SetConfig
                0x080051e0       0xdc ./Drivers/STM32F1xx_HAL_Driver/Src/stm32f1xx_hal_tim.o
                0x080051e0                TIM_Base_SetConfig
 .text.TIM_OC1_SetConfig
                0x080052bc       0xcc ./Drivers/STM32F1xx_HAL_Driver/Src/stm32f1xx_hal_tim.o
 .text.TIM_OC2_SetConfig
                0x08005388       0xd4 ./Drivers/STM32F1xx_HAL_Driver/Src/stm32f1xx_hal_tim.o
                0x08005388                TIM_OC2_SetConfig
 .text.TIM_OC3_SetConfig
                0x0800545c       0xd4 ./Drivers/STM32F1xx_HAL_Driver/Src/stm32f1xx_hal_tim.o
 .text.TIM_OC4_SetConfig
                0x08005530       0x9c ./Drivers/STM32F1xx_HAL_Driver/Src/stm32f1xx_hal_tim.o
 .text.TIM_TI1_ConfigInputStage
                0x080055cc       0x5c ./Drivers/STM32F1xx_HAL_Driver/Src/stm32f1xx_hal_tim.o
 .text.TIM_TI2_ConfigInputStage
                0x08005628       0x5e ./Drivers/STM32F1xx_HAL_Driver/Src/stm32f1xx_hal_tim.o
 .text.TIM_ITRx_SetConfig
                0x08005686       0x34 ./Drivers/STM32F1xx_HAL_Driver/Src/stm32f1xx_hal_tim.o
 .text.TIM_ETR_SetConfig
                0x080056ba       0x3e ./Drivers/STM32F1xx_HAL_Driver/Src/stm32f1xx_hal_tim.o
                0x080056ba                TIM_ETR_SetConfig
 .text.TIM_CCxChannelCmd
                0x080056f8       0x48 ./Drivers/STM32F1xx_HAL_Driver/Src/stm32f1xx_hal_tim.o
                0x080056f8                TIM_CCxChannelCmd
 .text.HAL_TIMEx_MasterConfigSynchronization
                0x08005740       0xbc ./Drivers/STM32F1xx_HAL_Driver/Src/stm32f1xx_hal_tim_ex.o
                0x08005740                HAL_TIMEx_MasterConfigSynchronization
 .text.HAL_TIMEx_ConfigBreakDeadTime
                0x080057fc       0xa2 ./Drivers/STM32F1xx_HAL_Driver/Src/stm32f1xx_hal_tim_ex.o
                0x080057fc                HAL_TIMEx_ConfigBreakDeadTime
 .text.HAL_TIMEx_CommutCallback
                0x0800589e       0x12 ./Drivers/STM32F1xx_HAL_Driver/Src/stm32f1xx_hal_tim_ex.o
                0x0800589e                HAL_TIMEx_CommutCallback
 .text.HAL_TIMEx_BreakCallback
                0x080058b0       0x12 ./Drivers/STM32F1xx_HAL_Driver/Src/stm32f1xx_hal_tim_ex.o
                0x080058b0                HAL_TIMEx_BreakCallback
 *fill*         0x080058c2        0x2 
 .text.__NVIC_SetPriority
                0x080058c4       0x54 ./Middlewares/Third_Party/FreeRTOS/Source/CMSIS_RTOS_V2/cmsis_os2.o
 .text.SysTick_Handler
                0x08005918       0x20 ./Middlewares/Third_Party/FreeRTOS/Source/CMSIS_RTOS_V2/cmsis_os2.o
                0x08005918                SysTick_Handler
 .text.SVC_Setup
                0x08005938       0x12 ./Middlewares/Third_Party/FreeRTOS/Source/CMSIS_RTOS_V2/cmsis_os2.o
 *fill*         0x0800594a        0x2 
 .text.osKernelInitialize
                0x0800594c       0x44 ./Middlewares/Third_Party/FreeRTOS/Source/CMSIS_RTOS_V2/cmsis_os2.o
                0x0800594c                osKernelInitialize
 .text.osKernelStart
                0x08005990       0x4c ./Middlewares/Third_Party/FreeRTOS/Source/CMSIS_RTOS_V2/cmsis_os2.o
                0x08005990                osKernelStart
 .text.osThreadNew
                0x080059dc      0x124 ./Middlewares/Third_Party/FreeRTOS/Source/CMSIS_RTOS_V2/cmsis_os2.o
                0x080059dc                osThreadNew
 .text.osDelay  0x08005b00       0x36 ./Middlewares/Third_Party/FreeRTOS/Source/CMSIS_RTOS_V2/cmsis_os2.o
                0x08005b00                osDelay
 .text.osMessageQueueNew
                0x08005b36       0xe6 ./Middlewares/Third_Party/FreeRTOS/Source/CMSIS_RTOS_V2/cmsis_os2.o
                0x08005b36                osMessageQueueNew
 .text.osMessageQueuePut
                0x08005c1c       0xc0 ./Middlewares/Third_Party/FreeRTOS/Source/CMSIS_RTOS_V2/cmsis_os2.o
                0x08005c1c                osMessageQueuePut
 .text.osMessageQueueGet
                0x08005cdc       0xbc ./Middlewares/Third_Party/FreeRTOS/Source/CMSIS_RTOS_V2/cmsis_os2.o
                0x08005cdc                osMessageQueueGet
 .text.vApplicationGetIdleTaskMemory
                0x08005d98       0x30 ./Middlewares/Third_Party/FreeRTOS/Source/CMSIS_RTOS_V2/cmsis_os2.o
                0x08005d98                vApplicationGetIdleTaskMemory
 .text.vApplicationGetTimerTaskMemory
                0x08005dc8       0x34 ./Middlewares/Third_Party/FreeRTOS/Source/CMSIS_RTOS_V2/cmsis_os2.o
                0x08005dc8                vApplicationGetTimerTaskMemory
 .text.vListInitialise
                0x08005dfc       0x3e ./Middlewares/Third_Party/FreeRTOS/Source/list.o
                0x08005dfc                vListInitialise
 .text.vListInitialiseItem
                0x08005e3a       0x18 ./Middlewares/Third_Party/FreeRTOS/Source/list.o
                0x08005e3a                vListInitialiseItem
 .text.vListInsertEnd
                0x08005e52       0x46 ./Middlewares/Third_Party/FreeRTOS/Source/list.o
                0x08005e52                vListInsertEnd
 .text.vListInsert
                0x08005e98       0x70 ./Middlewares/Third_Party/FreeRTOS/Source/list.o
                0x08005e98                vListInsert
 .text.uxListRemove
                0x08005f08       0x52 ./Middlewares/Third_Party/FreeRTOS/Source/list.o
                0x08005f08                uxListRemove
 *fill*         0x08005f5a        0x2 
 .text.xQueueGenericReset
                0x08005f5c       0xd4 ./Middlewares/Third_Party/FreeRTOS/Source/queue.o
                0x08005f5c                xQueueGenericReset
 .text.xQueueGenericCreateStatic
                0x08006030       0xfa ./Middlewares/Third_Party/FreeRTOS/Source/queue.o
                0x08006030                xQueueGenericCreateStatic
 .text.xQueueGenericCreate
                0x0800612a       0x76 ./Middlewares/Third_Party/FreeRTOS/Source/queue.o
                0x0800612a                xQueueGenericCreate
 .text.prvInitialiseNewQueue
                0x080061a0       0x46 ./Middlewares/Third_Party/FreeRTOS/Source/queue.o
 *fill*         0x080061e6        0x2 
 .text.xQueueGenericSend
                0x080061e8      0x204 ./Middlewares/Third_Party/FreeRTOS/Source/queue.o
                0x080061e8                xQueueGenericSend
 .text.xQueueGenericSendFromISR
                0x080063ec      0x13c ./Middlewares/Third_Party/FreeRTOS/Source/queue.o
                0x080063ec                xQueueGenericSendFromISR
 .text.xQueueReceive
                0x08006528      0x1c4 ./Middlewares/Third_Party/FreeRTOS/Source/queue.o
                0x08006528                xQueueReceive
 .text.xQueueReceiveFromISR
                0x080066ec      0x104 ./Middlewares/Third_Party/FreeRTOS/Source/queue.o
                0x080066ec                xQueueReceiveFromISR
 .text.prvCopyDataToQueue
                0x080067f0       0xd4 ./Middlewares/Third_Party/FreeRTOS/Source/queue.o
 .text.prvCopyDataFromQueue
                0x080068c4       0x4c ./Middlewares/Third_Party/FreeRTOS/Source/queue.o
 .text.prvUnlockQueue
                0x08006910       0xa4 ./Middlewares/Third_Party/FreeRTOS/Source/queue.o
 .text.prvIsQueueEmpty
                0x080069b4       0x2c ./Middlewares/Third_Party/FreeRTOS/Source/queue.o
 .text.prvIsQueueFull
                0x080069e0       0x30 ./Middlewares/Third_Party/FreeRTOS/Source/queue.o
 .text.vQueueAddToRegistry
                0x08006a10       0x50 ./Middlewares/Third_Party/FreeRTOS/Source/queue.o
                0x08006a10                vQueueAddToRegistry
 .text.vQueueWaitForMessageRestricted
                0x08006a60       0x68 ./Middlewares/Third_Party/FreeRTOS/Source/queue.o
                0x08006a60                vQueueWaitForMessageRestricted
 .text.xTaskCreateStatic
                0x08006ac8       0xc0 ./Middlewares/Third_Party/FreeRTOS/Source/tasks.o
                0x08006ac8                xTaskCreateStatic
 .text.xTaskCreate
                0x08006b88       0x8a ./Middlewares/Third_Party/FreeRTOS/Source/tasks.o
                0x08006b88                xTaskCreate
 *fill*         0x08006c12        0x2 
 .text.prvInitialiseNewTask
                0x08006c14      0x150 ./Middlewares/Third_Party/FreeRTOS/Source/tasks.o
 .text.prvAddNewTaskToReadyList
                0x08006d64       0xe0 ./Middlewares/Third_Party/FreeRTOS/Source/tasks.o
 .text.vTaskDelay
                0x08006e44       0x6c ./Middlewares/Third_Party/FreeRTOS/Source/tasks.o
                0x08006e44                vTaskDelay
 .text.vTaskStartScheduler
                0x08006eb0       0xe0 ./Middlewares/Third_Party/FreeRTOS/Source/tasks.o
                0x08006eb0                vTaskStartScheduler
 .text.vTaskSuspendAll
                0x08006f90       0x1c ./Middlewares/Third_Party/FreeRTOS/Source/tasks.o
                0x08006f90                vTaskSuspendAll
 .text.xTaskResumeAll
                0x08006fac      0x13c ./Middlewares/Third_Party/FreeRTOS/Source/tasks.o
                0x08006fac                xTaskResumeAll
 .text.xTaskGetTickCount
                0x080070e8       0x1c ./Middlewares/Third_Party/FreeRTOS/Source/tasks.o
                0x080070e8                xTaskGetTickCount
 .text.xTaskIncrementTick
                0x08007104      0x174 ./Middlewares/Third_Party/FreeRTOS/Source/tasks.o
                0x08007104                xTaskIncrementTick
 .text.vTaskSwitchContext
                0x08007278       0xc8 ./Middlewares/Third_Party/FreeRTOS/Source/tasks.o
                0x08007278                vTaskSwitchContext
 .text.vTaskPlaceOnEventList
                0x08007340       0x4c ./Middlewares/Third_Party/FreeRTOS/Source/tasks.o
                0x08007340                vTaskPlaceOnEventList
 .text.vTaskPlaceOnEventListRestricted
                0x0800738c       0x58 ./Middlewares/Third_Party/FreeRTOS/Source/tasks.o
                0x0800738c                vTaskPlaceOnEventListRestricted
 .text.xTaskRemoveFromEventList
                0x080073e4       0xc8 ./Middlewares/Third_Party/FreeRTOS/Source/tasks.o
                0x080073e4                xTaskRemoveFromEventList
 .text.vTaskInternalSetTimeOutState
                0x080074ac       0x2c ./Middlewares/Third_Party/FreeRTOS/Source/tasks.o
                0x080074ac                vTaskInternalSetTimeOutState
 .text.xTaskCheckForTimeOut
                0x080074d8       0xc8 ./Middlewares/Third_Party/FreeRTOS/Source/tasks.o
                0x080074d8                xTaskCheckForTimeOut
 .text.vTaskMissedYield
                0x080075a0       0x18 ./Middlewares/Third_Party/FreeRTOS/Source/tasks.o
                0x080075a0                vTaskMissedYield
 .text.prvIdleTask
                0x080075b8       0x30 ./Middlewares/Third_Party/FreeRTOS/Source/tasks.o
 .text.prvInitialiseTaskLists
                0x080075e8       0x80 ./Middlewares/Third_Party/FreeRTOS/Source/tasks.o
 .text.prvCheckTasksWaitingTermination
                0x08007668       0x5c ./Middlewares/Third_Party/FreeRTOS/Source/tasks.o
 .text.prvDeleteTCB
                0x080076c4       0x6a ./Middlewares/Third_Party/FreeRTOS/Source/tasks.o
 *fill*         0x0800772e        0x2 
 .text.prvResetNextTaskUnblockTime
                0x08007730       0x40 ./Middlewares/Third_Party/FreeRTOS/Source/tasks.o
 .text.xTaskGetSchedulerState
                0x08007770       0x3c ./Middlewares/Third_Party/FreeRTOS/Source/tasks.o
                0x08007770                xTaskGetSchedulerState
 .text.xTaskPriorityDisinherit
                0x080077ac       0xe0 ./Middlewares/Third_Party/FreeRTOS/Source/tasks.o
                0x080077ac                xTaskPriorityDisinherit
 .text.prvAddCurrentTaskToDelayedList
                0x0800788c       0xa8 ./Middlewares/Third_Party/FreeRTOS/Source/tasks.o
 .text.xTimerCreateTimerTask
                0x08007934       0x94 ./Middlewares/Third_Party/FreeRTOS/Source/timers.o
                0x08007934                xTimerCreateTimerTask
 .text.xTimerGenericCommand
                0x080079c8       0x9c ./Middlewares/Third_Party/FreeRTOS/Source/timers.o
                0x080079c8                xTimerGenericCommand
 .text.prvProcessExpiredTimer
                0x08007a64       0x9c ./Middlewares/Third_Party/FreeRTOS/Source/timers.o
 .text.prvTimerTask
                0x08007b00       0x26 ./Middlewares/Third_Party/FreeRTOS/Source/timers.o
 *fill*         0x08007b26        0x2 
 .text.prvProcessTimerOrBlockTask
                0x08007b28       0x9c ./Middlewares/Third_Party/FreeRTOS/Source/timers.o
 .text.prvGetNextExpireTime
                0x08007bc4       0x44 ./Middlewares/Third_Party/FreeRTOS/Source/timers.o
 .text.prvSampleTimeNow
                0x08007c08       0x40 ./Middlewares/Third_Party/FreeRTOS/Source/timers.o
 .text.prvInsertTimerInActiveList
                0x08007c48       0x84 ./Middlewares/Third_Party/FreeRTOS/Source/timers.o
 .text.prvProcessReceivedCommands
                0x08007ccc      0x1cc ./Middlewares/Third_Party/FreeRTOS/Source/timers.o
 .text.prvSwitchTimerLists
                0x08007e98       0xcc ./Middlewares/Third_Party/FreeRTOS/Source/timers.o
 .text.prvCheckForValidListAndQueue
                0x08007f64       0x80 ./Middlewares/Third_Party/FreeRTOS/Source/timers.o
 .text.pxPortInitialiseStack
                0x08007fe4       0x58 ./Middlewares/Third_Party/FreeRTOS/Source/portable/GCC/ARM_CM3/port.o
                0x08007fe4                pxPortInitialiseStack
 .text.prvTaskExitError
                0x0800803c       0x58 ./Middlewares/Third_Party/FreeRTOS/Source/portable/GCC/ARM_CM3/port.o
 *fill*         0x08008094        0xc 
 .text.SVC_Handler
                0x080080a0       0x28 ./Middlewares/Third_Party/FreeRTOS/Source/portable/GCC/ARM_CM3/port.o
                0x080080a0                SVC_Handler
 .text.prvPortStartFirstTask
                0x080080c8       0x20 ./Middlewares/Third_Party/FreeRTOS/Source/portable/GCC/ARM_CM3/port.o
 .text.xPortStartScheduler
                0x080080e8       0xe4 ./Middlewares/Third_Party/FreeRTOS/Source/portable/GCC/ARM_CM3/port.o
                0x080080e8                xPortStartScheduler
 .text.vPortEnterCritical
                0x080081cc       0x60 ./Middlewares/Third_Party/FreeRTOS/Source/portable/GCC/ARM_CM3/port.o
                0x080081cc                vPortEnterCritical
 .text.vPortExitCritical
                0x0800822c       0x54 ./Middlewares/Third_Party/FreeRTOS/Source/portable/GCC/ARM_CM3/port.o
                0x0800822c                vPortExitCritical
 .text.PendSV_Handler
                0x08008280       0x48 ./Middlewares/Third_Party/FreeRTOS/Source/portable/GCC/ARM_CM3/port.o
                0x08008280                PendSV_Handler
 .text.xPortSysTickHandler
                0x080082c8       0x44 ./Middlewares/Third_Party/FreeRTOS/Source/portable/GCC/ARM_CM3/port.o
                0x080082c8                xPortSysTickHandler
 .text.vPortSetupTimerInterrupt
                0x0800830c       0x44 ./Middlewares/Third_Party/FreeRTOS/Source/portable/GCC/ARM_CM3/port.o
                0x0800830c                vPortSetupTimerInterrupt
 .text.vPortValidateInterruptPriority
                0x08008350       0x80 ./Middlewares/Third_Party/FreeRTOS/Source/portable/GCC/ARM_CM3/port.o
                0x08008350                vPortValidateInterruptPriority
 .text.pvPortMalloc
                0x080083d0      0x19c ./Middlewares/Third_Party/FreeRTOS/Source/portable/MemMang/heap_4.o
                0x080083d0                pvPortMalloc
 .text.vPortFree
                0x0800856c       0xc8 ./Middlewares/Third_Party/FreeRTOS/Source/portable/MemMang/heap_4.o
                0x0800856c                vPortFree
 .text.prvHeapInit
                0x08008634       0xc4 ./Middlewares/Third_Party/FreeRTOS/Source/portable/MemMang/heap_4.o
 .text.prvInsertBlockIntoFreeList
                0x080086f8       0xb0 ./Middlewares/Third_Party/FreeRTOS/Source/portable/MemMang/heap_4.o
 .text.memset   0x080087a8       0x10 /home/vinothkannan/st/stm32cubeide_1.19.0/plugins/com.st.stm32cube.ide.mcu.externaltools.gnu-tools-for-stm32.13.3.rel1.linux64_1.0.0.202410170706/tools/bin/../lib/gcc/arm-none-eabi/13.3.1/../../../../arm-none-eabi/lib/thumb/v7-m/nofp/libc_nano.a(libc_a-memset.o)
                0x080087a8                memset
 .text._reclaim_reent
                0x080087b8       0xbc /home/vinothkannan/st/stm32cubeide_1.19.0/plugins/com.st.stm32cube.ide.mcu.externaltools.gnu-tools-for-stm32.13.3.rel1.linux64_1.0.0.202410170706/tools/bin/../lib/gcc/arm-none-eabi/13.3.1/../../../../arm-none-eabi/lib/thumb/v7-m/nofp/libc_nano.a(libc_a-reent.o)
                0x080087b8                _reclaim_reent
 .text.__libc_init_array
                0x08008874       0x48 /home/vinothkannan/st/stm32cubeide_1.19.0/plugins/com.st.stm32cube.ide.mcu.externaltools.gnu-tools-for-stm32.13.3.rel1.linux64_1.0.0.202410170706/tools/bin/../lib/gcc/arm-none-eabi/13.3.1/../../../../arm-none-eabi/lib/thumb/v7-m/nofp/libc_nano.a(libc_a-init.o)
                0x08008874                __libc_init_array
 .text.__retarget_lock_acquire_recursive
                0x080088bc        0x2 /home/vinothkannan/st/stm32cubeide_1.19.0/plugins/com.st.stm32cube.ide.mcu.externaltools.gnu-tools-for-stm32.13.3.rel1.linux64_1.0.0.202410170706/tools/bin/../lib/gcc/arm-none-eabi/13.3.1/../../../../arm-none-eabi/lib/thumb/v7-m/nofp/libc_nano.a(libc_a-lock.o)
                0x080088bc                __retarget_lock_acquire_recursive
 .text.__retarget_lock_release_recursive
                0x080088be        0x2 /home/vinothkannan/st/stm32cubeide_1.19.0/plugins/com.st.stm32cube.ide.mcu.externaltools.gnu-tools-for-stm32.13.3.rel1.linux64_1.0.0.202410170706/tools/bin/../lib/gcc/arm-none-eabi/13.3.1/../../../../arm-none-eabi/lib/thumb/v7-m/nofp/libc_nano.a(libc_a-lock.o)
                0x080088be                __retarget_lock_release_recursive
 .text.memcpy   0x080088c0       0x1c /home/vinothkannan/st/stm32cubeide_1.19.0/plugins/com.st.stm32cube.ide.mcu.externaltools.gnu-tools-for-stm32.13.3.rel1.linux64_1.0.0.202410170706/tools/bin/../lib/gcc/arm-none-eabi/13.3.1/../../../../arm-none-eabi/lib/thumb/v7-m/nofp/libc_nano.a(libc_a-memcpy-stub.o)
                0x080088c0                memcpy
 .text._free_r  0x080088dc       0x90 /home/vinothkannan/st/stm32cubeide_1.19.0/plugins/com.st.stm32cube.ide.mcu.externaltools.gnu-tools-for-stm32.13.3.rel1.linux64_1.0.0.202410170706/tools/bin/../lib/gcc/arm-none-eabi/13.3.1/../../../../arm-none-eabi/lib/thumb/v7-m/nofp/libc_nano.a(libc_a-freer.o)
                0x080088dc                _free_r
 .text.__malloc_lock
                0x0800896c        0xc /home/vinothkannan/st/stm32cubeide_1.19.0/plugins/com.st.stm32cube.ide.mcu.externaltools.gnu-tools-for-stm32.13.3.rel1.linux64_1.0.0.202410170706/tools/bin/../lib/gcc/arm-none-eabi/13.3.1/../../../../arm-none-eabi/lib/thumb/v7-m/nofp/libc_nano.a(libc_a-mlock.o)
                0x0800896c                __malloc_lock
 .text.__malloc_unlock
                0x08008978        0xc /home/vinothkannan/st/stm32cubeide_1.19.0/plugins/com.st.stm32cube.ide.mcu.externaltools.gnu-tools-for-stm32.13.3.rel1.linux64_1.0.0.202410170706/tools/bin/../lib/gcc/arm-none-eabi/13.3.1/../../../../arm-none-eabi/lib/thumb/v7-m/nofp/libc_nano.a(libc_a-mlock.o)
                0x08008978                __malloc_unlock
 *(.glue_7)
 .glue_7        0x08008984        0x0 linker stubs
 *(.glue_7t)
 .glue_7t       0x08008984        0x0 linker stubs
 *(.eh_frame)
 .eh_frame      0x08008984        0x0 /home/vinothkannan/st/stm32cubeide_1.19.0/plugins/com.st.stm32cube.ide.mcu.externaltools.gnu-tools-for-stm32.13.3.rel1.linux64_1.0.0.202410170706/tools/bin/../lib/gcc/arm-none-eabi/13.3.1/thumb/v7-m/nofp/crtbegin.o
 *(.init)
 .init          0x08008984        0x4 /home/vinothkannan/st/stm32cubeide_1.19.0/plugins/com.st.stm32cube.ide.mcu.externaltools.gnu-tools-for-stm32.13.3.rel1.linux64_1.0.0.202410170706/tools/bin/../lib/gcc/arm-none-eabi/13.3.1/thumb/v7-m/nofp/crti.o
                0x08008984                _init
 .init          0x08008988        0x8 /home/vinothkannan/st/stm32cubeide_1.19.0/plugins/com.st.stm32cube.ide.mcu.externaltools.gnu-tools-for-stm32.13.3.rel1.linux64_1.0.0.202410170706/tools/bin/../lib/gcc/arm-none-eabi/13.3.1/thumb/v7-m/nofp/crtn.o
 *(.fini)
 .fini          0x08008990        0x4 /home/vinothkannan/st/stm32cubeide_1.19.0/plugins/com.st.stm32cube.ide.mcu.externaltools.gnu-tools-for-stm32.13.3.rel1.linux64_1.0.0.202410170706/tools/bin/../lib/gcc/arm-none-eabi/13.3.1/thumb/v7-m/nofp/crti.o
                0x08008990                _fini
 .fini          0x08008994        0x8 /home/vinothkannan/st/stm32cubeide_1.19.0/plugins/com.st.stm32cube.ide.mcu.externaltools.gnu-tools-for-stm32.13.3.rel1.linux64_1.0.0.202410170706/tools/bin/../lib/gcc/arm-none-eabi/13.3.1/thumb/v7-m/nofp/crtn.o
                0x0800899c                        . = ALIGN (0x4)
                0x0800899c                        _etext = .

.vfp11_veneer   0x0800899c        0x0
 .vfp11_veneer  0x0800899c        0x0 linker stubs

.v4_bx          0x0800899c        0x0
 .v4_bx         0x0800899c        0x0 linker stubs

.iplt           0x0800899c        0x0
 .iplt          0x0800899c        0x0 /home/vinothkannan/st/stm32cubeide_1.19.0/plugins/com.st.stm32cube.ide.mcu.externaltools.gnu-tools-for-stm32.13.3.rel1.linux64_1.0.0.202410170706/tools/bin/../lib/gcc/arm-none-eabi/13.3.1/thumb/v7-m/nofp/crtbegin.o

.rodata         0x0800899c      0x120
                0x0800899c                        . = ALIGN (0x4)
 *(.rodata)
 .rodata        0x0800899c       0x42 ./Core/Src/main.o
 *fill*         0x080089de        0x2 
 .rodata        0x080089e0        0x5 ./Middlewares/Third_Party/FreeRTOS/Source/tasks.o
 *fill*         0x080089e5        0x3 
 .rodata        0x080089e8        0xd ./Middlewares/Third_Party/FreeRTOS/Source/timers.o
 *(.rodata*)
 *fill*         0x080089f5        0x3 
 .rodata.Read_Sensors_attributes
                0x080089f8       0x24 ./Core/Src/main.o
                0x080089f8                Read_Sensors_attributes
 .rodata.CANRX_Data_Proc_attributes
                0x08008a1c       0x24 ./Core/Src/main.o
                0x08008a1c                CANRX_Data_Proc_attributes
 .rodata.Decision_Making_attributes
                0x08008a40       0x24 ./Core/Src/main.o
                0x08008a40                Decision_Making_attributes
 .rodata.CAN1RX_Data_Queue_attributes
                0x08008a64       0x18 ./Core/Src/main.o
                0x08008a64                CAN1RX_Data_Queue_attributes
 .rodata.AHBPrescTable
                0x08008a7c       0x10 ./Core/Src/system_stm32f1xx.o
                0x08008a7c                AHBPrescTable
 .rodata.APBPrescTable
                0x08008a8c        0x8 ./Core/Src/system_stm32f1xx.o
                0x08008a8c                APBPrescTable
 .rodata.aPLLMULFactorTable.1
                0x08008a94       0x10 ./Drivers/STM32F1xx_HAL_Driver/Src/stm32f1xx_hal_rcc.o
 .rodata.aPredivFactorTable.0
                0x08008aa4        0x2 ./Drivers/STM32F1xx_HAL_Driver/Src/stm32f1xx_hal_rcc.o
 *fill*         0x08008aa6        0x2 
 .rodata.aPLLMULFactorTable.1
                0x08008aa8       0x10 ./Drivers/STM32F1xx_HAL_Driver/Src/stm32f1xx_hal_rcc_ex.o
 .rodata.aPredivFactorTable.0
                0x08008ab8        0x2 ./Drivers/STM32F1xx_HAL_Driver/Src/stm32f1xx_hal_rcc_ex.o
                0x08008abc                        . = ALIGN (0x4)
 *fill*         0x08008aba        0x2 

.ARM.extab      0x08008abc        0x0
                0x08008abc                        . = ALIGN (0x4)
 *(.ARM.extab* .gnu.linkonce.armextab.*)
                0x08008abc                        . = ALIGN (0x4)

.ARM            0x08008abc        0x0
                0x08008abc                        . = ALIGN (0x4)
                0x08008abc                        __exidx_start = .
 *(.ARM.exidx*)
                0x08008abc                        __exidx_end = .
                0x08008abc                        . = ALIGN (0x4)

.preinit_array  0x08008abc        0x0
                0x08008abc                        . = ALIGN (0x4)
                0x08008abc                        PROVIDE (__preinit_array_start = .)
 *(.preinit_array*)
                0x08008abc                        PROVIDE (__preinit_array_end = .)
                0x08008abc                        . = ALIGN (0x4)

.init_array     0x08008abc        0x4
                0x08008abc                        . = ALIGN (0x4)
                0x08008abc                        PROVIDE (__init_array_start = .)
 *(SORT_BY_NAME(.init_array.*))
 *(.init_array*)
 .init_array    0x08008abc        0x4 /home/vinothkannan/st/stm32cubeide_1.19.0/plugins/com.st.stm32cube.ide.mcu.externaltools.gnu-tools-for-stm32.13.3.rel1.linux64_1.0.0.202410170706/tools/bin/../lib/gcc/arm-none-eabi/13.3.1/thumb/v7-m/nofp/crtbegin.o
                0x08008ac0                        PROVIDE (__init_array_end = .)
                0x08008ac0                        . = ALIGN (0x4)

.fini_array     0x08008ac0        0x4
                0x08008ac0                        . = ALIGN (0x4)
                [!provide]                        PROVIDE (__fini_array_start = .)
 *(SORT_BY_NAME(.fini_array.*))
 *(.fini_array*)
 .fini_array    0x08008ac0        0x4 /home/vinothkannan/st/stm32cubeide_1.19.0/plugins/com.st.stm32cube.ide.mcu.externaltools.gnu-tools-for-stm32.13.3.rel1.linux64_1.0.0.202410170706/tools/bin/../lib/gcc/arm-none-eabi/13.3.1/thumb/v7-m/nofp/crtbegin.o
                [!provide]                        PROVIDE (__fini_array_end = .)
                0x08008ac4                        . = ALIGN (0x4)
                0x08008ac4                        _sidata = LOADADDR (.data)

.rel.dyn        0x08008ac4        0x0
 .rel.iplt      0x08008ac4        0x0 /home/vinothkannan/st/stm32cubeide_1.19.0/plugins/com.st.stm32cube.ide.mcu.externaltools.gnu-tools-for-stm32.13.3.rel1.linux64_1.0.0.202410170706/tools/bin/../lib/gcc/arm-none-eabi/13.3.1/thumb/v7-m/nofp/crtbegin.o

.data           0x20000000       0x64 load address 0x08008ac4
                0x20000000                        . = ALIGN (0x4)
                0x20000000                        _sdata = .
 *(.data)
 *(.data*)
 .data.AutoUnhitch_PWM_DC_Percentage
                0x20000000        0x1 ./Core/Src/main.o
                0x20000000                AutoUnhitch_PWM_DC_Percentage
 *fill*         0x20000001        0x3 
 .data.SystemCoreClock
                0x20000004        0x4 ./Core/Src/system_stm32f1xx.o
                0x20000004                SystemCoreClock
 .data.uwTickPrio
                0x20000008        0x4 ./Drivers/STM32F1xx_HAL_Driver/Src/stm32f1xx_hal.o
                0x20000008                uwTickPrio
 .data.uwTickFreq
                0x2000000c        0x1 ./Drivers/STM32F1xx_HAL_Driver/Src/stm32f1xx_hal.o
                0x2000000c                uwTickFreq
 *fill*         0x2000000d        0x3 
 .data.uxCriticalNesting
                0x20000010        0x4 ./Middlewares/Third_Party/FreeRTOS/Source/portable/GCC/ARM_CM3/port.o
 .data._impure_ptr
                0x20000014        0x4 /home/vinothkannan/st/stm32cubeide_1.19.0/plugins/com.st.stm32cube.ide.mcu.externaltools.gnu-tools-for-stm32.13.3.rel1.linux64_1.0.0.202410170706/tools/bin/../lib/gcc/arm-none-eabi/13.3.1/../../../../arm-none-eabi/lib/thumb/v7-m/nofp/libc_nano.a(libc_a-impure.o)
                0x20000014                _impure_ptr
 .data._impure_data
                0x20000018       0x4c /home/vinothkannan/st/stm32cubeide_1.19.0/plugins/com.st.stm32cube.ide.mcu.externaltools.gnu-tools-for-stm32.13.3.rel1.linux64_1.0.0.202410170706/tools/bin/../lib/gcc/arm-none-eabi/13.3.1/../../../../arm-none-eabi/lib/thumb/v7-m/nofp/libc_nano.a(libc_a-impure.o)
                0x20000018                _impure_data
 *(.RamFunc)
 *(.RamFunc*)
                0x20000064                        . = ALIGN (0x4)
                0x20000064                        _edata = .

.igot.plt       0x20000064        0x0 load address 0x08008b28
 .igot.plt      0x20000064        0x0 /home/vinothkannan/st/stm32cubeide_1.19.0/plugins/com.st.stm32cube.ide.mcu.externaltools.gnu-tools-for-stm32.13.3.rel1.linux64_1.0.0.202410170706/tools/bin/../lib/gcc/arm-none-eabi/13.3.1/thumb/v7-m/nofp/crtbegin.o
                0x20000064                        . = ALIGN (0x4)

.bss            0x20000064     0x1d04 load address 0x08008b28
                0x20000064                        _sbss = .
                0x20000064                        __bss_start__ = _sbss
 *(.bss)
 .bss           0x20000064       0x1c /home/vinothkannan/st/stm32cubeide_1.19.0/plugins/com.st.stm32cube.ide.mcu.externaltools.gnu-tools-for-stm32.13.3.rel1.linux64_1.0.0.202410170706/tools/bin/../lib/gcc/arm-none-eabi/13.3.1/thumb/v7-m/nofp/crtbegin.o
 *(.bss*)
 .bss.aa        0x20000080        0x1 ./Core/Src/main.o
                0x20000080                aa
 .bss.bb        0x20000081        0x1 ./Core/Src/main.o
                0x20000081                bb
 .bss.cc        0x20000082        0x1 ./Core/Src/main.o
                0x20000082                cc
 *fill*         0x20000083        0x1 
 .bss.ADC_VAL   0x20000084       0x10 ./Core/Src/main.o
                0x20000084                ADC_VAL
 .bss.CAN1RX_Header
                0x20000094       0x1c ./Core/Src/main.o
                0x20000094                CAN1RX_Header
 .bss.CAN1_Queue_TX
                0x200000b0        0xc ./Core/Src/main.o
                0x200000b0                CAN1_Queue_TX
 .bss.CAN1RX_DATA
                0x200000bc        0x8 ./Core/Src/main.o
                0x200000bc                CAN1RX_DATA
 .bss.CAN1TX_DATA
                0x200000c4        0x8 ./Core/Src/main.o
                0x200000c4                CAN1TX_DATA
 .bss.CAN1RX_ID_Queue
                0x200000cc        0x4 ./Core/Src/main.o
                0x200000cc                CAN1RX_ID_Queue
 .bss.CAN1RX_IDE_DATA
                0x200000d0        0x4 ./Core/Src/main.o
                0x200000d0                CAN1RX_IDE_DATA
 .bss.CAN1RX_Std_ID_DATA
                0x200000d4        0x4 ./Core/Src/main.o
                0x200000d4                CAN1RX_Std_ID_DATA
 .bss.CAN1RX_Ext_ID_DATA
                0x200000d8        0x4 ./Core/Src/main.o
                0x200000d8                CAN1RX_Ext_ID_DATA
 .bss.DIGITAL_SENSE1
                0x200000dc        0x1 ./Core/Src/main.o
                0x200000dc                DIGITAL_SENSE1
 .bss.DIGITAL_SENSE2
                0x200000dd        0x1 ./Core/Src/main.o
                0x200000dd                DIGITAL_SENSE2
 .bss.nFAULT    0x200000de        0x1 ./Core/Src/main.o
                0x200000de                nFAULT
 *fill*         0x200000df        0x1 
 .bss.Duty_Cycle1
                0x200000e0        0x4 ./Core/Src/main.o
                0x200000e0                Duty_Cycle1
 .bss.ISEN_Error
                0x200000e4        0x1 ./Core/Src/main.o
                0x200000e4                ISEN_Error
 .bss.ISEN_200ms_Timeout
                0x200000e5        0x1 ./Core/Src/main.o
                0x200000e5                ISEN_200ms_Timeout
 *fill*         0x200000e6        0x2 
 .bss.ISEN_Current
                0x200000e8        0x4 ./Core/Src/main.o
                0x200000e8                ISEN_Current
 .bss.CANTX_ISEN
                0x200000ec        0x4 ./Core/Src/main.o
                0x200000ec                CANTX_ISEN
 .bss.VSEN_24V  0x200000f0        0x4 ./Core/Src/main.o
                0x200000f0                VSEN_24V
 .bss.CANTX_VSEN_24V
                0x200000f4        0x4 ./Core/Src/main.o
                0x200000f4                CANTX_VSEN_24V
 .bss.DIR_AUTOUNHITCH
                0x200000f8        0x1 ./Core/Src/main.o
                0x200000f8                DIR_AUTOUNHITCH
 *fill*         0x200000f9        0x3 
 .bss.hadc1     0x200000fc       0x30 ./Core/Src/main.o
                0x200000fc                hadc1
 .bss.hcan      0x2000012c       0x28 ./Core/Src/main.o
                0x2000012c                hcan
 .bss.htim1     0x20000154       0x48 ./Core/Src/main.o
                0x20000154                htim1
 .bss.htim3     0x2000019c       0x48 ./Core/Src/main.o
                0x2000019c                htim3
 .bss.Read_SensorsHandle
                0x200001e4        0x4 ./Core/Src/main.o
                0x200001e4                Read_SensorsHandle
 .bss.CANRX_Data_ProcHandle
                0x200001e8        0x4 ./Core/Src/main.o
                0x200001e8                CANRX_Data_ProcHandle
 .bss.Decision_MakingHandle
                0x200001ec        0x4 ./Core/Src/main.o
                0x200001ec                Decision_MakingHandle
 .bss.CAN1RX_Data_QueueHandle
                0x200001f0        0x4 ./Core/Src/main.o
                0x200001f0                CAN1RX_Data_QueueHandle
 .bss.htim4     0x200001f4       0x48 ./Core/Src/stm32f1xx_hal_timebase_tim.o
                0x200001f4                htim4
 .bss.uwTick    0x2000023c        0x4 ./Drivers/STM32F1xx_HAL_Driver/Src/stm32f1xx_hal.o
                0x2000023c                uwTick
 .bss.KernelState
                0x20000240        0x4 ./Middlewares/Third_Party/FreeRTOS/Source/CMSIS_RTOS_V2/cmsis_os2.o
 .bss.Idle_TCB.3
                0x20000244       0xa8 ./Middlewares/Third_Party/FreeRTOS/Source/CMSIS_RTOS_V2/cmsis_os2.o
 .bss.Idle_Stack.2
                0x200002ec      0x200 ./Middlewares/Third_Party/FreeRTOS/Source/CMSIS_RTOS_V2/cmsis_os2.o
 .bss.Timer_TCB.1
                0x200004ec       0xa8 ./Middlewares/Third_Party/FreeRTOS/Source/CMSIS_RTOS_V2/cmsis_os2.o
 .bss.Timer_Stack.0
                0x20000594      0x400 ./Middlewares/Third_Party/FreeRTOS/Source/CMSIS_RTOS_V2/cmsis_os2.o
 .bss.xQueueRegistry
                0x20000994       0x40 ./Middlewares/Third_Party/FreeRTOS/Source/queue.o
                0x20000994                xQueueRegistry
 .bss.pxCurrentTCB
                0x200009d4        0x4 ./Middlewares/Third_Party/FreeRTOS/Source/tasks.o
                0x200009d4                pxCurrentTCB
 .bss.pxReadyTasksLists
                0x200009d8      0x460 ./Middlewares/Third_Party/FreeRTOS/Source/tasks.o
 .bss.xDelayedTaskList1
                0x20000e38       0x14 ./Middlewares/Third_Party/FreeRTOS/Source/tasks.o
 .bss.xDelayedTaskList2
                0x20000e4c       0x14 ./Middlewares/Third_Party/FreeRTOS/Source/tasks.o
 .bss.pxDelayedTaskList
                0x20000e60        0x4 ./Middlewares/Third_Party/FreeRTOS/Source/tasks.o
 .bss.pxOverflowDelayedTaskList
                0x20000e64        0x4 ./Middlewares/Third_Party/FreeRTOS/Source/tasks.o
 .bss.xPendingReadyList
                0x20000e68       0x14 ./Middlewares/Third_Party/FreeRTOS/Source/tasks.o
 .bss.xTasksWaitingTermination
                0x20000e7c       0x14 ./Middlewares/Third_Party/FreeRTOS/Source/tasks.o
 .bss.uxDeletedTasksWaitingCleanUp
                0x20000e90        0x4 ./Middlewares/Third_Party/FreeRTOS/Source/tasks.o
 .bss.xSuspendedTaskList
                0x20000e94       0x14 ./Middlewares/Third_Party/FreeRTOS/Source/tasks.o
 .bss.uxCurrentNumberOfTasks
                0x20000ea8        0x4 ./Middlewares/Third_Party/FreeRTOS/Source/tasks.o
 .bss.xTickCount
                0x20000eac        0x4 ./Middlewares/Third_Party/FreeRTOS/Source/tasks.o
 .bss.uxTopReadyPriority
                0x20000eb0        0x4 ./Middlewares/Third_Party/FreeRTOS/Source/tasks.o
 .bss.xSchedulerRunning
                0x20000eb4        0x4 ./Middlewares/Third_Party/FreeRTOS/Source/tasks.o
 .bss.xPendedTicks
                0x20000eb8        0x4 ./Middlewares/Third_Party/FreeRTOS/Source/tasks.o
 .bss.xYieldPending
                0x20000ebc        0x4 ./Middlewares/Third_Party/FreeRTOS/Source/tasks.o
 .bss.xNumOfOverflows
                0x20000ec0        0x4 ./Middlewares/Third_Party/FreeRTOS/Source/tasks.o
 .bss.uxTaskNumber
                0x20000ec4        0x4 ./Middlewares/Third_Party/FreeRTOS/Source/tasks.o
 .bss.xNextTaskUnblockTime
                0x20000ec8        0x4 ./Middlewares/Third_Party/FreeRTOS/Source/tasks.o
 .bss.xIdleTaskHandle
                0x20000ecc        0x4 ./Middlewares/Third_Party/FreeRTOS/Source/tasks.o
 .bss.uxSchedulerSuspended
                0x20000ed0        0x4 ./Middlewares/Third_Party/FreeRTOS/Source/tasks.o
 .bss.xActiveTimerList1
                0x20000ed4       0x14 ./Middlewares/Third_Party/FreeRTOS/Source/timers.o
 .bss.xActiveTimerList2
                0x20000ee8       0x14 ./Middlewares/Third_Party/FreeRTOS/Source/timers.o
 .bss.pxCurrentTimerList
                0x20000efc        0x4 ./Middlewares/Third_Party/FreeRTOS/Source/timers.o
 .bss.pxOverflowTimerList
                0x20000f00        0x4 ./Middlewares/Third_Party/FreeRTOS/Source/timers.o
 .bss.xTimerQueue
                0x20000f04        0x4 ./Middlewares/Third_Party/FreeRTOS/Source/timers.o
 .bss.xTimerTaskHandle
                0x20000f08        0x4 ./Middlewares/Third_Party/FreeRTOS/Source/timers.o
 .bss.xLastTime.2
                0x20000f0c        0x4 ./Middlewares/Third_Party/FreeRTOS/Source/timers.o
 .bss.ucStaticTimerQueueStorage.1
                0x20000f10       0xa0 ./Middlewares/Third_Party/FreeRTOS/Source/timers.o
 .bss.xStaticTimerQueue.0
                0x20000fb0       0x50 ./Middlewares/Third_Party/FreeRTOS/Source/timers.o
 .bss.ucMaxSysCallPriority
                0x20001000        0x1 ./Middlewares/Third_Party/FreeRTOS/Source/portable/GCC/ARM_CM3/port.o
 *fill*         0x20001001        0x3 
 .bss.ulMaxPRIGROUPValue
                0x20001004        0x4 ./Middlewares/Third_Party/FreeRTOS/Source/portable/GCC/ARM_CM3/port.o
 .bss.ucHeap    0x20001008      0xc00 ./Middlewares/Third_Party/FreeRTOS/Source/portable/MemMang/heap_4.o
 .bss.xStart    0x20001c08        0x8 ./Middlewares/Third_Party/FreeRTOS/Source/portable/MemMang/heap_4.o
 .bss.pxEnd     0x20001c10        0x4 ./Middlewares/Third_Party/FreeRTOS/Source/portable/MemMang/heap_4.o
 .bss.xFreeBytesRemaining
                0x20001c14        0x4 ./Middlewares/Third_Party/FreeRTOS/Source/portable/MemMang/heap_4.o
 .bss.xMinimumEverFreeBytesRemaining
                0x20001c18        0x4 ./Middlewares/Third_Party/FreeRTOS/Source/portable/MemMang/heap_4.o
 .bss.xNumberOfSuccessfulAllocations
                0x20001c1c        0x4 ./Middlewares/Third_Party/FreeRTOS/Source/portable/MemMang/heap_4.o
 .bss.xNumberOfSuccessfulFrees
                0x20001c20        0x4 ./Middlewares/Third_Party/FreeRTOS/Source/portable/MemMang/heap_4.o
 .bss.xBlockAllocatedBit
                0x20001c24        0x4 ./Middlewares/Third_Party/FreeRTOS/Source/portable/MemMang/heap_4.o
 .bss.__sf      0x20001c28      0x138 /home/vinothkannan/st/stm32cubeide_1.19.0/plugins/com.st.stm32cube.ide.mcu.externaltools.gnu-tools-for-stm32.13.3.rel1.linux64_1.0.0.202410170706/tools/bin/../lib/gcc/arm-none-eabi/13.3.1/../../../../arm-none-eabi/lib/thumb/v7-m/nofp/libc_nano.a(libc_a-findfp.o)
                0x20001c28                __sf
 .bss.__lock___malloc_recursive_mutex
                0x20001d60        0x1 /home/vinothkannan/st/stm32cubeide_1.19.0/plugins/com.st.stm32cube.ide.mcu.externaltools.gnu-tools-for-stm32.13.3.rel1.linux64_1.0.0.202410170706/tools/bin/../lib/gcc/arm-none-eabi/13.3.1/../../../../arm-none-eabi/lib/thumb/v7-m/nofp/libc_nano.a(libc_a-lock.o)
                0x20001d60                __lock___malloc_recursive_mutex
 *fill*         0x20001d61        0x3 
 .bss.__malloc_free_list
                0x20001d64        0x4 /home/vinothkannan/st/stm32cubeide_1.19.0/plugins/com.st.stm32cube.ide.mcu.externaltools.gnu-tools-for-stm32.13.3.rel1.linux64_1.0.0.202410170706/tools/bin/../lib/gcc/arm-none-eabi/13.3.1/../../../../arm-none-eabi/lib/thumb/v7-m/nofp/libc_nano.a(libc_a-mallocr.o)
                0x20001d64                __malloc_free_list
 *(COMMON)
                0x20001d68                        . = ALIGN (0x4)
                0x20001d68                        _ebss = .
                0x20001d68                        __bss_end__ = _ebss

._user_heap_stack
                0x20001d68      0x600 load address 0x08008b28
                0x20001d68                        . = ALIGN (0x8)
                [!provide]                        PROVIDE (end = .)
                0x20001d68                        PROVIDE (_end = .)
                0x20001f68                        . = (. + _Min_Heap_Size)
 *fill*         0x20001d68      0x200 
                0x20002368                        . = (. + _Min_Stack_Size)
 *fill*         0x20001f68      0x400 
                0x20002368                        . = ALIGN (0x8)

/DISCARD/
 libc.a(*)
 libm.a(*)
 libgcc.a(*)

.ARM.attributes
                0x00000000       0x29
 *(.ARM.attributes)
 .ARM.attributes
                0x00000000       0x1d /home/vinothkannan/st/stm32cubeide_1.19.0/plugins/com.st.stm32cube.ide.mcu.externaltools.gnu-tools-for-stm32.13.3.rel1.linux64_1.0.0.202410170706/tools/bin/../lib/gcc/arm-none-eabi/13.3.1/thumb/v7-m/nofp/crti.o
 .ARM.attributes
                0x0000001d       0x2d /home/vinothkannan/st/stm32cubeide_1.19.0/plugins/com.st.stm32cube.ide.mcu.externaltools.gnu-tools-for-stm32.13.3.rel1.linux64_1.0.0.202410170706/tools/bin/../lib/gcc/arm-none-eabi/13.3.1/thumb/v7-m/nofp/crtbegin.o
 .ARM.attributes
                0x0000004a       0x2d ./Core/Src/ADC_Readings.o
 .ARM.attributes
                0x00000077       0x2d ./Core/Src/main.o
 .ARM.attributes
                0x000000a4       0x2d ./Core/Src/stm32f1xx_hal_msp.o
 .ARM.attributes
                0x000000d1       0x2d ./Core/Src/stm32f1xx_hal_timebase_tim.o
 .ARM.attributes
                0x000000fe       0x2d ./Core/Src/stm32f1xx_it.o
 .ARM.attributes
                0x0000012b       0x2d ./Core/Src/system_stm32f1xx.o
 .ARM.attributes
                0x00000158       0x21 ./Core/Startup/startup_stm32f103c8tx.o
 .ARM.attributes
                0x00000179       0x2d ./Drivers/STM32F1xx_HAL_Driver/Src/stm32f1xx_hal.o
 .ARM.attributes
                0x000001a6       0x2d ./Drivers/STM32F1xx_HAL_Driver/Src/stm32f1xx_hal_adc.o
 .ARM.attributes
                0x000001d3       0x2d ./Drivers/STM32F1xx_HAL_Driver/Src/stm32f1xx_hal_can.o
 .ARM.attributes
                0x00000200       0x2d ./Drivers/STM32F1xx_HAL_Driver/Src/stm32f1xx_hal_cortex.o
 .ARM.attributes
                0x0000022d       0x2d ./Drivers/STM32F1xx_HAL_Driver/Src/stm32f1xx_hal_gpio.o
 .ARM.attributes
                0x0000025a       0x2d ./Drivers/STM32F1xx_HAL_Driver/Src/stm32f1xx_hal_rcc.o
 .ARM.attributes
                0x00000287       0x2d ./Drivers/STM32F1xx_HAL_Driver/Src/stm32f1xx_hal_rcc_ex.o
 .ARM.attributes
                0x000002b4       0x2d ./Drivers/STM32F1xx_HAL_Driver/Src/stm32f1xx_hal_tim.o
 .ARM.attributes
                0x000002e1       0x2d ./Drivers/STM32F1xx_HAL_Driver/Src/stm32f1xx_hal_tim_ex.o
 .ARM.attributes
                0x0000030e       0x2d ./Middlewares/Third_Party/FreeRTOS/Source/CMSIS_RTOS_V2/cmsis_os2.o
 .ARM.attributes
                0x0000033b       0x2d ./Middlewares/Third_Party/FreeRTOS/Source/list.o
 .ARM.attributes
                0x00000368       0x2d ./Middlewares/Third_Party/FreeRTOS/Source/queue.o
 .ARM.attributes
                0x00000395       0x2d ./Middlewares/Third_Party/FreeRTOS/Source/tasks.o
 .ARM.attributes
                0x000003c2       0x2d ./Middlewares/Third_Party/FreeRTOS/Source/timers.o
 .ARM.attributes
                0x000003ef       0x2d ./Middlewares/Third_Party/FreeRTOS/Source/portable/GCC/ARM_CM3/port.o
 .ARM.attributes
                0x0000041c       0x2d ./Middlewares/Third_Party/FreeRTOS/Source/portable/MemMang/heap_4.o
 .ARM.attributes
                0x00000449       0x2d /home/vinothkannan/st/stm32cubeide_1.19.0/plugins/com.st.stm32cube.ide.mcu.externaltools.gnu-tools-for-stm32.13.3.rel1.linux64_1.0.0.202410170706/tools/bin/../lib/gcc/arm-none-eabi/13.3.1/../../../../arm-none-eabi/lib/thumb/v7-m/nofp/libc_nano.a(libc_a-findfp.o)
 .ARM.attributes
                0x00000476       0x2d /home/vinothkannan/st/stm32cubeide_1.19.0/plugins/com.st.stm32cube.ide.mcu.externaltools.gnu-tools-for-stm32.13.3.rel1.linux64_1.0.0.202410170706/tools/bin/../lib/gcc/arm-none-eabi/13.3.1/../../../../arm-none-eabi/lib/thumb/v7-m/nofp/libc_nano.a(libc_a-memset.o)
 .ARM.attributes
                0x000004a3       0x2d /home/vinothkannan/st/stm32cubeide_1.19.0/plugins/com.st.stm32cube.ide.mcu.externaltools.gnu-tools-for-stm32.13.3.rel1.linux64_1.0.0.202410170706/tools/bin/../lib/gcc/arm-none-eabi/13.3.1/../../../../arm-none-eabi/lib/thumb/v7-m/nofp/libc_nano.a(libc_a-reent.o)
 .ARM.attributes
                0x000004d0       0x2d /home/vinothkannan/st/stm32cubeide_1.19.0/plugins/com.st.stm32cube.ide.mcu.externaltools.gnu-tools-for-stm32.13.3.rel1.linux64_1.0.0.202410170706/tools/bin/../lib/gcc/arm-none-eabi/13.3.1/../../../../arm-none-eabi/lib/thumb/v7-m/nofp/libc_nano.a(libc_a-impure.o)
 .ARM.attributes
                0x000004fd       0x2d /home/vinothkannan/st/stm32cubeide_1.19.0/plugins/com.st.stm32cube.ide.mcu.externaltools.gnu-tools-for-stm32.13.3.rel1.linux64_1.0.0.202410170706/tools/bin/../lib/gcc/arm-none-eabi/13.3.1/../../../../arm-none-eabi/lib/thumb/v7-m/nofp/libc_nano.a(libc_a-init.o)
 .ARM.attributes
                0x0000052a       0x2d /home/vinothkannan/st/stm32cubeide_1.19.0/plugins/com.st.stm32cube.ide.mcu.externaltools.gnu-tools-for-stm32.13.3.rel1.linux64_1.0.0.202410170706/tools/bin/../lib/gcc/arm-none-eabi/13.3.1/../../../../arm-none-eabi/lib/thumb/v7-m/nofp/libc_nano.a(libc_a-lock.o)
 .ARM.attributes
                0x00000557       0x2d /home/vinothkannan/st/stm32cubeide_1.19.0/plugins/com.st.stm32cube.ide.mcu.externaltools.gnu-tools-for-stm32.13.3.rel1.linux64_1.0.0.202410170706/tools/bin/../lib/gcc/arm-none-eabi/13.3.1/../../../../arm-none-eabi/lib/thumb/v7-m/nofp/libc_nano.a(libc_a-memcpy-stub.o)
 .ARM.attributes
                0x00000584       0x2d /home/vinothkannan/st/stm32cubeide_1.19.0/plugins/com.st.stm32cube.ide.mcu.externaltools.gnu-tools-for-stm32.13.3.rel1.linux64_1.0.0.202410170706/tools/bin/../lib/gcc/arm-none-eabi/13.3.1/../../../../arm-none-eabi/lib/thumb/v7-m/nofp/libc_nano.a(libc_a-freer.o)
 .ARM.attributes
                0x000005b1       0x2d /home/vinothkannan/st/stm32cubeide_1.19.0/plugins/com.st.stm32cube.ide.mcu.externaltools.gnu-tools-for-stm32.13.3.rel1.linux64_1.0.0.202410170706/tools/bin/../lib/gcc/arm-none-eabi/13.3.1/../../../../arm-none-eabi/lib/thumb/v7-m/nofp/libc_nano.a(libc_a-mallocr.o)
 .ARM.attributes
                0x000005de       0x2d /home/vinothkannan/st/stm32cubeide_1.19.0/plugins/com.st.stm32cube.ide.mcu.externaltools.gnu-tools-for-stm32.13.3.rel1.linux64_1.0.0.202410170706/tools/bin/../lib/gcc/arm-none-eabi/13.3.1/../../../../arm-none-eabi/lib/thumb/v7-m/nofp/libc_nano.a(libc_a-mlock.o)
 .ARM.attributes
                0x0000060b       0x1d /home/vinothkannan/st/stm32cubeide_1.19.0/plugins/com.st.stm32cube.ide.mcu.externaltools.gnu-tools-for-stm32.13.3.rel1.linux64_1.0.0.202410170706/tools/bin/../lib/gcc/arm-none-eabi/13.3.1/thumb/v7-m/nofp/libgcc.a(_arm_muldf3.o)
 .ARM.attributes
                0x00000628       0x1d /home/vinothkannan/st/stm32cubeide_1.19.0/plugins/com.st.stm32cube.ide.mcu.externaltools.gnu-tools-for-stm32.13.3.rel1.linux64_1.0.0.202410170706/tools/bin/../lib/gcc/arm-none-eabi/13.3.1/thumb/v7-m/nofp/libgcc.a(_arm_addsubdf3.o)
 .ARM.attributes
                0x00000645       0x1d /home/vinothkannan/st/stm32cubeide_1.19.0/plugins/com.st.stm32cube.ide.mcu.externaltools.gnu-tools-for-stm32.13.3.rel1.linux64_1.0.0.202410170706/tools/bin/../lib/gcc/arm-none-eabi/13.3.1/thumb/v7-m/nofp/libgcc.a(_arm_cmpdf2.o)
 .ARM.attributes
                0x00000662       0x1d /home/vinothkannan/st/stm32cubeide_1.19.0/plugins/com.st.stm32cube.ide.mcu.externaltools.gnu-tools-for-stm32.13.3.rel1.linux64_1.0.0.202410170706/tools/bin/../lib/gcc/arm-none-eabi/13.3.1/thumb/v7-m/nofp/libgcc.a(_arm_truncdfsf2.o)
 .ARM.attributes
                0x0000067f       0x1d /home/vinothkannan/st/stm32cubeide_1.19.0/plugins/com.st.stm32cube.ide.mcu.externaltools.gnu-tools-for-stm32.13.3.rel1.linux64_1.0.0.202410170706/tools/bin/../lib/gcc/arm-none-eabi/13.3.1/thumb/v7-m/nofp/libgcc.a(_arm_addsubsf3.o)
 .ARM.attributes
                0x0000069c       0x1d /home/vinothkannan/st/stm32cubeide_1.19.0/plugins/com.st.stm32cube.ide.mcu.externaltools.gnu-tools-for-stm32.13.3.rel1.linux64_1.0.0.202410170706/tools/bin/../lib/gcc/arm-none-eabi/13.3.1/thumb/v7-m/nofp/libgcc.a(_arm_muldivsf3.o)
 .ARM.attributes
                0x000006b9       0x1d /home/vinothkannan/st/stm32cubeide_1.19.0/plugins/com.st.stm32cube.ide.mcu.externaltools.gnu-tools-for-stm32.13.3.rel1.linux64_1.0.0.202410170706/tools/bin/../lib/gcc/arm-none-eabi/13.3.1/thumb/v7-m/nofp/libgcc.a(_arm_cmpsf2.o)
 .ARM.attributes
                0x000006d6       0x1d /home/vinothkannan/st/stm32cubeide_1.19.0/plugins/com.st.stm32cube.ide.mcu.externaltools.gnu-tools-for-stm32.13.3.rel1.linux64_1.0.0.202410170706/tools/bin/../lib/gcc/arm-none-eabi/13.3.1/thumb/v7-m/nofp/libgcc.a(_arm_fixunssfsi.o)
 .ARM.attributes
                0x000006f3       0x1d /home/vinothkannan/st/stm32cubeide_1.19.0/plugins/com.st.stm32cube.ide.mcu.externaltools.gnu-tools-for-stm32.13.3.rel1.linux64_1.0.0.202410170706/tools/bin/../lib/gcc/arm-none-eabi/13.3.1/thumb/v7-m/nofp/crtn.o
OUTPUT(AutoUnhitch_STM32F103C8T6.elf elf32-littlearm)
LOAD linker stubs
LOAD /home/vinothkannan/st/stm32cubeide_1.19.0/plugins/com.st.stm32cube.ide.mcu.externaltools.gnu-tools-for-stm32.13.3.rel1.linux64_1.0.0.202410170706/tools/bin/../lib/gcc/arm-none-eabi/13.3.1/../../../../arm-none-eabi/lib/thumb/v7-m/nofp/libc.a
LOAD /home/vinothkannan/st/stm32cubeide_1.19.0/plugins/com.st.stm32cube.ide.mcu.externaltools.gnu-tools-for-stm32.13.3.rel1.linux64_1.0.0.202410170706/tools/bin/../lib/gcc/arm-none-eabi/13.3.1/../../../../arm-none-eabi/lib/thumb/v7-m/nofp/libm.a
LOAD /home/vinothkannan/st/stm32cubeide_1.19.0/plugins/com.st.stm32cube.ide.mcu.externaltools.gnu-tools-for-stm32.13.3.rel1.linux64_1.0.0.202410170706/tools/bin/../lib/gcc/arm-none-eabi/13.3.1/thumb/v7-m/nofp/libgcc.a

.debug_info     0x00000000    0x17803
 .debug_info    0x00000000      0x735 ./Core/Src/ADC_Readings.o
 .debug_info    0x00000735     0x20e0 ./Core/Src/main.o
 .debug_info    0x00002815     0x11cf ./Core/Src/stm32f1xx_hal_msp.o
 .debug_info    0x000039e4      0x9a8 ./Core/Src/stm32f1xx_hal_timebase_tim.o
 .debug_info    0x0000438c      0xa35 ./Core/Src/stm32f1xx_it.o
 .debug_info    0x00004dc1      0x222 ./Core/Src/system_stm32f1xx.o
 .debug_info    0x00004fe3       0x30 ./Core/Startup/startup_stm32f103c8tx.o
 .debug_info    0x00005013      0x704 ./Drivers/STM32F1xx_HAL_Driver/Src/stm32f1xx_hal.o
 .debug_info    0x00005717      0xc50 ./Drivers/STM32F1xx_HAL_Driver/Src/stm32f1xx_hal_adc.o
 .debug_info    0x00006367      0xf13 ./Drivers/STM32F1xx_HAL_Driver/Src/stm32f1xx_hal_can.o
 .debug_info    0x0000727a      0xa87 ./Drivers/STM32F1xx_HAL_Driver/Src/stm32f1xx_hal_cortex.o
 .debug_info    0x00007d01      0x5ab ./Drivers/STM32F1xx_HAL_Driver/Src/stm32f1xx_hal_gpio.o
 .debug_info    0x000082ac      0x7d5 ./Drivers/STM32F1xx_HAL_Driver/Src/stm32f1xx_hal_rcc.o
 .debug_info    0x00008a81      0x3c0 ./Drivers/STM32F1xx_HAL_Driver/Src/stm32f1xx_hal_rcc_ex.o
 .debug_info    0x00008e41     0x2959 ./Drivers/STM32F1xx_HAL_Driver/Src/stm32f1xx_hal_tim.o
 .debug_info    0x0000b79a     0x149b ./Drivers/STM32F1xx_HAL_Driver/Src/stm32f1xx_hal_tim_ex.o
 .debug_info    0x0000cc35     0x402c ./Middlewares/Third_Party/FreeRTOS/Source/CMSIS_RTOS_V2/cmsis_os2.o
 .debug_info    0x00010c61      0x2af ./Middlewares/Third_Party/FreeRTOS/Source/list.o
 .debug_info    0x00010f10     0x1b79 ./Middlewares/Third_Party/FreeRTOS/Source/queue.o
 .debug_info    0x00012a89     0x28c1 ./Middlewares/Third_Party/FreeRTOS/Source/tasks.o
 .debug_info    0x0001534a     0x1b50 ./Middlewares/Third_Party/FreeRTOS/Source/timers.o
 .debug_info    0x00016e9a      0x494 ./Middlewares/Third_Party/FreeRTOS/Source/portable/GCC/ARM_CM3/port.o
 .debug_info    0x0001732e      0x4d5 ./Middlewares/Third_Party/FreeRTOS/Source/portable/MemMang/heap_4.o

.debug_abbrev   0x00000000     0x376c
 .debug_abbrev  0x00000000      0x1c8 ./Core/Src/ADC_Readings.o
 .debug_abbrev  0x000001c8      0x3df ./Core/Src/main.o
 .debug_abbrev  0x000005a7      0x291 ./Core/Src/stm32f1xx_hal_msp.o
 .debug_abbrev  0x00000838      0x1f3 ./Core/Src/stm32f1xx_hal_timebase_tim.o
 .debug_abbrev  0x00000a2b      0x1d8 ./Core/Src/stm32f1xx_it.o
 .debug_abbrev  0x00000c03      0x13f ./Core/Src/system_stm32f1xx.o
 .debug_abbrev  0x00000d42       0x24 ./Core/Startup/startup_stm32f103c8tx.o
 .debug_abbrev  0x00000d66      0x201 ./Drivers/STM32F1xx_HAL_Driver/Src/stm32f1xx_hal.o
 .debug_abbrev  0x00000f67      0x225 ./Drivers/STM32F1xx_HAL_Driver/Src/stm32f1xx_hal_adc.o
 .debug_abbrev  0x0000118c      0x21c ./Drivers/STM32F1xx_HAL_Driver/Src/stm32f1xx_hal_can.o
 .debug_abbrev  0x000013a8      0x2f8 ./Drivers/STM32F1xx_HAL_Driver/Src/stm32f1xx_hal_cortex.o
 .debug_abbrev  0x000016a0      0x1ca ./Drivers/STM32F1xx_HAL_Driver/Src/stm32f1xx_hal_gpio.o
 .debug_abbrev  0x0000186a      0x2b3 ./Drivers/STM32F1xx_HAL_Driver/Src/stm32f1xx_hal_rcc.o
 .debug_abbrev  0x00001b1d      0x188 ./Drivers/STM32F1xx_HAL_Driver/Src/stm32f1xx_hal_rcc_ex.o
 .debug_abbrev  0x00001ca5      0x277 ./Drivers/STM32F1xx_HAL_Driver/Src/stm32f1xx_hal_tim.o
 .debug_abbrev  0x00001f1c      0x282 ./Drivers/STM32F1xx_HAL_Driver/Src/stm32f1xx_hal_tim_ex.o
 .debug_abbrev  0x0000219e      0x548 ./Middlewares/Third_Party/FreeRTOS/Source/CMSIS_RTOS_V2/cmsis_os2.o
 .debug_abbrev  0x000026e6       0xf5 ./Middlewares/Third_Party/FreeRTOS/Source/list.o
 .debug_abbrev  0x000027db      0x3b6 ./Middlewares/Third_Party/FreeRTOS/Source/queue.o
 .debug_abbrev  0x00002b91      0x3fe ./Middlewares/Third_Party/FreeRTOS/Source/tasks.o
 .debug_abbrev  0x00002f8f      0x368 ./Middlewares/Third_Party/FreeRTOS/Source/timers.o
 .debug_abbrev  0x000032f7      0x258 ./Middlewares/Third_Party/FreeRTOS/Source/portable/GCC/ARM_CM3/port.o
 .debug_abbrev  0x0000354f      0x21d ./Middlewares/Third_Party/FreeRTOS/Source/portable/MemMang/heap_4.o

.debug_aranges  0x00000000     0x14a8
 .debug_aranges
                0x00000000       0x58 ./Core/Src/ADC_Readings.o
 .debug_aranges
                0x00000058       0xa8 ./Core/Src/main.o
 .debug_aranges
                0x00000100       0x68 ./Core/Src/stm32f1xx_hal_msp.o
 .debug_aranges
                0x00000168       0x30 ./Core/Src/stm32f1xx_hal_timebase_tim.o
 .debug_aranges
                0x00000198       0x58 ./Core/Src/stm32f1xx_it.o
 .debug_aranges
                0x000001f0       0x28 ./Core/Src/system_stm32f1xx.o
 .debug_aranges
                0x00000218       0x28 ./Core/Startup/startup_stm32f103c8tx.o
 .debug_aranges
                0x00000240       0xe0 ./Drivers/STM32F1xx_HAL_Driver/Src/stm32f1xx_hal.o
 .debug_aranges
                0x00000320       0xf0 ./Drivers/STM32F1xx_HAL_Driver/Src/stm32f1xx_hal_adc.o
 .debug_aranges
                0x00000410      0x138 ./Drivers/STM32F1xx_HAL_Driver/Src/stm32f1xx_hal_can.o
 .debug_aranges
                0x00000548      0x100 ./Drivers/STM32F1xx_HAL_Driver/Src/stm32f1xx_hal_cortex.o
 .debug_aranges
                0x00000648       0x58 ./Drivers/STM32F1xx_HAL_Driver/Src/stm32f1xx_hal_gpio.o
 .debug_aranges
                0x000006a0       0x90 ./Drivers/STM32F1xx_HAL_Driver/Src/stm32f1xx_hal_rcc.o
 .debug_aranges
                0x00000730       0x30 ./Drivers/STM32F1xx_HAL_Driver/Src/stm32f1xx_hal_rcc_ex.o
 .debug_aranges
                0x00000760      0x3d0 ./Drivers/STM32F1xx_HAL_Driver/Src/stm32f1xx_hal_tim.o
 .debug_aranges
                0x00000b30      0x168 ./Drivers/STM32F1xx_HAL_Driver/Src/stm32f1xx_hal_tim_ex.o
 .debug_aranges
                0x00000c98      0x2b0 ./Middlewares/Third_Party/FreeRTOS/Source/CMSIS_RTOS_V2/cmsis_os2.o
 .debug_aranges
                0x00000f48       0x40 ./Middlewares/Third_Party/FreeRTOS/Source/list.o
 .debug_aranges
                0x00000f88      0x158 ./Middlewares/Third_Party/FreeRTOS/Source/queue.o
 .debug_aranges
                0x000010e0      0x208 ./Middlewares/Third_Party/FreeRTOS/Source/tasks.o
 .debug_aranges
                0x000012e8       0xf0 ./Middlewares/Third_Party/FreeRTOS/Source/timers.o
 .debug_aranges
                0x000013d8       0x78 ./Middlewares/Third_Party/FreeRTOS/Source/portable/GCC/ARM_CM3/port.o
 .debug_aranges
                0x00001450       0x58 ./Middlewares/Third_Party/FreeRTOS/Source/portable/MemMang/heap_4.o

.debug_rnglists
                0x00000000      0xfe4
 .debug_rnglists
                0x00000000       0x3d ./Core/Src/ADC_Readings.o
 .debug_rnglists
                0x0000003d       0x84 ./Core/Src/main.o
 .debug_rnglists
                0x000000c1       0x4a ./Core/Src/stm32f1xx_hal_msp.o
 .debug_rnglists
                0x0000010b       0x20 ./Core/Src/stm32f1xx_hal_timebase_tim.o
 .debug_rnglists
                0x0000012b       0x3d ./Core/Src/stm32f1xx_it.o
 .debug_rnglists
                0x00000168       0x1a ./Core/Src/system_stm32f1xx.o
 .debug_rnglists
                0x00000182       0x19 ./Core/Startup/startup_stm32f103c8tx.o
 .debug_rnglists
                0x0000019b       0xa3 ./Drivers/STM32F1xx_HAL_Driver/Src/stm32f1xx_hal.o
 .debug_rnglists
                0x0000023e       0xbc ./Drivers/STM32F1xx_HAL_Driver/Src/stm32f1xx_hal_adc.o
 .debug_rnglists
                0x000002fa       0xed ./Drivers/STM32F1xx_HAL_Driver/Src/stm32f1xx_hal_can.o
 .debug_rnglists
                0x000003e7       0xbb ./Drivers/STM32F1xx_HAL_Driver/Src/stm32f1xx_hal_cortex.o
 .debug_rnglists
                0x000004a2       0x3f ./Drivers/STM32F1xx_HAL_Driver/Src/stm32f1xx_hal_gpio.o
 .debug_rnglists
                0x000004e1       0x6c ./Drivers/STM32F1xx_HAL_Driver/Src/stm32f1xx_hal_rcc.o
 .debug_rnglists
                0x0000054d       0x21 ./Drivers/STM32F1xx_HAL_Driver/Src/stm32f1xx_hal_rcc_ex.o
 .debug_rnglists
                0x0000056e      0x31a ./Drivers/STM32F1xx_HAL_Driver/Src/stm32f1xx_hal_tim.o
 .debug_rnglists
                0x00000888      0x125 ./Drivers/STM32F1xx_HAL_Driver/Src/stm32f1xx_hal_tim_ex.o
 .debug_rnglists
                0x000009ad      0x212 ./Middlewares/Third_Party/FreeRTOS/Source/CMSIS_RTOS_V2/cmsis_os2.o
 .debug_rnglists
                0x00000bbf       0x2b ./Middlewares/Third_Party/FreeRTOS/Source/list.o
 .debug_rnglists
                0x00000bea      0x109 ./Middlewares/Third_Party/FreeRTOS/Source/queue.o
 .debug_rnglists
                0x00000cf3      0x1a0 ./Middlewares/Third_Party/FreeRTOS/Source/tasks.o
 .debug_rnglists
                0x00000e93       0xb8 ./Middlewares/Third_Party/FreeRTOS/Source/timers.o
 .debug_rnglists
                0x00000f4b       0x57 ./Middlewares/Third_Party/FreeRTOS/Source/portable/GCC/ARM_CM3/port.o
 .debug_rnglists
                0x00000fa2       0x42 ./Middlewares/Third_Party/FreeRTOS/Source/portable/MemMang/heap_4.o

.debug_macro    0x00000000    0x19306
 .debug_macro   0x00000000      0x1ca ./Core/Src/ADC_Readings.o
 .debug_macro   0x000001ca      0xacc ./Core/Src/ADC_Readings.o
 .debug_macro   0x00000c96      0x221 ./Core/Src/ADC_Readings.o
 .debug_macro   0x00000eb7       0x2e ./Core/Src/ADC_Readings.o
 .debug_macro   0x00000ee5       0x22 ./Core/Src/ADC_Readings.o
 .debug_macro   0x00000f07       0x22 ./Core/Src/ADC_Readings.o
 .debug_macro   0x00000f29       0x8e ./Core/Src/ADC_Readings.o
 .debug_macro   0x00000fb7       0x51 ./Core/Src/ADC_Readings.o
 .debug_macro   0x00001008      0x103 ./Core/Src/ADC_Readings.o
 .debug_macro   0x0000110b       0x6a ./Core/Src/ADC_Readings.o
 .debug_macro   0x00001175      0x1df ./Core/Src/ADC_Readings.o
 .debug_macro   0x00001354       0x1c ./Core/Src/ADC_Readings.o
 .debug_macro   0x00001370       0x22 ./Core/Src/ADC_Readings.o
 .debug_macro   0x00001392       0xbd ./Core/Src/ADC_Readings.o
 .debug_macro   0x0000144f      0xd23 ./Core/Src/ADC_Readings.o
 .debug_macro   0x00002172     0xe09e ./Core/Src/ADC_Readings.o
 .debug_macro   0x00010210       0x6d ./Core/Src/ADC_Readings.o
 .debug_macro   0x0001027d     0x34a2 ./Core/Src/ADC_Readings.o
 .debug_macro   0x0001371f      0x190 ./Core/Src/ADC_Readings.o
 .debug_macro   0x000138af       0x5c ./Core/Src/ADC_Readings.o
 .debug_macro   0x0001390b      0x5bc ./Core/Src/ADC_Readings.o
 .debug_macro   0x00013ec7      0x289 ./Core/Src/ADC_Readings.o
 .debug_macro   0x00014150      0x1cb ./Core/Src/ADC_Readings.o
 .debug_macro   0x0001431b      0x114 ./Core/Src/ADC_Readings.o
 .debug_macro   0x0001442f      0x1b2 ./Core/Src/ADC_Readings.o
 .debug_macro   0x000145e1       0x27 ./Core/Src/ADC_Readings.o
 .debug_macro   0x00014608      0x136 ./Core/Src/ADC_Readings.o
 .debug_macro   0x0001473e      0x1bc ./Core/Src/ADC_Readings.o
 .debug_macro   0x000148fa       0x34 ./Core/Src/ADC_Readings.o
 .debug_macro   0x0001492e       0x3c ./Core/Src/ADC_Readings.o
 .debug_macro   0x0001496a      0x408 ./Core/Src/ADC_Readings.o
 .debug_macro   0x00014d72       0x57 ./Core/Src/ADC_Readings.o
 .debug_macro   0x00014dc9      0x46a ./Core/Src/ADC_Readings.o
 .debug_macro   0x00015233      0x1b5 ./Core/Src/ADC_Readings.o
 .debug_macro   0x000153e8       0x87 ./Core/Src/ADC_Readings.o
 .debug_macro   0x0001546f      0x240 ./Core/Src/ADC_Readings.o
 .debug_macro   0x000156af      0x140 ./Core/Src/ADC_Readings.o
 .debug_macro   0x000157ef      0x8ed ./Core/Src/ADC_Readings.o
 .debug_macro   0x000160dc       0x83 ./Core/Src/ADC_Readings.o
 .debug_macro   0x0001615f       0x10 ./Core/Src/ADC_Readings.o
 .debug_macro   0x0001616f      0x316 ./Core/Src/main.o