Archive member included to satisfy reference by file (symbol)

/home/vinothkannan/st/stm32cubeide_1.19.0/plugins/com.st.stm32cube.ide.mcu.externaltools.gnu-tools-for-stm32.13.3.rel1.linux64_1.0.0.202410170706/tools/bin/../lib/gcc/arm-none-eabi/13.3.1/../../../../arm-none-eabi/lib/thumb/v7-m/nofp/libc_nano.a(libc_a-exit.o)
                              /home/vinothkannan/st/stm32cubeide_1.19.0/plugins/com.st.stm32cube.ide.mcu.externaltools.gnu-tools-for-stm32.13.3.rel1.linux64_1.0.0.202410170706/tools/bin/../lib/gcc/arm-none-eabi/13.3.1/../../../../arm-none-eabi/lib/thumb/v7-m/nofp/crt0.o (exit)
/home/vinothkannan/st/stm32cubeide_1.19.0/plugins/com.st.stm32cube.ide.mcu.externaltools.gnu-tools-for-stm32.13.3.rel1.linux64_1.0.0.202410170706/tools/bin/../lib/gcc/arm-none-eabi/13.3.1/../../../../arm-none-eabi/lib/thumb/v7-m/nofp/libc_nano.a(libc_a-findfp.o)
                              ./Middlewares/Third_Party/FreeRTOS/Source/tasks.o (__sf)
/home/vinothkannan/st/stm32cubeide_1.19.0/plugins/com.st.stm32cube.ide.mcu.externaltools.gnu-tools-for-stm32.13.3.rel1.linux64_1.0.0.202410170706/tools/bin/../lib/gcc/arm-none-eabi/13.3.1/../../../../arm-none-eabi/lib/thumb/v7-m/nofp/libc_nano.a(libc_a-fwalk.o)
                              /home/vinothkannan/st/stm32cubeide_1.19.0/plugins/com.st.stm32cube.ide.mcu.externaltools.gnu-tools-for-stm32.13.3.rel1.linux64_1.0.0.202410170706/tools/bin/../lib/gcc/arm-none-eabi/13.3.1/../../../../arm-none-eabi/lib/thumb/v7-m/nofp/libc_nano.a(libc_a-findfp.o) (_fwalk_sglue)
/home/vinothkannan/st/stm32cubeide_1.19.0/plugins/com.st.stm32cube.ide.mcu.externaltools.gnu-tools-for-stm32.13.3.rel1.linux64_1.0.0.202410170706/tools/bin/../lib/gcc/arm-none-eabi/13.3.1/../../../../arm-none-eabi/lib/thumb/v7-m/nofp/libc_nano.a(libc_a-stdio.o)
                              /home/vinothkannan/st/stm32cubeide_1.19.0/plugins/com.st.stm32cube.ide.mcu.externaltools.gnu-tools-for-stm32.13.3.rel1.linux64_1.0.0.202410170706/tools/bin/../lib/gcc/arm-none-eabi/13.3.1/../../../../arm-none-eabi/lib/thumb/v7-m/nofp/libc_nano.a(libc_a-findfp.o) (__sread)
/home/vinothkannan/st/stm32cubeide_1.19.0/plugins/com.st.stm32cube.ide.mcu.externaltools.gnu-tools-for-stm32.13.3.rel1.linux64_1.0.0.202410170706/tools/bin/../lib/gcc/arm-none-eabi/13.3.1/../../../../arm-none-eabi/lib/thumb/v7-m/nofp/libc_nano.a(libc_a-memset.o)
                              /home/vinothkannan/st/stm32cubeide_1.19.0/plugins/com.st.stm32cube.ide.mcu.externaltools.gnu-tools-for-stm32.13.3.rel1.linux64_1.0.0.202410170706/tools/bin/../lib/gcc/arm-none-eabi/13.3.1/../../../../arm-none-eabi/lib/thumb/v7-m/nofp/crt0.o (memset)
/home/vinothkannan/st/stm32cubeide_1.19.0/plugins/com.st.stm32cube.ide.mcu.externaltools.gnu-tools-for-stm32.13.3.rel1.linux64_1.0.0.202410170706/tools/bin/../lib/gcc/arm-none-eabi/13.3.1/../../../../arm-none-eabi/lib/thumb/v7-m/nofp/libc_nano.a(libc_a-closer.o)
                              /home/vinothkannan/st/stm32cubeide_1.19.0/plugins/com.st.stm32cube.ide.mcu.externaltools.gnu-tools-for-stm32.13.3.rel1.linux64_1.0.0.202410170706/tools/bin/../lib/gcc/arm-none-eabi/13.3.1/../../../../arm-none-eabi/lib/thumb/v7-m/nofp/libc_nano.a(libc_a-stdio.o) (_close_r)
/home/vinothkannan/st/stm32cubeide_1.19.0/plugins/com.st.stm32cube.ide.mcu.externaltools.gnu-tools-for-stm32.13.3.rel1.linux64_1.0.0.202410170706/tools/bin/../lib/gcc/arm-none-eabi/13.3.1/../../../../arm-none-eabi/lib/thumb/v7-m/nofp/libc_nano.a(libc_a-reent.o)
                              ./Middlewares/Third_Party/FreeRTOS/Source/tasks.o (_reclaim_reent)
/home/vinothkannan/st/stm32cubeide_1.19.0/plugins/com.st.stm32cube.ide.mcu.externaltools.gnu-tools-for-stm32.13.3.rel1.linux64_1.0.0.202410170706/tools/bin/../lib/gcc/arm-none-eabi/13.3.1/../../../../arm-none-eabi/lib/thumb/v7-m/nofp/libc_nano.a(libc_a-impure.o)
                              ./Middlewares/Third_Party/FreeRTOS/Source/tasks.o (_impure_ptr)
/home/vinothkannan/st/stm32cubeide_1.19.0/plugins/com.st.stm32cube.ide.mcu.externaltools.gnu-tools-for-stm32.13.3.rel1.linux64_1.0.0.202410170706/tools/bin/../lib/gcc/arm-none-eabi/13.3.1/../../../../arm-none-eabi/lib/thumb/v7-m/nofp/libc_nano.a(libc_a-lseekr.o)
                              /home/vinothkannan/st/stm32cubeide_1.19.0/plugins/com.st.stm32cube.ide.mcu.externaltools.gnu-tools-for-stm32.13.3.rel1.linux64_1.0.0.202410170706/tools/bin/../lib/gcc/arm-none-eabi/13.3.1/../../../../arm-none-eabi/lib/thumb/v7-m/nofp/libc_nano.a(libc_a-stdio.o) (_lseek_r)
/home/vinothkannan/st/stm32cubeide_1.19.0/plugins/com.st.stm32cube.ide.mcu.externaltools.gnu-tools-for-stm32.13.3.rel1.linux64_1.0.0.202410170706/tools/bin/../lib/gcc/arm-none-eabi/13.3.1/../../../../arm-none-eabi/lib/thumb/v7-m/nofp/libc_nano.a(libc_a-readr.o)
[...]
Memory Configuration

Name             Origin             Length             Attributes
RAM              0x20000000         0x00005000         xrw
FLASH            0x08000000         0x00010000         xr
*default*        0x00000000         0xffffffff

Linker script and memory map

LOAD /home/vinothkannan/st/stm32cubeide_1.19.0/plugins/com.st.stm32cube.ide.mcu.externaltools.gnu-tools-for-stm32.13.3.rel1.linux64_1.0.0.202410170706/tools/bin/../lib/gcc/arm-none-eabi/13.3.1/thumb/v7-m/nofp/crti.o
LOAD /home/vinothkannan/st/stm32cubeide_1.19.0/plugins/com.st.stm32cube.ide.mcu.externaltools.gnu-tools-for-stm32.13.3.rel1.linux64_1.0.0.202410170706/tools/bin/../lib/gcc/arm-none-eabi/13.3.1/thumb/v7-m/nofp/crtbegin.o
LOAD /home/vinothkannan/st/stm32cubeide_1.19.0/plugins/com.st.stm32cube.ide.mcu.externaltools.gnu-tools-for-stm32.13.3.rel1.linux64_1.0.0.202410170706/tools/bin/../lib/gcc/arm-none-eabi/13.3.1/../../../../arm-none-eabi/lib/thumb/v7-m/nofp/crt0.o
LOAD ./Core/Src/ADC_Readings.o
LOAD ./Core/Src/freertos.o
LOAD ./Core/Src/main.o
LOAD ./Core/Src/stm32f1xx_hal_msp.o
LOAD ./Core/Src/stm32f1xx_hal_timebase_tim.o
LOAD ./Core/Src/stm32f1xx_it.o
LOAD ./Core/Src/syscalls.o
LOAD ./Core/Src/sysmem.o
LOAD ./Core/Src/system_stm32f1xx.o
LOAD ./Core/Startup/startup_stm32f103c8tx.o
LOAD ./Drivers/STM32F1xx_HAL_Driver/Src/stm32f1xx_hal.o
LOAD ./Drivers/STM32F1xx_HAL_Driver/Src/stm32f1xx_hal_adc.o
LOAD ./Drivers/STM32F1xx_HAL_Driver/Src/stm32f1xx_hal_adc_ex.o
LOAD ./Drivers/STM32F1xx_HAL_Driver/Src/stm32f1xx_hal_can.o
LOAD ./Drivers/STM32F1xx_HAL_Driver/Src/stm32f1xx_hal_cortex.o
LOAD ./Drivers/STM32F1xx_HAL_Driver/Src/stm32f1xx_hal_dma.o
LOAD ./Drivers/STM32F1xx_HAL_Driver/Src/stm32f1xx_hal_exti.o
LOAD ./Drivers/STM32F1xx_HAL_Driver/Src/stm32f1xx_hal_flash.o
LOAD ./Drivers/STM32F1xx_HAL_Driver/Src/stm32f1xx_hal_flash_ex.o
LOAD ./Drivers/STM32F1xx_HAL_Driver/Src/stm32f1xx_hal_gpio.o
LOAD ./Drivers/STM32F1xx_HAL_Driver/Src/stm32f1xx_hal_gpio_ex.o
LOAD ./Drivers/STM32F1xx_HAL_Driver/Src/stm32f1xx_hal_pwr.o
LOAD ./Drivers/STM32F1xx_HAL_Driver/Src/stm32f1xx_hal_rcc.o
LOAD ./Drivers/STM32F1xx_HAL_Driver/Src/stm32f1xx_hal_rcc_ex.o
LOAD ./Drivers/STM32F1xx_HAL_Driver/Src/stm32f1xx_hal_tim.o
LOAD ./Drivers/STM32F1xx_HAL_Driver/Src/stm32f1xx_hal_tim_ex.o
LOAD ./Middlewares/Third_Party/FreeRTOS/Source/CMSIS_RTOS_V2/cmsis_os2.o
LOAD ./Middlewares/Third_Party/FreeRTOS/Source/croutine.o
LOAD ./Middlewares/Third_Party/FreeRTOS/Source/event_groups.o
LOAD ./Middlewares/Third_Party/FreeRTOS/Source/list.o
LOAD ./Middlewares/Third_Party/FreeRTOS/Source/queue.o
LOAD ./Middlewares/Third_Party/FreeRTOS/Source/stream_buffer.o
LOAD ./Middlewares/Third_Party/FreeRTOS/Source/tasks.o
LOAD ./Middlewares/Third_Party/FreeRTOS/Source/timers.o
LOAD ./Middlewares/Third_Party/FreeRTOS/Source/portable/GCC/ARM_CM3/port.o
LOAD ./Middlewares/Third_Party/FreeRTOS/Source/portable/MemMang/heap_4.o
START GROUP
LOAD /home/vinothkannan/st/stm32cubeide_1.19.0/plugins/com.st.stm32cube.ide.mcu.externaltools.gnu-tools-for-stm32.13.3.rel1.linux64_1.0.0.202410170706/tools/bin/../lib/gcc/arm-none-eabi/13.3.1/../../../../arm-none-eabi/lib/thumb/v7-m/nofp/libc_nano.a
LOAD /home/vinothkannan/st/stm32cubeide_1.19.0/plugins/com.st.stm32cube.ide.mcu.externaltools.gnu-tools-for-stm32.13.3.rel1.linux64_1.0.0.202410170706/tools/bin/../lib/gcc/arm-none-eabi/13.3.1/../../../../arm-none-eabi/lib/thumb/v7-m/nofp/libm.a
END GROUP
START GROUP
LOAD /home/vinothkannan/st/stm32cubeide_1.19.0/plugins/com.st.stm32cube.ide.mcu.externaltools.gnu-tools-for-stm32.13.3.rel1.linux64_1.0.0.202410170706/tools/bin/../lib/gcc/arm-none-eabi/13.3.1/thumb/v7-m/nofp/libgcc.a
LOAD /home/vinothkannan/st/stm32cubeide_1.19.0/plugins/com.st.stm32cube.ide.mcu.externaltools.gnu-tools-for-stm32.13.3.rel1.linux64_1.0.0.202410170706/tools/bin/../lib/gcc/arm-none-eabi/13.3.1/../../../../arm-none-eabi/lib/thumb/v7-m/nofp/libc_nano.a
END GROUP
START GROUP
LOAD /home/vinothkannan/st/stm32cubeide_1.19.0/plugins/com.st.stm32cube.ide.mcu.externaltools.gnu-tools-for-stm32.13.3.rel1.linux64_1.0.0.202410170706/tools/bin/../lib/gcc/arm-none-eabi/13.3.1/thumb/v7-m/nofp/libgcc.a
LOAD /home/vinothkannan/st/stm32cubeide_1.19.0/plugins/com.st.stm32cube.ide.mcu.externaltools.gnu-tools-for-stm32.13.3.rel1.linux64_1.0.0.202410170706/tools/bin/../lib/gcc/arm-none-eabi/13.3.1/../../../../arm-none-eabi/lib/thumb/v7-m/nofp/libc_nano.a
LOAD /home/vinothkannan/st/stm32cubeide_1.19.0/plugins/com.st.stm32cube.ide.mcu.externaltools.gnu-tools-for-stm32.13.3.rel1.linux64_1.0.0.202410170706/tools/bin/../lib/gcc/arm-none-eabi/13.3.1/../../../../arm-none-eabi/lib/thumb/v7-m/nofp/libnosys.a
END GROUP
START GROUP
LOAD /home/vinothkannan/st/stm32cubeide_1.19.0/plugins/com.st.stm32cube.ide.mcu.externaltools.gnu-tools-for-stm32.13.3.rel1.linux64_1.0.0.202410170706/tools/bin/../lib/gcc/arm-none-eabi/13.3.1/thumb/v7-m/nofp/libgcc.a
LOAD /home/vinothkannan/st/stm32cubeide_1.19.0/plugins/com.st.stm32cube.ide.mcu.externaltools.gnu-tools-for-stm32.13.3.rel1.linux64_1.0.0.202410170706/tools/bin/../lib/gcc/arm-none-eabi/13.3.1/../../../../arm-none-eabi/lib/thumb/v7-m/nofp/libc_nano.a
LOAD /home/vinothkannan/st/stm32cubeide_1.19.0/plugins/com.st.stm32cube.ide.mcu.externaltools.gnu-tools-for-stm32.13.3.rel1.linux64_1.0.0.202410170706/tools/bin/../lib/gcc/arm-none-eabi/13.3.1/../../../../arm-none-eabi/lib/thumb/v7-m/nofp/libnosys.a
END GROUP
LOAD /home/vinothkannan/st/stm32cubeide_1.19.0/plugins/com.st.stm32cube.ide.mcu.externaltools.gnu-tools-for-stm32.13.3.rel1.linux64_1.0.0.202410170706/tools/bin/../lib/gcc/arm-none-eabi/13.3.1/thumb/v7-m/nofp/crtend.o
LOAD /home/vinothkannan/st/stm32cubeide_1.19.0/plugins/com.st.stm32cube.ide.mcu.externaltools.gnu-tools-for-stm32.13.3.rel1.linux64_1.0.0.202410170706/tools/bin/../lib/gcc/arm-none-eabi/13.3.1/thumb/v7-m/nofp/crtn.o
                0x20005000                        _estack = (ORIGIN (RAM) + LENGTH (RAM))
                0x00000200                        _Min_Heap_Size = 0x200
                0x00000400                        _Min_Stack_Size = 0x400

.isr_vector     0x08000000      0x10c
                0x08000000                        . = ALIGN (0x4)
 *(.isr_vector)
 .isr_vector    0x08000000      0x10c ./Core/Startup/startup_stm32f103c8tx.o
                0x08000000                g_pfnVectors
                0x0800010c                        . = ALIGN (0x4)

.text           0x08000110     0x88bc
                0x08000110                        . = ALIGN (0x4)
 *(.text)
 .text          0x08000110       0x40 /home/vinothkannan/st/stm32cubeide_1.19.0/plugins/com.st.stm32cube.ide.mcu.externaltools.gnu-tools-for-stm32.13.3.rel1.linux64_1.0.0.202410170706/tools/bin/../lib/gcc/arm-none-eabi/13.3.1/thumb/v7-m/nofp/crtbegin.o
 .text          0x08000150      0x254 /home/vinothkannan/st/stm32cubeide_1.19.0/plugins/com.st.stm32cube.ide.mcu.externaltools.gnu-tools-for-stm32.13.3.rel1.linux64_1.0.0.202410170706/tools/bin/../lib/gcc/arm-none-eabi/13.3.1/thumb/v7-m/nofp/libgcc.a(_arm_muldf3.o)
                0x08000150                __aeabi_dmul
                0x08000150                __muldf3
 .text          0x080003a4      0x378 /home/vinothkannan/st/stm32cubeide_1.19.0/plugins/com.st.stm32cube.ide.mcu.externaltools.gnu-tools-for-stm32.13.3.rel1.linux64_1.0.0.202410170706/tools/bin/../lib/gcc/arm-none-eabi/13.3.1/thumb/v7-m/nofp/libgcc.a(_arm_addsubdf3.o)
                0x080003a4                __aeabi_drsub
                0x080003ac                __aeabi_dsub
                0x080003ac                __subdf3
                0x080003b0                __adddf3
                0x080003b0                __aeabi_dadd
                0x08000628                __aeabi_ui2d
                0x08000628                __floatunsidf
                0x08000648                __floatsidf
                0x08000648                __aeabi_i2d
                0x0800066c                __extendsfdf2
                0x0800066c                __aeabi_f2d
                0x080006b0                __aeabi_ul2d
                0x080006b0                __floatundidf
                0x080006c0                __floatdidf
                0x080006c0                __aeabi_l2d
 .text          0x0800071c      0x110 /home/vinothkannan/st/stm32cubeide_1.19.0/plugins/com.st.stm32cube.ide.mcu.externaltools.gnu-tools-for-stm32.13.3.rel1.linux64_1.0.0.202410170706/tools/bin/../lib/gcc/arm-none-eabi/13.3.1/thumb/v7-m/nofp/libgcc.a(_arm_cmpdf2.o)
                0x0800071c                __gtdf2
                0x0800071c                __gedf2
                0x08000724                __ltdf2
                0x08000724                __ledf2
                0x0800072c                __cmpdf2
                0x0800072c                __eqdf2
                0x0800072c                __nedf2
                0x080007a8                __aeabi_cdrcmple
                0x080007b8                __aeabi_cdcmple
                0x080007b8                __aeabi_cdcmpeq
                0x080007c8                __aeabi_dcmpeq
                0x080007dc                __aeabi_dcmplt
                0x080007f0                __aeabi_dcmple
                0x08000804                __aeabi_dcmpge
                0x08000818                __aeabi_dcmpgt
 .text          0x0800082c       0xa0 /home/vinothkannan/st/stm32cubeide_1.19.0/plugins/com.st.stm32cube.ide.mcu.externaltools.gnu-tools-for-stm32.13.3.rel1.linux64_1.0.0.202410170706/tools/bin/../lib/gcc/arm-none-eabi/13.3.1/thumb/v7-m/nofp/libgcc.a(_arm_truncdfsf2.o)
                0x0800082c                __aeabi_d2f
                0x0800082c                __truncdfsf2
 .text          0x080008cc      0x21c /home/vinothkannan/st/stm32cubeide_1.19.0/plugins/com.st.stm32cube.ide.mcu.externaltools.gnu-tools-for-stm32.13.3.rel1.linux64_1.0.0.202410170706/tools/bin/../lib/gcc/arm-none-eabi/13.3.1/thumb/v7-m/nofp/libgcc.a(_arm_addsubsf3.o)
                0x080008cc                __aeabi_frsub
                0x080008d4                __subsf3
                0x080008d4                __aeabi_fsub
                0x080008d8                __aeabi_fadd
                0x080008d8                __addsf3
                0x08000a38                __aeabi_ui2f
                0x08000a38                __floatunsisf
                0x08000a40                __aeabi_i2f
                0x08000a40                __floatsisf
                0x08000a5c                __floatundisf
                0x08000a5c                __aeabi_ul2f
                0x08000a6c                __floatdisf
                0x08000a6c                __aeabi_l2f
 .text          0x08000ae8      0x2a0 /home/vinothkannan/st/stm32cubeide_1.19.0/plugins/com.st.stm32cube.ide.mcu.externaltools.gnu-tools-for-stm32.13.3.rel1.linux64_1.0.0.202410170706/tools/bin/../lib/gcc/arm-none-eabi/13.3.1/thumb/v7-m/nofp/libgcc.a(_arm_muldivsf3.o)
                0x08000ae8                __mulsf3
                0x08000ae8                __aeabi_fmul
                0x08000c50                __divsf3
                0x08000c50                __aeabi_fdiv
 .text          0x08000d88       0xec /home/vinothkannan/st/stm32cubeide_1.19.0/plugins/com.st.stm32cube.ide.mcu.externaltools.gnu-tools-for-stm32.13.3.rel1.linux64_1.0.0.202410170706/tools/bin/../lib/gcc/arm-none-eabi/13.3.1/thumb/v7-m/nofp/libgcc.a(_arm_cmpsf2.o)
                0x08000d88                __gtsf2
                0x08000d88                __gesf2
                0x08000d90                __lesf2
                0x08000d90                __ltsf2
                0x08000d98                __nesf2
                0x08000d98                __eqsf2
                0x08000d98                __cmpsf2
                0x08000df8                __aeabi_cfrcmple
                0x08000e00                __aeabi_cfcmple
                0x08000e00                __aeabi_cfcmpeq
                0x08000e10                __aeabi_fcmpeq
                0x08000e24                __aeabi_fcmplt
                0x08000e38                __aeabi_fcmple
                0x08000e4c                __aeabi_fcmpge
                0x08000e60                __aeabi_fcmpgt
 .text          0x08000e74       0x40 /home/vinothkannan/st/stm32cubeide_1.19.0/plugins/com.st.stm32cube.ide.mcu.externaltools.gnu-tools-for-stm32.13.3.rel1.linux64_1.0.0.202410170706/tools/bin/../lib/gcc/arm-none-eabi/13.3.1/thumb/v7-m/nofp/libgcc.a(_arm_fixunssfsi.o)
                0x08000e74                __aeabi_f2uiz
                0x08000e74                __fixunssfsi
 *(.text*)
 .text.ADC_Select_CH0
                0x08000eb4       0x3c ./Core/Src/ADC_Readings.o
                0x08000eb4                ADC_Select_CH0
 .text.ADC_Select_CH1
                0x08000ef0       0x3c ./Core/Src/ADC_Readings.o
                0x08000ef0                ADC_Select_CH1
 .text.ADC_Select_CH2
                0x08000f2c       0x3c ./Core/Src/ADC_Readings.o
                0x08000f2c                ADC_Select_CH2
 .text.ADC_Select_CH3
                0x08000f68       0x3c ./Core/Src/ADC_Readings.o
                0x08000f68                ADC_Select_CH3
 .text.ADC_Auto_Unhitch_Read
                0x08000fa4       0x3c ./Core/Src/ADC_Readings.o
                0x08000fa4                ADC_Auto_Unhitch_Read
 .text.ADC_Current_Sensor_1_Read
                0x08000fe0       0x48 ./Core/Src/ADC_Readings.o
                0x08000fe0                ADC_Current_Sensor_1_Read
 .text.ADC_Current_Sensor_2_Read
                0x08001028       0x4c ./Core/Src/ADC_Readings.o
                0x08001028                ADC_Current_Sensor_2_Read
 .text.ADC_24V_Read
                0x08001074       0x40 ./Core/Src/ADC_Readings.o
                0x08001074                ADC_24V_Read
 *fill*         0x080010b4        0x4 
 .text.Read_ISEN_Current
                0x080010b8       0x74 ./Core/Src/main.o
                0x080010b8                Read_ISEN_Current
 *fill*         0x0800112c        0x4 
 .text.Read_VSEN_24V
                0x08001130       0x70 ./Core/Src/main.o
                0x08001130                Read_VSEN_24V
 .text.Delay_Micro_Seconds
                0x080011a0       0x30 ./Core/Src/main.o
                0x080011a0                Delay_Micro_Seconds
 .text.CAN_TransmitMessage_Ext_ID
                0x080011d0       0x68 ./Core/Src/main.o
                0x080011d0                CAN_TransmitMessage_Ext_ID
 .text.HAL_CAN_RxFifo0MsgPendingCallback
                0x08001238      0x124 ./Core/Src/main.o
                0x08001238                HAL_CAN_RxFifo0MsgPendingCallback
 .text.main     0x0800135c      0x110 ./Core/Src/main.o
                0x0800135c                main
 .text.SystemClock_Config
                0x0800146c       0xb8 ./Core/Src/main.o
                0x0800146c                SystemClock_Config
 .text.MX_ADC1_Init
                0x08001524      0x110 ./Core/Src/main.o
 .text.MX_CAN_Init
                0x08001634       0x6c ./Core/Src/main.o
 .text.MX_TIM1_Init
                0x080016a0      0x108 ./Core/Src/main.o
 .text.MX_TIM3_Init
                0x080017a8       0x9c ./Core/Src/main.o
 .text.MX_GPIO_Init
                0x08001844      0x140 ./Core/Src/main.o
 *fill*         0x08001984        0x4 
 .text.Read_Sensors_Func
                0x08001988      0x288 ./Core/Src/main.o
                0x08001988                Read_Sensors_Func
 .text.CANRX_Data_Process_Func
                0x08001c10       0xb8 ./Core/Src/main.o
                0x08001c10                CANRX_Data_Process_Func
 .text.Decision_Making_Function
                0x08001cc8      0x134 ./Core/Src/main.o
                0x08001cc8                Decision_Making_Function
 .text.HAL_TIM_PeriodElapsedCallback
                0x08001dfc       0x24 ./Core/Src/main.o
                0x08001dfc                HAL_TIM_PeriodElapsedCallback
 .text.Error_Handler
                0x08001e20        0xc ./Core/Src/main.o
                0x08001e20                Error_Handler
 .text.HAL_MspInit
                0x08001e2c       0x70 ./Core/Src/stm32f1xx_hal_msp.o
                0x08001e2c                HAL_MspInit
 .text.HAL_ADC_MspInit
                0x08001e9c       0x78 ./Core/Src/stm32f1xx_hal_msp.o
                0x08001e9c                HAL_ADC_MspInit
 .text.HAL_CAN_MspInit
                0x08001f14       0xd0 ./Core/Src/stm32f1xx_hal_msp.o
                0x08001f14                HAL_CAN_MspInit
 .text.HAL_TIM_PWM_MspInit
                0x08001fe4       0x3c ./Core/Src/stm32f1xx_hal_msp.o
                0x08001fe4                HAL_TIM_PWM_MspInit
 .text.HAL_TIM_Base_MspInit
                0x08002020       0x3c ./Core/Src/stm32f1xx_hal_msp.o
                0x08002020                HAL_TIM_Base_MspInit
 .text.HAL_TIM_MspPostInit
                0x0800205c       0x68 ./Core/Src/stm32f1xx_hal_msp.o
                0x0800205c                HAL_TIM_MspPostInit
 .text.HAL_InitTick
                0x080020c4       0xfc ./Core/Src/stm32f1xx_hal_timebase_tim.o
                0x080020c4                HAL_InitTick
 .text.NMI_Handler
                0x080021c0        0x8 ./Core/Src/stm32f1xx_it.o
                0x080021c0                NMI_Handler
 .text.HardFault_Handler
                0x080021c8        0x8 ./Core/Src/stm32f1xx_it.o
                0x080021c8                HardFault_Handler
 .text.MemManage_Handler
                0x080021d0        0x8 ./Core/Src/stm32f1xx_it.o
                0x080021d0                MemManage_Handler
 .text.BusFault_Handler
                0x080021d8        0x8 ./Core/Src/stm32f1xx_it.o
                0x080021d8                BusFault_Handler
 .text.UsageFault_Handler
                0x080021e0        0x8 ./Core/Src/stm32f1xx_it.o
                0x080021e0                UsageFault_Handler
 .text.DebugMon_Handler
                0x080021e8        0xc ./Core/Src/stm32f1xx_it.o
                0x080021e8                DebugMon_Handler
 .text.USB_LP_CAN1_RX0_IRQHandler
                0x080021f4       0x14 ./Core/Src/stm32f1xx_it.o
                0x080021f4                USB_LP_CAN1_RX0_IRQHandler
 .text.TIM4_IRQHandler
                0x08002208       0x14 ./Core/Src/stm32f1xx_it.o
                0x08002208                TIM4_IRQHandler
 .text.SystemInit
                0x0800221c        0xc ./Core/Src/system_stm32f1xx.o
                0x0800221c                SystemInit
 .text.Reset_Handler
                0x08002228       0x48 ./Core/Startup/startup_stm32f103c8tx.o
                0x08002228                Reset_Handler
 .text.Default_Handler
                0x08002270        0x2 ./Core/Startup/startup_stm32f103c8tx.o
                0x08002270                RTC_Alarm_IRQHandler
                0x08002270                EXTI2_IRQHandler
                0x08002270                TIM1_CC_IRQHandler
                0x08002270                PVD_IRQHandler
                0x08002270                EXTI3_IRQHandler
                0x08002270                EXTI0_IRQHandler
                0x08002270                I2C2_EV_IRQHandler
                0x08002270                ADC1_2_IRQHandler
                0x08002270                SPI1_IRQHandler
                0x08002270                TAMPER_IRQHandler
                0x08002270                DMA1_Channel4_IRQHandler
                0x08002270                USART3_IRQHandler
                0x08002270                RTC_IRQHandler
                0x08002270                DMA1_Channel7_IRQHandler
                0x08002270                CAN1_RX1_IRQHandler
                0x08002270                I2C1_EV_IRQHandler
                0x08002270                DMA1_Channel6_IRQHandler
                0x08002270                TIM3_IRQHandler
                0x08002270                RCC_IRQHandler
                0x08002270                TIM1_TRG_COM_IRQHandler
                0x08002270                DMA1_Channel1_IRQHandler
                0x08002270                Default_Handler
                0x08002270                EXTI15_10_IRQHandler
                0x08002270                EXTI9_5_IRQHandler
                0x08002270                SPI2_IRQHandler
                0x08002270                DMA1_Channel5_IRQHandler
                0x08002270                EXTI4_IRQHandler
                0x08002270                USB_HP_CAN1_TX_IRQHandler
                0x08002270                DMA1_Channel3_IRQHandler
                0x08002270                TIM1_UP_IRQHandler
                0x08002270                WWDG_IRQHandler
                0x08002270                TIM2_IRQHandler
                0x08002270                TIM1_BRK_IRQHandler
                0x08002270                EXTI1_IRQHandler
                0x08002270                USART2_IRQHandler
                0x08002270                I2C2_ER_IRQHandler
                0x08002270                DMA1_Channel2_IRQHandler
                0x08002270                CAN1_SCE_IRQHandler
                0x08002270                FLASH_IRQHandler
                0x08002270                USART1_IRQHandler
                0x08002270                I2C1_ER_IRQHandler
                0x08002270                USBWakeUp_IRQHandler
 *fill*         0x08002272        0x2 
 .text.HAL_Init
                0x08002274       0x2c ./Drivers/STM32F1xx_HAL_Driver/Src/stm32f1xx_hal.o
                0x08002274                HAL_Init
 .text.HAL_IncTick
                0x080022a0       0x24 ./Drivers/STM32F1xx_HAL_Driver/Src/stm32f1xx_hal.o
                0x080022a0                HAL_IncTick
 .text.HAL_GetTick
                0x080022c4       0x14 ./Drivers/STM32F1xx_HAL_Driver/Src/stm32f1xx_hal.o
                0x080022c4                HAL_GetTick
 .text.HAL_Delay
                0x080022d8       0x48 ./Drivers/STM32F1xx_HAL_Driver/Src/stm32f1xx_hal.o
                0x080022d8                HAL_Delay
 .text.HAL_ADC_Init
                0x08002320      0x1b0 ./Drivers/STM32F1xx_HAL_Driver/Src/stm32f1xx_hal_adc.o
                0x08002320                HAL_ADC_Init
 .text.HAL_ADC_Start
                0x080024d0      0x15c ./Drivers/STM32F1xx_HAL_Driver/Src/stm32f1xx_hal_adc.o
                0x080024d0                HAL_ADC_Start
 .text.HAL_ADC_Stop
                0x0800262c       0x58 ./Drivers/STM32F1xx_HAL_Driver/Src/stm32f1xx_hal_adc.o
                0x0800262c                HAL_ADC_Stop
 .text.HAL_ADC_PollForConversion
                0x08002684      0x20c ./Drivers/STM32F1xx_HAL_Driver/Src/stm32f1xx_hal_adc.o
                0x08002684                HAL_ADC_PollForConversion
 .text.HAL_ADC_GetValue
                0x08002890       0x18 ./Drivers/STM32F1xx_HAL_Driver/Src/stm32f1xx_hal_adc.o
                0x08002890                HAL_ADC_GetValue
 .text.HAL_ADC_ConfigChannel
                0x080028a8      0x1f0 ./Drivers/STM32F1xx_HAL_Driver/Src/stm32f1xx_hal_adc.o
                0x080028a8                HAL_ADC_ConfigChannel
 .text.ADC_Enable
                0x08002a98       0xb4 ./Drivers/STM32F1xx_HAL_Driver/Src/stm32f1xx_hal_adc.o
                0x08002a98                ADC_Enable
 .text.ADC_ConversionStop_Disable
                0x08002b4c       0x82 ./Drivers/STM32F1xx_HAL_Driver/Src/stm32f1xx_hal_adc.o
                0x08002b4c                ADC_ConversionStop_Disable
 .text.HAL_CAN_Init
                0x08002bce      0x1f6 ./Drivers/STM32F1xx_HAL_Driver/Src/stm32f1xx_hal_can.o
                0x08002bce                HAL_CAN_Init
 .text.HAL_CAN_ConfigFilter
                0x08002dc4      0x192 ./Drivers/STM32F1xx_HAL_Driver/Src/stm32f1xx_hal_can.o
                0x08002dc4                HAL_CAN_ConfigFilter
 .text.HAL_CAN_Start
                0x08002f56       0x88 ./Drivers/STM32F1xx_HAL_Driver/Src/stm32f1xx_hal_can.o
                0x08002f56                HAL_CAN_Start
 .text.HAL_CAN_AddTxMessage
                0x08002fde      0x19e ./Drivers/STM32F1xx_HAL_Driver/Src/stm32f1xx_hal_can.o
                0x08002fde                HAL_CAN_AddTxMessage
 .text.HAL_CAN_IsTxMessagePending
                0x0800317c       0x46 ./Drivers/STM32F1xx_HAL_Driver/Src/stm32f1xx_hal_can.o
                0x0800317c                HAL_CAN_IsTxMessagePending
 .text.HAL_CAN_GetRxMessage
                0x080031c2      0x242 ./Drivers/STM32F1xx_HAL_Driver/Src/stm32f1xx_hal_can.o
                0x080031c2                HAL_CAN_GetRxMessage
 .text.HAL_CAN_ActivateNotification
                0x08003404       0x4a ./Drivers/STM32F1xx_HAL_Driver/Src/stm32f1xx_hal_can.o
                0x08003404                HAL_CAN_ActivateNotification
 .text.HAL_CAN_IRQHandler
                0x0800344e      0x36e ./Drivers/STM32F1xx_HAL_Driver/Src/stm32f1xx_hal_can.o
                0x0800344e                HAL_CAN_IRQHandler
 .text.HAL_CAN_TxMailbox0CompleteCallback
                0x080037bc       0x12 ./Drivers/STM32F1xx_HAL_Driver/Src/stm32f1xx_hal_can.o
                0x080037bc                HAL_CAN_TxMailbox0CompleteCallback
 .text.HAL_CAN_TxMailbox1CompleteCallback
                0x080037ce       0x12 ./Drivers/STM32F1xx_HAL_Driver/Src/stm32f1xx_hal_can.o
                0x080037ce                HAL_CAN_TxMailbox1CompleteCallback
 .text.HAL_CAN_TxMailbox2CompleteCallback
                0x080037e0       0x12 ./Drivers/STM32F1xx_HAL_Driver/Src/stm32f1xx_hal_can.o
                0x080037e0                HAL_CAN_TxMailbox2CompleteCallback
 .text.HAL_CAN_TxMailbox0AbortCallback
                0x080037f2       0x12 ./Drivers/STM32F1xx_HAL_Driver/Src/stm32f1xx_hal_can.o
                0x080037f2                HAL_CAN_TxMailbox0AbortCallback
 .text.HAL_CAN_TxMailbox1AbortCallback
                0x08003804       0x12 ./Drivers/STM32F1xx_HAL_Driver/Src/stm32f1xx_hal_can.o
                0x08003804                HAL_CAN_TxMailbox1AbortCallback
 .text.HAL_CAN_TxMailbox2AbortCallback
                0x08003816       0x12 ./Drivers/STM32F1xx_HAL_Driver/Src/stm32f1xx_hal_can.o
                0x08003816                HAL_CAN_TxMailbox2AbortCallback
 .text.HAL_CAN_RxFifo0FullCallback
                0x08003828       0x12 ./Drivers/STM32F1xx_HAL_Driver/Src/stm32f1xx_hal_can.o
                0x08003828                HAL_CAN_RxFifo0FullCallback
 .text.HAL_CAN_RxFifo1MsgPendingCallback
                0x0800383a       0x12 ./Drivers/STM32F1xx_HAL_Driver/Src/stm32f1xx_hal_can.o
                0x0800383a                HAL_CAN_RxFifo1MsgPendingCallback
 .text.HAL_CAN_RxFifo1FullCallback
                0x0800384c       0x12 ./Drivers/STM32F1xx_HAL_Driver/Src/stm32f1xx_hal_can.o
                0x0800384c                HAL_CAN_RxFifo1FullCallback
 .text.HAL_CAN_SleepCallback
                0x0800385e       0x12 ./Drivers/STM32F1xx_HAL_Driver/Src/stm32f1xx_hal_can.o
                0x0800385e                HAL_CAN_SleepCallback
 .text.HAL_CAN_WakeUpFromRxMsgCallback
                0x08003870       0x12 ./Drivers/STM32F1xx_HAL_Driver/Src/stm32f1xx_hal_can.o
                0x08003870                HAL_CAN_WakeUpFromRxMsgCallback
 .text.HAL_CAN_ErrorCallback
                0x08003882       0x12 ./Drivers/STM32F1xx_HAL_Driver/Src/stm32f1xx_hal_can.o
                0x08003882                HAL_CAN_ErrorCallback
 .text.__NVIC_SetPriorityGrouping
                0x08003894       0x48 ./Drivers/STM32F1xx_HAL_Driver/Src/stm32f1xx_hal_cortex.o
 .text.__NVIC_GetPriorityGrouping
                0x080038dc       0x1c ./Drivers/STM32F1xx_HAL_Driver/Src/stm32f1xx_hal_cortex.o
 .text.__NVIC_EnableIRQ
                0x080038f8       0x38 ./Drivers/STM32F1xx_HAL_Driver/Src/stm32f1xx_hal_cortex.o
 .text.__NVIC_SetPriority
                0x08003930       0x54 ./Drivers/STM32F1xx_HAL_Driver/Src/stm32f1xx_hal_cortex.o
 .text.NVIC_EncodePriority
                0x08003984       0x64 ./Drivers/STM32F1xx_HAL_Driver/Src/stm32f1xx_hal_cortex.o
 .text.HAL_NVIC_SetPriorityGrouping
                0x080039e8       0x16 ./Drivers/STM32F1xx_HAL_Driver/Src/stm32f1xx_hal_cortex.o
                0x080039e8                HAL_NVIC_SetPriorityGrouping
 .text.HAL_NVIC_SetPriority
                0x080039fe       0x38 ./Drivers/STM32F1xx_HAL_Driver/Src/stm32f1xx_hal_cortex.o
                0x080039fe                HAL_NVIC_SetPriority
 .text.HAL_NVIC_EnableIRQ
                0x08003a36       0x1c ./Drivers/STM32F1xx_HAL_Driver/Src/stm32f1xx_hal_cortex.o
                0x08003a36                HAL_NVIC_EnableIRQ
 *fill*         0x08003a52        0x2 
 .text.HAL_GPIO_Init
                0x08003a54      0x308 ./Drivers/STM32F1xx_HAL_Driver/Src/stm32f1xx_hal_gpio.o
                0x08003a54                HAL_GPIO_Init
 .text.HAL_GPIO_ReadPin
                0x08003d5c       0x2e ./Drivers/STM32F1xx_HAL_Driver/Src/stm32f1xx_hal_gpio.o
                0x08003d5c                HAL_GPIO_ReadPin
 .text.HAL_GPIO_WritePin
                0x08003d8a       0x30 ./Drivers/STM32F1xx_HAL_Driver/Src/stm32f1xx_hal_gpio.o
                0x08003d8a                HAL_GPIO_WritePin
 *fill*         0x08003dba        0x2 
 .text.HAL_RCC_OscConfig
                0x08003dbc      0x504 ./Drivers/STM32F1xx_HAL_Driver/Src/stm32f1xx_hal_rcc.o
                0x08003dbc                HAL_RCC_OscConfig
 .text.HAL_RCC_ClockConfig
                0x080042c0      0x1d4 ./Drivers/STM32F1xx_HAL_Driver/Src/stm32f1xx_hal_rcc.o
                0x080042c0                HAL_RCC_ClockConfig
 .text.HAL_RCC_GetSysClockFreq
                0x08004494       0xac ./Drivers/STM32F1xx_HAL_Driver/Src/stm32f1xx_hal_rcc.o
                0x08004494                HAL_RCC_GetSysClockFreq
 .text.HAL_RCC_GetHCLKFreq
                0x08004540       0x14 ./Drivers/STM32F1xx_HAL_Driver/Src/stm32f1xx_hal_rcc.o
                0x08004540                HAL_RCC_GetHCLKFreq
 .text.HAL_RCC_GetPCLK1Freq
                0x08004554       0x28 ./Drivers/STM32F1xx_HAL_Driver/Src/stm32f1xx_hal_rcc.o
                0x08004554                HAL_RCC_GetPCLK1Freq
 .text.HAL_RCC_GetPCLK2Freq
                0x0800457c       0x28 ./Drivers/STM32F1xx_HAL_Driver/Src/stm32f1xx_hal_rcc.o
                0x0800457c                HAL_RCC_GetPCLK2Freq
 .text.HAL_RCC_GetClockConfig
                0x080045a4       0x60 ./Drivers/STM32F1xx_HAL_Driver/Src/stm32f1xx_hal_rcc.o
                0x080045a4                HAL_RCC_GetClockConfig
 .text.RCC_Delay
                0x08004604       0x3c ./Drivers/STM32F1xx_HAL_Driver/Src/stm32f1xx_hal_rcc.o
 .text.HAL_RCCEx_PeriphCLKConfig
                0x08004640      0x16c ./Drivers/STM32F1xx_HAL_Driver/Src/stm32f1xx_hal_rcc_ex.o
                0x08004640                HAL_RCCEx_PeriphCLKConfig
 .text.HAL_RCCEx_GetPeriphCLKFreq
                0x080047ac      0x16c ./Drivers/STM32F1xx_HAL_Driver/Src/stm32f1xx_hal_rcc_ex.o
                0x080047ac                HAL_RCCEx_GetPeriphCLKFreq
 .text.HAL_TIM_Base_Init
                0x08004918       0x9e ./Drivers/STM32F1xx_HAL_Driver/Src/stm32f1xx_hal_tim.o
                0x08004918                HAL_TIM_Base_Init
 *fill*         0x080049b6        0x2 
 .text.HAL_TIM_Base_Start
                0x080049b8       0x94 ./Drivers/STM32F1xx_HAL_Driver/Src/stm32f1xx_hal_tim.o
                0x080049b8                HAL_TIM_Base_Start
 .text.HAL_TIM_Base_Start_IT
                0x08004a4c       0xa4 ./Drivers/STM32F1xx_HAL_Driver/Src/stm32f1xx_hal_tim.o
                0x08004a4c                HAL_TIM_Base_Start_IT
 .text.HAL_TIM_PWM_Init
                0x08004af0       0x9e ./Drivers/STM32F1xx_HAL_Driver/Src/stm32f1xx_hal_tim.o
                0x08004af0                HAL_TIM_PWM_Init
 *fill*         0x08004b8e        0x2 
 .text.HAL_TIM_PWM_Start
                0x08004b90      0x144 ./Drivers/STM32F1xx_HAL_Driver/Src/stm32f1xx_hal_tim.o
                0x08004b90                HAL_TIM_PWM_Start
 .text.HAL_TIM_IRQHandler
                0x08004cd4      0x1e0 ./Drivers/STM32F1xx_HAL_Driver/Src/stm32f1xx_hal_tim.o
                0x08004cd4                HAL_TIM_IRQHandler
 .text.HAL_TIM_PWM_ConfigChannel
                0x08004eb4      0x184 ./Drivers/STM32F1xx_HAL_Driver/Src/stm32f1xx_hal_tim.o
                0x08004eb4                HAL_TIM_PWM_ConfigChannel
 .text.HAL_TIM_ConfigClockSource
                0x08005038      0x18e ./Drivers/STM32F1xx_HAL_Driver/Src/stm32f1xx_hal_tim.o
                0x08005038                HAL_TIM_ConfigClockSource
 .text.HAL_TIM_OC_DelayElapsedCallback
                0x080051c6       0x12 ./Drivers/STM32F1xx_HAL_Driver/Src/stm32f1xx_hal_tim.o
                0x080051c6                HAL_TIM_OC_DelayElapsedCallback
 .text.HAL_TIM_IC_CaptureCallback
                0x080051d8       0x12 ./Drivers/STM32F1xx_HAL_Driver/Src/stm32f1xx_hal_tim.o
                0x080051d8                HAL_TIM_IC_CaptureCallback
 .text.HAL_TIM_PWM_PulseFinishedCallback
                0x080051ea       0x12 ./Drivers/STM32F1xx_HAL_Driver/Src/stm32f1xx_hal_tim.o
                0x080051ea                HAL_TIM_PWM_PulseFinishedCallback
 .text.HAL_TIM_TriggerCallback
                0x080051fc       0x12 ./Drivers/STM32F1xx_HAL_Driver/Src/stm32f1xx_hal_tim.o
                0x080051fc                HAL_TIM_TriggerCallback
 *fill*         0x0800520e        0x2 
 .text.TIM_Base_SetConfig
                0x08005210       0xdc ./Drivers/STM32F1xx_HAL_Driver/Src/stm32f1xx_hal_tim.o
                0x08005210                TIM_Base_SetConfig
 .text.TIM_OC1_SetConfig
                0x080052ec       0xcc ./Drivers/STM32F1xx_HAL_Driver/Src/stm32f1xx_hal_tim.o
 .text.TIM_OC2_SetConfig
                0x080053b8       0xd4 ./Drivers/STM32F1xx_HAL_Driver/Src/stm32f1xx_hal_tim.o
                0x080053b8                TIM_OC2_SetConfig
 .text.TIM_OC3_SetConfig
                0x0800548c       0xd4 ./Drivers/STM32F1xx_HAL_Driver/Src/stm32f1xx_hal_tim.o
 .text.TIM_OC4_SetConfig
                0x08005560       0x9c ./Drivers/STM32F1xx_HAL_Driver/Src/stm32f1xx_hal_tim.o
 .text.TIM_TI1_ConfigInputStage
                0x080055fc       0x5c ./Drivers/STM32F1xx_HAL_Driver/Src/stm32f1xx_hal_tim.o
 .text.TIM_TI2_ConfigInputStage
                0x08005658       0x5e ./Drivers/STM32F1xx_HAL_Driver/Src/stm32f1xx_hal_tim.o
 .text.TIM_ITRx_SetConfig
                0x080056b6       0x34 ./Drivers/STM32F1xx_HAL_Driver/Src/stm32f1xx_hal_tim.o
 .text.TIM_ETR_SetConfig
                0x080056ea       0x3e ./Drivers/STM32F1xx_HAL_Driver/Src/stm32f1xx_hal_tim.o
                0x080056ea                TIM_ETR_SetConfig
 .text.TIM_CCxChannelCmd
                0x08005728       0x48 ./Drivers/STM32F1xx_HAL_Driver/Src/stm32f1xx_hal_tim.o
                0x08005728                TIM_CCxChannelCmd
 .text.HAL_TIMEx_MasterConfigSynchronization
                0x08005770       0xbc ./Drivers/STM32F1xx_HAL_Driver/Src/stm32f1xx_hal_tim_ex.o
                0x08005770                HAL_TIMEx_MasterConfigSynchronization
 .text.HAL_TIMEx_ConfigBreakDeadTime
                0x0800582c       0xa2 ./Drivers/STM32F1xx_HAL_Driver/Src/stm32f1xx_hal_tim_ex.o
                0x0800582c                HAL_TIMEx_ConfigBreakDeadTime
 .text.HAL_TIMEx_CommutCallback
                0x080058ce       0x12 ./Drivers/STM32F1xx_HAL_Driver/Src/stm32f1xx_hal_tim_ex.o
                0x080058ce                HAL_TIMEx_CommutCallback
 .text.HAL_TIMEx_BreakCallback
                0x080058e0       0x12 ./Drivers/STM32F1xx_HAL_Driver/Src/stm32f1xx_hal_tim_ex.o
                0x080058e0                HAL_TIMEx_BreakCallback
 *fill*         0x080058f2        0x2 
 .text.__NVIC_SetPriority
                0x080058f4       0x54 ./Middlewares/Third_Party/FreeRTOS/Source/CMSIS_RTOS_V2/cmsis_os2.o
 .text.SysTick_Handler
                0x08005948       0x20 ./Middlewares/Third_Party/FreeRTOS/Source/CMSIS_RTOS_V2/cmsis_os2.o
                0x08005948                SysTick_Handler
 .text.SVC_Setup
                0x08005968       0x12 ./Middlewares/Third_Party/FreeRTOS/Source/CMSIS_RTOS_V2/cmsis_os2.o
 *fill*         0x0800597a        0x2 
 .text.osKernelInitialize
                0x0800597c       0x44 ./Middlewares/Third_Party/FreeRTOS/Source/CMSIS_RTOS_V2/cmsis_os2.o
                0x0800597c                osKernelInitialize
 .text.osKernelStart
                0x080059c0       0x4c ./Middlewares/Third_Party/FreeRTOS/Source/CMSIS_RTOS_V2/cmsis_os2.o
                0x080059c0                osKernelStart
 .text.osThreadNew
                0x08005a0c      0x124 ./Middlewares/Third_Party/FreeRTOS/Source/CMSIS_RTOS_V2/cmsis_os2.o
                0x08005a0c                osThreadNew
 .text.osDelay  0x08005b30       0x36 ./Middlewares/Third_Party/FreeRTOS/Source/CMSIS_RTOS_V2/cmsis_os2.o
                0x08005b30                osDelay
 .text.osMessageQueueNew
                0x08005b66       0xe6 ./Middlewares/Third_Party/FreeRTOS/Source/CMSIS_RTOS_V2/cmsis_os2.o
                0x08005b66                osMessageQueueNew
 .text.osMessageQueuePut
                0x08005c4c       0xc0 ./Middlewares/Third_Party/FreeRTOS/Source/CMSIS_RTOS_V2/cmsis_os2.o
                0x08005c4c                osMessageQueuePut
 .text.osMessageQueueGet
                0x08005d0c       0xbc ./Middlewares/Third_Party/FreeRTOS/Source/CMSIS_RTOS_V2/cmsis_os2.o
                0x08005d0c                osMessageQueueGet
 .text.vApplicationGetIdleTaskMemory
                0x08005dc8       0x30 ./Middlewares/Third_Party/FreeRTOS/Source/CMSIS_RTOS_V2/cmsis_os2.o
                0x08005dc8                vApplicationGetIdleTaskMemory
 .text.vApplicationGetTimerTaskMemory
                0x08005df8       0x34 ./Middlewares/Third_Party/FreeRTOS/Source/CMSIS_RTOS_V2/cmsis_os2.o
                0x08005df8                vApplicationGetTimerTaskMemory
 .text.vListInitialise
                0x08005e2c       0x3e ./Middlewares/Third_Party/FreeRTOS/Source/list.o
                0x08005e2c                vListInitialise
 .text.vListInitialiseItem
                0x08005e6a       0x18 ./Middlewares/Third_Party/FreeRTOS/Source/list.o
                0x08005e6a                vListInitialiseItem
 .text.vListInsertEnd
                0x08005e82       0x46 ./Middlewares/Third_Party/FreeRTOS/Source/list.o
                0x08005e82                vListInsertEnd
 .text.vListInsert
                0x08005ec8       0x70 ./Middlewares/Third_Party/FreeRTOS/Source/list.o
                0x08005ec8                vListInsert
 .text.uxListRemove
                0x08005f38       0x52 ./Middlewares/Third_Party/FreeRTOS/Source/list.o
                0x08005f38                uxListRemove
 *fill*         0x08005f8a        0x2 
 .text.xQueueGenericReset
                0x08005f8c       0xd4 ./Middlewares/Third_Party/FreeRTOS/Source/queue.o
                0x08005f8c                xQueueGenericReset
 .text.xQueueGenericCreateStatic
                0x08006060       0xfa ./Middlewares/Third_Party/FreeRTOS/Source/queue.o
                0x08006060                xQueueGenericCreateStatic
 .text.xQueueGenericCreate
                0x0800615a       0x76 ./Middlewares/Third_Party/FreeRTOS/Source/queue.o
                0x0800615a                xQueueGenericCreate
 .text.prvInitialiseNewQueue
                0x080061d0       0x46 ./Middlewares/Third_Party/FreeRTOS/Source/queue.o
 *fill*         0x08006216        0x2 
 .text.xQueueGenericSend
                0x08006218      0x204 ./Middlewares/Third_Party/FreeRTOS/Source/queue.o
                0x08006218                xQueueGenericSend
 .text.xQueueGenericSendFromISR
                0x0800641c      0x13c ./Middlewares/Third_Party/FreeRTOS/Source/queue.o
                0x0800641c                xQueueGenericSendFromISR
 .text.xQueueReceive
                0x08006558      0x1c4 ./Middlewares/Third_Party/FreeRTOS/Source/queue.o
                0x08006558                xQueueReceive
 .text.xQueueReceiveFromISR
                0x0800671c      0x104 ./Middlewares/Third_Party/FreeRTOS/Source/queue.o
                0x0800671c                xQueueReceiveFromISR
 .text.prvCopyDataToQueue
                0x08006820       0xd4 ./Middlewares/Third_Party/FreeRTOS/Source/queue.o
 .text.prvCopyDataFromQueue
                0x080068f4       0x4c ./Middlewares/Third_Party/FreeRTOS/Source/queue.o
 .text.prvUnlockQueue
                0x08006940       0xa4 ./Middlewares/Third_Party/FreeRTOS/Source/queue.o
 .text.prvIsQueueEmpty
                0x080069e4       0x2c ./Middlewares/Third_Party/FreeRTOS/Source/queue.o
 .text.prvIsQueueFull
                0x08006a10       0x30 ./Middlewares/Third_Party/FreeRTOS/Source/queue.o
 .text.vQueueAddToRegistry
                0x08006a40       0x50 ./Middlewares/Third_Party/FreeRTOS/Source/queue.o
                0x08006a40                vQueueAddToRegistry
 .text.vQueueWaitForMessageRestricted
                0x08006a90       0x68 ./Middlewares/Third_Party/FreeRTOS/Source/queue.o
                0x08006a90                vQueueWaitForMessageRestricted
 .text.xTaskCreateStatic
                0x08006af8       0xc0 ./Middlewares/Third_Party/FreeRTOS/Source/tasks.o
                0x08006af8                xTaskCreateStatic
 .text.xTaskCreate
                0x08006bb8       0x8a ./Middlewares/Third_Party/FreeRTOS/Source/tasks.o
                0x08006bb8                xTaskCreate
 *fill*         0x08006c42        0x2 
 .text.prvInitialiseNewTask
                0x08006c44      0x150 ./Middlewares/Third_Party/FreeRTOS/Source/tasks.o
 .text.prvAddNewTaskToReadyList
                0x08006d94       0xe0 ./Middlewares/Third_Party/FreeRTOS/Source/tasks.o
 .text.vTaskDelay
                0x08006e74       0x6c ./Middlewares/Third_Party/FreeRTOS/Source/tasks.o
                0x08006e74                vTaskDelay
 .text.vTaskStartScheduler
                0x08006ee0       0xe0 ./Middlewares/Third_Party/FreeRTOS/Source/tasks.o
                0x08006ee0                vTaskStartScheduler
 .text.vTaskSuspendAll
                0x08006fc0       0x1c ./Middlewares/Third_Party/FreeRTOS/Source/tasks.o
                0x08006fc0                vTaskSuspendAll
 .text.xTaskResumeAll
                0x08006fdc      0x13c ./Middlewares/Third_Party/FreeRTOS/Source/tasks.o
                0x08006fdc                xTaskResumeAll
 .text.xTaskGetTickCount
                0x08007118       0x1c ./Middlewares/Third_Party/FreeRTOS/Source/tasks.o
                0x08007118                xTaskGetTickCount
 .text.xTaskIncrementTick
                0x08007134      0x174 ./Middlewares/Third_Party/FreeRTOS/Source/tasks.o
                0x08007134                xTaskIncrementTick
 .text.vTaskSwitchContext
                0x080072a8       0xc8 ./Middlewares/Third_Party/FreeRTOS/Source/tasks.o
                0x080072a8                vTaskSwitchContext
 .text.vTaskPlaceOnEventList
                0x08007370       0x4c ./Middlewares/Third_Party/FreeRTOS/Source/tasks.o
                0x08007370                vTaskPlaceOnEventList
 .text.vTaskPlaceOnEventListRestricted
                0x080073bc       0x58 ./Middlewares/Third_Party/FreeRTOS/Source/tasks.o
                0x080073bc                vTaskPlaceOnEventListRestricted
 .text.xTaskRemoveFromEventList
                0x08007414       0xc8 ./Middlewares/Third_Party/FreeRTOS/Source/tasks.o
                0x08007414                xTaskRemoveFromEventList
 .text.vTaskInternalSetTimeOutState
                0x080074dc       0x2c ./Middlewares/Third_Party/FreeRTOS/Source/tasks.o
                0x080074dc                vTaskInternalSetTimeOutState
 .text.xTaskCheckForTimeOut
                0x08007508       0xc8 ./Middlewares/Third_Party/FreeRTOS/Source/tasks.o
                0x08007508                xTaskCheckForTimeOut
 .text.vTaskMissedYield
                0x080075d0       0x18 ./Middlewares/Third_Party/FreeRTOS/Source/tasks.o
                0x080075d0                vTaskMissedYield
 .text.prvIdleTask
                0x080075e8       0x30 ./Middlewares/Third_Party/FreeRTOS/Source/tasks.o
 .text.prvInitialiseTaskLists
                0x08007618       0x80 ./Middlewares/Third_Party/FreeRTOS/Source/tasks.o
 .text.prvCheckTasksWaitingTermination
                0x08007698       0x5c ./Middlewares/Third_Party/FreeRTOS/Source/tasks.o
 .text.prvDeleteTCB
                0x080076f4       0x6a ./Middlewares/Third_Party/FreeRTOS/Source/tasks.o
 *fill*         0x0800775e        0x2 
 .text.prvResetNextTaskUnblockTime
                0x08007760       0x40 ./Middlewares/Third_Party/FreeRTOS/Source/tasks.o
 .text.xTaskGetSchedulerState
                0x080077a0       0x3c ./Middlewares/Third_Party/FreeRTOS/Source/tasks.o
                0x080077a0                xTaskGetSchedulerState
 .text.xTaskPriorityDisinherit
                0x080077dc       0xe0 ./Middlewares/Third_Party/FreeRTOS/Source/tasks.o
                0x080077dc                xTaskPriorityDisinherit
 .text.prvAddCurrentTaskToDelayedList
                0x080078bc       0xa8 ./Middlewares/Third_Party/FreeRTOS/Source/tasks.o
 .text.xTimerCreateTimerTask
                0x08007964       0x94 ./Middlewares/Third_Party/FreeRTOS/Source/timers.o
                0x08007964                xTimerCreateTimerTask
 .text.xTimerGenericCommand
                0x080079f8       0x9c ./Middlewares/Third_Party/FreeRTOS/Source/timers.o
                0x080079f8                xTimerGenericCommand
 .text.prvProcessExpiredTimer
                0x08007a94       0x9c ./Middlewares/Third_Party/FreeRTOS/Source/timers.o
 .text.prvTimerTask
                0x08007b30       0x26 ./Middlewares/Third_Party/FreeRTOS/Source/timers.o
 *fill*         0x08007b56        0x2 
 .text.prvProcessTimerOrBlockTask
                0x08007b58       0x9c ./Middlewares/Third_Party/FreeRTOS/Source/timers.o
 .text.prvGetNextExpireTime
                0x08007bf4       0x44 ./Middlewares/Third_Party/FreeRTOS/Source/timers.o
 .text.prvSampleTimeNow
                0x08007c38       0x40 ./Middlewares/Third_Party/FreeRTOS/Source/timers.o
 .text.prvInsertTimerInActiveList
                0x08007c78       0x84 ./Middlewares/Third_Party/FreeRTOS/Source/timers.o
 .text.prvProcessReceivedCommands
                0x08007cfc      0x1cc ./Middlewares/Third_Party/FreeRTOS/Source/timers.o
 .text.prvSwitchTimerLists
                0x08007ec8       0xcc ./Middlewares/Third_Party/FreeRTOS/Source/timers.o
 .text.prvCheckForValidListAndQueue
                0x08007f94       0x80 ./Middlewares/Third_Party/FreeRTOS/Source/timers.o
 .text.pxPortInitialiseStack
                0x08008014       0x58 ./Middlewares/Third_Party/FreeRTOS/Source/portable/GCC/ARM_CM3/port.o
                0x08008014                pxPortInitialiseStack
 .text.prvTaskExitError
                0x0800806c       0x58 ./Middlewares/Third_Party/FreeRTOS/Source/portable/GCC/ARM_CM3/port.o
 *fill*         0x080080c4        0xc 
 .text.SVC_Handler
                0x080080d0       0x28 ./Middlewares/Third_Party/FreeRTOS/Source/portable/GCC/ARM_CM3/port.o
                0x080080d0                SVC_Handler
 .text.prvPortStartFirstTask
                0x080080f8       0x20 ./Middlewares/Third_Party/FreeRTOS/Source/portable/GCC/ARM_CM3/port.o
 .text.xPortStartScheduler
                0x08008118       0xe4 ./Middlewares/Third_Party/FreeRTOS/Source/portable/GCC/ARM_CM3/port.o
                0x08008118                xPortStartScheduler
 .text.vPortEnterCritical
                0x080081fc       0x60 ./Middlewares/Third_Party/FreeRTOS/Source/portable/GCC/ARM_CM3/port.o
                0x080081fc                vPortEnterCritical
 .text.vPortExitCritical
                0x0800825c       0x54 ./Middlewares/Third_Party/FreeRTOS/Source/portable/GCC/ARM_CM3/port.o
                0x0800825c                vPortExitCritical
 .text.PendSV_Handler
                0x080082b0       0x48 ./Middlewares/Third_Party/FreeRTOS/Source/portable/GCC/ARM_CM3/port.o
                0x080082b0                PendSV_Handler
 .text.xPortSysTickHandler
                0x080082f8       0x44 ./Middlewares/Third_Party/FreeRTOS/Source/portable/GCC/ARM_CM3/port.o
                0x080082f8                xPortSysTickHandler
 .text.vPortSetupTimerInterrupt
                0x0800833c       0x44 ./Middlewares/Third_Party/FreeRTOS/Source/portable/GCC/ARM_CM3/port.o
                0x0800833c                vPortSetupTimerInterrupt
 .text.vPortValidateInterruptPriority
                0x08008380       0x80 ./Middlewares/Third_Party/FreeRTOS/Source/portable/GCC/ARM_CM3/port.o
                0x08008380                vPortValidateInterruptPriority
 .text.pvPortMalloc
                0x08008400      0x19c ./Middlewares/Third_Party/FreeRTOS/Source/portable/MemMang/heap_4.o
                0x08008400                pvPortMalloc
 .text.vPortFree
                0x0800859c       0xc8 ./Middlewares/Third_Party/FreeRTOS/Source/portable/MemMang/heap_4.o
                0x0800859c                vPortFree
 .text.prvHeapInit
                0x08008664       0xc4 ./Middlewares/Third_Party/FreeRTOS/Source/portable/MemMang/heap_4.o
 .text.prvInsertBlockIntoFreeList
                0x08008728       0xb0 ./Middlewares/Third_Party/FreeRTOS/Source/portable/MemMang/heap_4.o
 .text.memset   0x080087d8       0x10 /home/vinothkannan/st/stm32cubeide_1.19.0/plugins/com.st.stm32cube.ide.mcu.externaltools.gnu-tools-for-stm32.13.3.rel1.linux64_1.0.0.202410170706/tools/bin/../lib/gcc/arm-none-eabi/13.3.1/../../../../arm-none-eabi/lib/thumb/v7-m/nofp/libc_nano.a(libc_a-memset.o)
                0x080087d8                memset
 .text._reclaim_reent
                0x080087e8       0xbc /home/vinothkannan/st/stm32cubeide_1.19.0/plugins/com.st.stm32cube.ide.mcu.externaltools.gnu-tools-for-stm32.13.3.rel1.linux64_1.0.0.202410170706/tools/bin/../lib/gcc/arm-none-eabi/13.3.1/../../../../arm-none-eabi/lib/thumb/v7-m/nofp/libc_nano.a(libc_a-reent.o)
                0x080087e8                _reclaim_reent
 .text.__libc_init_array
                0x080088a4       0x48 /home/vinothkannan/st/stm32cubeide_1.19.0/plugins/com.st.stm32cube.ide.mcu.externaltools.gnu-tools-for-stm32.13.3.rel1.linux64_1.0.0.202410170706/tools/bin/../lib/gcc/arm-none-eabi/13.3.1/../../../../arm-none-eabi/lib/thumb/v7-m/nofp/libc_nano.a(libc_a-init.o)
                0x080088a4                __libc_init_array
 .text.__retarget_lock_acquire_recursive
                0x080088ec        0x2 /home/vinothkannan/st/stm32cubeide_1.19.0/plugins/com.st.stm32cube.ide.mcu.externaltools.gnu-tools-for-stm32.13.3.rel1.linux64_1.0.0.202410170706/tools/bin/../lib/gcc/arm-none-eabi/13.3.1/../../../../arm-none-eabi/lib/thumb/v7-m/nofp/libc_nano.a(libc_a-lock.o)
                0x080088ec                __retarget_lock_acquire_recursive
 .text.__retarget_lock_release_recursive
                0x080088ee        0x2 /home/vinothkannan/st/stm32cubeide_1.19.0/plugins/com.st.stm32cube.ide.mcu.externaltools.gnu-tools-for-stm32.13.3.rel1.linux64_1.0.0.202410170706/tools/bin/../lib/gcc/arm-none-eabi/13.3.1/../../../../arm-none-eabi/lib/thumb/v7-m/nofp/libc_nano.a(libc_a-lock.o)
                0x080088ee                __retarget_lock_release_recursive
 .text.memcpy   0x080088f0       0x1c /home/vinothkannan/st/stm32cubeide_1.19.0/plugins/com.st.stm32cube.ide.mcu.externaltools.gnu-tools-for-stm32.13.3.rel1.linux64_1.0.0.202410170706/tools/bin/../lib/gcc/arm-none-eabi/13.3.1/../../../../arm-none-eabi/lib/thumb/v7-m/nofp/libc_nano.a(libc_a-memcpy-stub.o)
                0x080088f0                memcpy
 .text._free_r  0x0800890c       0x90 /home/vinothkannan/st/stm32cubeide_1.19.0/plugins/com.st.stm32cube.ide.mcu.externaltools.gnu-tools-for-stm32.13.3.rel1.linux64_1.0.0.202410170706/tools/bin/../lib/gcc/arm-none-eabi/13.3.1/../../../../arm-none-eabi/lib/thumb/v7-m/nofp/libc_nano.a(libc_a-freer.o)
                0x0800890c                _free_r
 .text.__malloc_lock
                0x0800899c        0xc /home/vinothkannan/st/stm32cubeide_1.19.0/plugins/com.st.stm32cube.ide.mcu.externaltools.gnu-tools-for-stm32.13.3.rel1.linux64_1.0.0.202410170706/tools/bin/../lib/gcc/arm-none-eabi/13.3.1/../../../../arm-none-eabi/lib/thumb/v7-m/nofp/libc_nano.a(libc_a-mlock.o)
                0x0800899c                __malloc_lock
 .text.__malloc_unlock
                0x080089a8        0xc /home/vinothkannan/st/stm32cubeide_1.19.0/plugins/com.st.stm32cube.ide.mcu.externaltools.gnu-tools-for-stm32.13.3.rel1.linux64_1.0.0.202410170706/tools/bin/../lib/gcc/arm-none-eabi/13.3.1/../../../../arm-none-eabi/lib/thumb/v7-m/nofp/libc_nano.a(libc_a-mlock.o)
                0x080089a8                __malloc_unlock
 *(.glue_7)
 .glue_7        0x080089b4        0x0 linker stubs
 *(.glue_7t)
 .glue_7t       0x080089b4        0x0 linker stubs
 *(.eh_frame)
 .eh_frame      0x080089b4        0x0 /home/vinothkannan/st/stm32cubeide_1.19.0/plugins/com.st.stm32cube.ide.mcu.externaltools.gnu-tools-for-stm32.13.3.rel1.linux64_1.0.0.202410170706/tools/bin/../lib/gcc/arm-none-eabi/13.3.1/thumb/v7-m/nofp/crtbegin.o
 *(.init)
 .init          0x080089b4        0x4 /home/vinothkannan/st/stm32cubeide_1.19.0/plugins/com.st.stm32cube.ide.mcu.externaltools.gnu-tools-for-stm32.13.3.rel1.linux64_1.0.0.202410170706/tools/bin/../lib/gcc/arm-none-eabi/13.3.1/thumb/v7-m/nofp/crti.o
                0x080089b4                _init
 .init          0x080089b8        0x8 /home/vinothkannan/st/stm32cubeide_1.19.0/plugins/com.st.stm32cube.ide.mcu.externaltools.gnu-tools-for-stm32.13.3.rel1.linux64_1.0.0.202410170706/tools/bin/../lib/gcc/arm-none-eabi/13.3.1/thumb/v7-m/nofp/crtn.o
 *(.fini)
 .fini          0x080089c0        0x4 /home/vinothkannan/st/stm32cubeide_1.19.0/plugins/com.st.stm32cube.ide.mcu.externaltools.gnu-tools-for-stm32.13.3.rel1.linux64_1.0.0.202410170706/tools/bin/../lib/gcc/arm-none-eabi/13.3.1/thumb/v7-m/nofp/crti.o
                0x080089c0                _fini
 .fini          0x080089c4        0x8 /home/vinothkannan/st/stm32cubeide_1.19.0/plugins/com.st.stm32cube.ide.mcu.externaltools.gnu-tools-for-stm32.13.3.rel1.linux64_1.0.0.202410170706/tools/bin/../lib/gcc/arm-none-eabi/13.3.1/thumb/v7-m/nofp/crtn.o
                0x080089cc                        . = ALIGN (0x4)
                0x080089cc                        _etext = .

.vfp11_veneer   0x080089cc        0x0
 .vfp11_veneer  0x080089cc        0x0 linker stubs

.v4_bx          0x080089cc        0x0
 .v4_bx         0x080089cc        0x0 linker stubs

.iplt           0x080089cc        0x0
 .iplt          0x080089cc        0x0 /home/vinothkannan/st/stm32cubeide_1.19.0/plugins/com.st.stm32cube.ide.mcu.externaltools.gnu-tools-for-stm32.13.3.rel1.linux64_1.0.0.202410170706/tools/bin/../lib/gcc/arm-none-eabi/13.3.1/thumb/v7-m/nofp/crtbegin.o

.rodata         0x080089cc      0x120
                0x080089cc                        . = ALIGN (0x4)
 *(.rodata)
 .rodata        0x080089cc       0x42 ./Core/Src/main.o
 *fill*         0x08008a0e        0x2 
 .rodata        0x08008a10        0x5 ./Middlewares/Third_Party/FreeRTOS/Source/tasks.o
 *fill*         0x08008a15        0x3 
 .rodata        0x08008a18        0xd ./Middlewares/Third_Party/FreeRTOS/Source/timers.o
 *(.rodata*)
 *fill*         0x08008a25        0x3 
 .rodata.Read_Sensors_attributes
                0x08008a28       0x24 ./Core/Src/main.o
                0x08008a28                Read_Sensors_attributes
 .rodata.CANRX_Data_Proc_attributes
                0x08008a4c       0x24 ./Core/Src/main.o
                0x08008a4c                CANRX_Data_Proc_attributes
 .rodata.Decision_Making_attributes
                0x08008a70       0x24 ./Core/Src/main.o
                0x08008a70                Decision_Making_attributes
 .rodata.CAN1RX_Data_Queue_attributes
                0x08008a94       0x18 ./Core/Src/main.o
                0x08008a94                CAN1RX_Data_Queue_attributes
 .rodata.AHBPrescTable
                0x08008aac       0x10 ./Core/Src/system_stm32f1xx.o
                0x08008aac                AHBPrescTable
 .rodata.APBPrescTable
                0x08008abc        0x8 ./Core/Src/system_stm32f1xx.o
                0x08008abc                APBPrescTable
 .rodata.aPLLMULFactorTable.1
                0x08008ac4       0x10 ./Drivers/STM32F1xx_HAL_Driver/Src/stm32f1xx_hal_rcc.o
 .rodata.aPredivFactorTable.0
                0x08008ad4        0x2 ./Drivers/STM32F1xx_HAL_Driver/Src/stm32f1xx_hal_rcc.o
 *fill*         0x08008ad6        0x2 
 .rodata.aPLLMULFactorTable.1
                0x08008ad8       0x10 ./Drivers/STM32F1xx_HAL_Driver/Src/stm32f1xx_hal_rcc_ex.o
 .rodata.aPredivFactorTable.0
                0x08008ae8        0x2 ./Drivers/STM32F1xx_HAL_Driver/Src/stm32f1xx_hal_rcc_ex.o
                0x08008aec                        . = ALIGN (0x4)
 *fill*         0x08008aea        0x2 

.ARM.extab      0x08008aec        0x0
                0x08008aec                        . = ALIGN (0x4)
 *(.ARM.extab* .gnu.linkonce.armextab.*)
                0x08008aec                        . = ALIGN (0x4)

.ARM            0x08008aec        0x0
                0x08008aec                        . = ALIGN (0x4)
                0x08008aec                        __exidx_start = .
 *(.ARM.exidx*)
                0x08008aec                        __exidx_end = .
                0x08008aec                        . = ALIGN (0x4)

.preinit_array  0x08008aec        0x0
                0x08008aec                        . = ALIGN (0x4)
                0x08008aec                        PROVIDE (__preinit_array_start = .)
 *(.preinit_array*)
                0x08008aec                        PROVIDE (__preinit_array_end = .)
                0x08008aec                        . = ALIGN (0x4)

.init_array     0x08008aec        0x4
                0x08008aec                        . = ALIGN (0x4)
                0x08008aec                        PROVIDE (__init_array_start = .)
 *(SORT_BY_NAME(.init_array.*))
 *(.init_array*)
 .init_array    0x08008aec        0x4 /home/vinothkannan/st/stm32cubeide_1.19.0/plugins/com.st.stm32cube.ide.mcu.externaltools.gnu-tools-for-stm32.13.3.rel1.linux64_1.0.0.202410170706/tools/bin/../lib/gcc/arm-none-eabi/13.3.1/thumb/v7-m/nofp/crtbegin.o
                0x08008af0                        PROVIDE (__init_array_end = .)
                0x08008af0                        . = ALIGN (0x4)

.fini_array     0x08008af0        0x4
                0x08008af0                        . = ALIGN (0x4)
                [!provide]                        PROVIDE (__fini_array_start = .)
 *(SORT_BY_NAME(.fini_array.*))
 *(.fini_array*)
 .fini_array    0x08008af0        0x4 /home/vinothkannan/st/stm32cubeide_1.19.0/plugins/com.st.stm32cube.ide.mcu.externaltools.gnu-tools-for-stm32.13.3.rel1.linux64_1.0.0.202410170706/tools/bin/../lib/gcc/arm-none-eabi/13.3.1/thumb/v7-m/nofp/crtbegin.o
                [!provide]                        PROVIDE (__fini_array_end = .)
                0x08008af4                        . = ALIGN (0x4)
                0x08008af4                        _sidata = LOADADDR (.data)

.rel.dyn        0x08008af4        0x0
 .rel.iplt      0x08008af4        0x0 /home/vinothkannan/st/stm32cubeide_1.19.0/plugins/com.st.stm32cube.ide.mcu.externaltools.gnu-tools-for-stm32.13.3.rel1.linux64_1.0.0.202410170706/tools/bin/../lib/gcc/arm-none-eabi/13.3.1/thumb/v7-m/nofp/crtbegin.o

.data           0x20000000       0x64 load address 0x08008af4
                0x20000000                        . = ALIGN (0x4)
                0x20000000                        _sdata = .
 *(.data)
 *(.data*)
 .data.AutoUnhitch_PWM_DC_Percentage
                0x20000000        0x1 ./Core/Src/main.o
                0x20000000                AutoUnhitch_PWM_DC_Percentage
 *fill*         0x20000001        0x3 
 .data.SystemCoreClock
                0x20000004        0x4 ./Core/Src/system_stm32f1xx.o
                0x20000004                SystemCoreClock
 .data.uwTickPrio
                0x20000008        0x4 ./Drivers/STM32F1xx_HAL_Driver/Src/stm32f1xx_hal.o
                0x20000008                uwTickPrio
 .data.uwTickFreq
                0x2000000c        0x1 ./Drivers/STM32F1xx_HAL_Driver/Src/stm32f1xx_hal.o
                0x2000000c                uwTickFreq
 *fill*         0x2000000d        0x3 
 .data.uxCriticalNesting
                0x20000010        0x4 ./Middlewares/Third_Party/FreeRTOS/Source/portable/GCC/ARM_CM3/port.o
 .data._impure_ptr
                0x20000014        0x4 /home/vinothkannan/st/stm32cubeide_1.19.0/plugins/com.st.stm32cube.ide.mcu.externaltools.gnu-tools-for-stm32.13.3.rel1.linux64_1.0.0.202410170706/tools/bin/../lib/gcc/arm-none-eabi/13.3.1/../../../../arm-none-eabi/lib/thumb/v7-m/nofp/libc_nano.a(libc_a-impure.o)
                0x20000014                _impure_ptr
 .data._impure_data
                0x20000018       0x4c /home/vinothkannan/st/stm32cubeide_1.19.0/plugins/com.st.stm32cube.ide.mcu.externaltools.gnu-tools-for-stm32.13.3.rel1.linux64_1.0.0.202410170706/tools/bin/../lib/gcc/arm-none-eabi/13.3.1/../../../../arm-none-eabi/lib/thumb/v7-m/nofp/libc_nano.a(libc_a-impure.o)
                0x20000018                _impure_data
 *(.RamFunc)
 *(.RamFunc*)
                0x20000064                        . = ALIGN (0x4)
                0x20000064                        _edata = .

.igot.plt       0x20000064        0x0 load address 0x08008b58
 .igot.plt      0x20000064        0x0 /home/vinothkannan/st/stm32cubeide_1.19.0/plugins/com.st.stm32cube.ide.mcu.externaltools.gnu-tools-for-stm32.13.3.rel1.linux64_1.0.0.202410170706/tools/bin/../lib/gcc/arm-none-eabi/13.3.1/thumb/v7-m/nofp/crtbegin.o
                0x20000064                        . = ALIGN (0x4)

.bss            0x20000064     0x1d04 load address 0x08008b58
                0x20000064                        _sbss = .
                0x20000064                        __bss_start__ = _sbss
 *(.bss)
 .bss           0x20000064       0x1c /home/vinothkannan/st/stm32cubeide_1.19.0/plugins/com.st.stm32cube.ide.mcu.externaltools.gnu-tools-for-stm32.13.3.rel1.linux64_1.0.0.202410170706/tools/bin/../lib/gcc/arm-none-eabi/13.3.1/thumb/v7-m/nofp/crtbegin.o
 *(.bss*)
 .bss.aa        0x20000080        0x1 ./Core/Src/main.o
                0x20000080                aa
 .bss.bb        0x20000081        0x1 ./Core/Src/main.o
                0x20000081                bb
 .bss.cc        0x20000082        0x1 ./Core/Src/main.o
                0x20000082                cc
 *fill*         0x20000083        0x1 
 .bss.ADC_VAL   0x20000084       0x10 ./Core/Src/main.o
                0x20000084                ADC_VAL
 .bss.CAN1RX_Header
                0x20000094       0x1c ./Core/Src/main.o
                0x20000094                CAN1RX_Header
 .bss.CAN1_Queue_TX
                0x200000b0        0xc ./Core/Src/main.o
                0x200000b0                CAN1_Queue_TX
 .bss.CAN1RX_DATA
                0x200000bc        0x8 ./Core/Src/main.o
                0x200000bc                CAN1RX_DATA
 .bss.CAN1TX_DATA
                0x200000c4        0x8 ./Core/Src/main.o
                0x200000c4                CAN1TX_DATA
 .bss.CAN1RX_ID_Queue
                0x200000cc        0x4 ./Core/Src/main.o
                0x200000cc                CAN1RX_ID_Queue
 .bss.CAN1RX_IDE_DATA
                0x200000d0        0x4 ./Core/Src/main.o
                0x200000d0                CAN1RX_IDE_DATA
 .bss.CAN1RX_Std_ID_DATA
                0x200000d4        0x4 ./Core/Src/main.o
                0x200000d4                CAN1RX_Std_ID_DATA
 .bss.CAN1RX_Ext_ID_DATA
                0x200000d8        0x4 ./Core/Src/main.o
                0x200000d8                CAN1RX_Ext_ID_DATA
 .bss.DIGITAL_SENSE1
                0x200000dc        0x1 ./Core/Src/main.o
                0x200000dc                DIGITAL_SENSE1
 .bss.DIGITAL_SENSE2
                0x200000dd        0x1 ./Core/Src/main.o
                0x200000dd                DIGITAL_SENSE2
 .bss.nFAULT    0x200000de        0x1 ./Core/Src/main.o
                0x200000de                nFAULT
 *fill*         0x200000df        0x1 
 .bss.Duty_Cycle1
                0x200000e0        0x4 ./Core/Src/main.o
                0x200000e0                Duty_Cycle1
 .bss.ISEN_Error
                0x200000e4        0x1 ./Core/Src/main.o
                0x200000e4                ISEN_Error
 .bss.ISEN_200ms_Timeout
                0x200000e5        0x1 ./Core/Src/main.o
                0x200000e5                ISEN_200ms_Timeout
 *fill*         0x200000e6        0x2 
 .bss.ISEN_Current
                0x200000e8        0x4 ./Core/Src/main.o
                0x200000e8                ISEN_Current
 .bss.CANTX_ISEN
                0x200000ec        0x4 ./Core/Src/main.o
                0x200000ec                CANTX_ISEN
 .bss.VSEN_24V  0x200000f0        0x4 ./Core/Src/main.o
                0x200000f0                VSEN_24V
 .bss.CANTX_VSEN_24V
                0x200000f4        0x4 ./Core/Src/main.o
                0x200000f4                CANTX_VSEN_24V
 .bss.DIR_AUTOUNHITCH
                0x200000f8        0x1 ./Core/Src/main.o
                0x200000f8                DIR_AUTOUNHITCH
 *fill*         0x200000f9        0x3 
 .bss.hadc1     0x200000fc       0x30 ./Core/Src/main.o
                0x200000fc                hadc1
 .bss.hcan      0x2000012c       0x28 ./Core/Src/main.o
                0x2000012c                hcan
 .bss.htim1     0x20000154       0x48 ./Core/Src/main.o
                0x20000154                htim1
 .bss.htim3     0x2000019c       0x48 ./Core/Src/main.o
                0x2000019c                htim3
 .bss.Read_SensorsHandle
                0x200001e4        0x4 ./Core/Src/main.o
                0x200001e4                Read_SensorsHandle
 .bss.CANRX_Data_ProcHandle
                0x200001e8        0x4 ./Core/Src/main.o
                0x200001e8                CANRX_Data_ProcHandle
 .bss.Decision_MakingHandle
                0x200001ec        0x4 ./Core/Src/main.o
                0x200001ec                Decision_MakingHandle
 .bss.CAN1RX_Data_QueueHandle
                0x200001f0        0x4 ./Core/Src/main.o
                0x200001f0                CAN1RX_Data_QueueHandle
 .bss.htim4     0x200001f4       0x48 ./Core/Src/stm32f1xx_hal_timebase_tim.o
                0x200001f4                htim4
 .bss.uwTick    0x2000023c        0x4 ./Drivers/STM32F1xx_HAL_Driver/Src/stm32f1xx_hal.o
                0x2000023c                uwTick
 .bss.KernelState
                0x20000240        0x4 ./Middlewares/Third_Party/FreeRTOS/Source/CMSIS_RTOS_V2/cmsis_os2.o
 .bss.Idle_TCB.3
                0x20000244       0xa8 ./Middlewares/Third_Party/FreeRTOS/Source/CMSIS_RTOS_V2/cmsis_os2.o
 .bss.Idle_Stack.2
                0x200002ec      0x200 ./Middlewares/Third_Party/FreeRTOS/Source/CMSIS_RTOS_V2/cmsis_os2.o
 .bss.Timer_TCB.1
                0x200004ec       0xa8 ./Middlewares/Third_Party/FreeRTOS/Source/CMSIS_RTOS_V2/cmsis_os2.o
 .bss.Timer_Stack.0
                0x20000594      0x400 ./Middlewares/Third_Party/FreeRTOS/Source/CMSIS_RTOS_V2/cmsis_os2.o
 .bss.xQueueRegistry
                0x20000994       0x40 ./Middlewares/Third_Party/FreeRTOS/Source/queue.o
                0x20000994                xQueueRegistry
 .bss.pxCurrentTCB
                0x200009d4        0x4 ./Middlewares/Third_Party/FreeRTOS/Source/tasks.o
                0x200009d4                pxCurrentTCB
 .bss.pxReadyTasksLists
                0x200009d8      0x460 ./Middlewares/Third_Party/FreeRTOS/Source/tasks.o
 .bss.xDelayedTaskList1
                0x20000e38       0x14 ./Middlewares/Third_Party/FreeRTOS/Source/tasks.o
 .bss.xDelayedTaskList2
                0x20000e4c       0x14 ./Middlewares/Third_Party/FreeRTOS/Source/tasks.o
 .bss.pxDelayedTaskList
                0x20000e60        0x4 ./Middlewares/Third_Party/FreeRTOS/Source/tasks.o
 .bss.pxOverflowDelayedTaskList
                0x20000e64        0x4 ./Middlewares/Third_Party/FreeRTOS/Source/tasks.o
 .bss.xPendingReadyList
                0x20000e68       0x14 ./Middlewares/Third_Party/FreeRTOS/Source/tasks.o
 .bss.xTasksWaitingTermination
                0x20000e7c       0x14 ./Middlewares/Third_Party/FreeRTOS/Source/tasks.o
 .bss.uxDeletedTasksWaitingCleanUp
                0x20000e90        0x4 ./Middlewares/Third_Party/FreeRTOS/Source/tasks.o
 .bss.xSuspendedTaskList
                0x20000e94       0x14 ./Middlewares/Third_Party/FreeRTOS/Source/tasks.o
 .bss.uxCurrentNumberOfTasks
                0x20000ea8        0x4 ./Middlewares/Third_Party/FreeRTOS/Source/tasks.o
 .bss.xTickCount
                0x20000eac        0x4 ./Middlewares/Third_Party/FreeRTOS/Source/tasks.o
 .bss.uxTopReadyPriority
                0x20000eb0        0x4 ./Middlewares/Third_Party/FreeRTOS/Source/tasks.o
 .bss.xSchedulerRunning
                0x20000eb4        0x4 ./Middlewares/Third_Party/FreeRTOS/Source/tasks.o
 .bss.xPendedTicks
                0x20000eb8        0x4 ./Middlewares/Third_Party/FreeRTOS/Source/tasks.o
 .bss.xYieldPending
                0x20000ebc        0x4 ./Middlewares/Third_Party/FreeRTOS/Source/tasks.o
 .bss.xNumOfOverflows
                0x20000ec0        0x4 ./Middlewares/Third_Party/FreeRTOS/Source/tasks.o
 .bss.uxTaskNumber
                0x20000ec4        0x4 ./Middlewares/Third_Party/FreeRTOS/Source/tasks.o
 .bss.xNextTaskUnblockTime
                0x20000ec8        0x4 ./Middlewares/Third_Party/FreeRTOS/Source/tasks.o
 .bss.xIdleTaskHandle
                0x20000ecc        0x4 ./Middlewares/Third_Party/FreeRTOS/Source/tasks.o
 .bss.uxSchedulerSuspended
                0x20000ed0        0x4 ./Middlewares/Third_Party/FreeRTOS/Source/tasks.o
 .bss.xActiveTimerList1
                0x20000ed4       0x14 ./Middlewares/Third_Party/FreeRTOS/Source/timers.o
 .bss.xActiveTimerList2
                0x20000ee8       0x14 ./Middlewares/Third_Party/FreeRTOS/Source/timers.o
 .bss.pxCurrentTimerList
                0x20000efc        0x4 ./Middlewares/Third_Party/FreeRTOS/Source/timers.o
 .bss.pxOverflowTimerList
                0x20000f00        0x4 ./Middlewares/Third_Party/FreeRTOS/Source/timers.o
 .bss.xTimerQueue
                0x20000f04        0x4 ./Middlewares/Third_Party/FreeRTOS/Source/timers.o
 .bss.xTimerTaskHandle
                0x20000f08        0x4 ./Middlewares/Third_Party/FreeRTOS/Source/timers.o
 .bss.xLastTime.2
                0x20000f0c        0x4 ./Middlewares/Third_Party/FreeRTOS/Source/timers.o
 .bss.ucStaticTimerQueueStorage.1
                0x20000f10       0xa0 ./Middlewares/Third_Party/FreeRTOS/Source/timers.o
 .bss.xStaticTimerQueue.0
                0x20000fb0       0x50 ./Middlewares/Third_Party/FreeRTOS/Source/timers.o
 .bss.ucMaxSysCallPriority
                0x20001000        0x1 ./Middlewares/Third_Party/FreeRTOS/Source/portable/GCC/ARM_CM3/port.o
 *fill*         0x20001001        0x3 
 .bss.ulMaxPRIGROUPValue
                0x20001004        0x4 ./Middlewares/Third_Party/FreeRTOS/Source/portable/GCC/ARM_CM3/port.o
 .bss.ucHeap    0x20001008      0xc00 ./Middlewares/Third_Party/FreeRTOS/Source/portable/MemMang/heap_4.o
 .bss.xStart    0x20001c08        0x8 ./Middlewares/Third_Party/FreeRTOS/Source/portable/MemMang/heap_4.o
 .bss.pxEnd     0x20001c10        0x4 ./Middlewares/Third_Party/FreeRTOS/Source/portable/MemMang/heap_4.o
 .bss.xFreeBytesRemaining
                0x20001c14        0x4 ./Middlewares/Third_Party/FreeRTOS/Source/portable/MemMang/heap_4.o
 .bss.xMinimumEverFreeBytesRemaining
                0x20001c18        0x4 ./Middlewares/Third_Party/FreeRTOS/Source/portable/MemMang/heap_4.o
 .bss.xNumberOfSuccessfulAllocations
                0x20001c1c        0x4 ./Middlewares/Third_Party/FreeRTOS/Source/portable/MemMang/heap_4.o
 .bss.xNumberOfSuccessfulFrees
                0x20001c20        0x4 ./Middlewares/Third_Party/FreeRTOS/Source/portable/MemMang/heap_4.o
 .bss.xBlockAllocatedBit
                0x20001c24        0x4 ./Middlewares/Third_Party/FreeRTOS/Source/portable/MemMang/heap_4.o
 .bss.__sf      0x20001c28      0x138 /home/vinothkannan/st/stm32cubeide_1.19.0/plugins/com.st.stm32cube.ide.mcu.externaltools.gnu-tools-for-stm32.13.3.rel1.linux64_1.0.0.202410170706/tools/bin/../lib/gcc/arm-none-eabi/13.3.1/../../../../arm-none-eabi/lib/thumb/v7-m/nofp/libc_nano.a(libc_a-findfp.o)
                0x20001c28                __sf
 .bss.__lock___malloc_recursive_mutex
                0x20001d60        0x1 /home/vinothkannan/st/stm32cubeide_1.19.0/plugins/com.st.stm32cube.ide.mcu.externaltools.gnu-tools-for-stm32.13.3.rel1.linux64_1.0.0.202410170706/tools/bin/../lib/gcc/arm-none-eabi/13.3.1/../../../../arm-none-eabi/lib/thumb/v7-m/nofp/libc_nano.a(libc_a-lock.o)
                0x20001d60                __lock___malloc_recursive_mutex
 *fill*         0x20001d61        0x3 
 .bss.__malloc_free_list
                0x20001d64        0x4 /home/vinothkannan/st/stm32cubeide_1.19.0/plugins/com.st.stm32cube.ide.mcu.externaltools.gnu-tools-for-stm32.13.3.rel1.linux64_1.0.0.202410170706/tools/bin/../lib/gcc/arm-none-eabi/13.3.1/../../../../arm-none-eabi/lib/thumb/v7-m/nofp/libc_nano.a(libc_a-mallocr.o)
                0x20001d64                __malloc_free_list
 *(COMMON)
                0x20001d68                        . = ALIGN (0x4)
                0x20001d68                        _ebss = .
                0x20001d68                        __bss_end__ = _ebss

._user_heap_stack
                0x20001d68      0x600 load address 0x08008b58
                0x20001d68                        . = ALIGN (0x8)
                [!provide]                        PROVIDE (end = .)
                0x20001d68                        PROVIDE (_end = .)
                0x20001f68                        . = (. + _Min_Heap_Size)
 *fill*         0x20001d68      0x200 
                0x20002368                        . = (. + _Min_Stack_Size)
 *fill*         0x20001f68      0x400 
                0x20002368                        . = ALIGN (0x8)

/DISCARD/
 libc.a(*)
 libm.a(*)
 libgcc.a(*)

.ARM.attributes
                0x00000000       0x29
 *(.ARM.attributes)
 .ARM.attributes
                0x00000000       0x1d /home/vinothkannan/st/stm32cubeide_1.19.0/plugins/com.st.stm32cube.ide.mcu.externaltools.gnu-tools-for-stm32.13.3.rel1.linux64_1.0.0.202410170706/tools/bin/../lib/gcc/arm-none-eabi/13.3.1/thumb/v7-m/nofp/crti.o
 .ARM.attributes
                0x0000001d       0x2d /home/vinothkannan/st/stm32cubeide_1.19.0/plugins/com.st.stm32cube.ide.mcu.externaltools.gnu-tools-for-stm32.13.3.rel1.linux64_1.0.0.202410170706/tools/bin/../lib/gcc/arm-none-eabi/13.3.1/thumb/v7-m/nofp/crtbegin.o
 .ARM.attributes
                0x0000004a       0x2d ./Core/Src/ADC_Readings.o
 .ARM.attributes
                0x00000077       0x2d ./Core/Src/main.o
 .ARM.attributes
                0x000000a4       0x2d ./Core/Src/stm32f1xx_hal_msp.o
 .ARM.attributes
                0x000000d1       0x2d ./Core/Src/stm32f1xx_hal_timebase_tim.o
 .ARM.attributes
                0x000000fe       0x2d ./Core/Src/stm32f1xx_it.o
 .ARM.attributes
                0x0000012b       0x2d ./Core/Src/system_stm32f1xx.o
 .ARM.attributes
                0x00000158       0x21 ./Core/Startup/startup_stm32f103c8tx.o
 .ARM.attributes
                0x00000179       0x2d ./Drivers/STM32F1xx_HAL_Driver/Src/stm32f1xx_hal.o
 .ARM.attributes
                0x000001a6       0x2d ./Drivers/STM32F1xx_HAL_Driver/Src/stm32f1xx_hal_adc.o
 .ARM.attributes
                0x000001d3       0x2d ./Drivers/STM32F1xx_HAL_Driver/Src/stm32f1xx_hal_can.o
 .ARM.attributes
                0x00000200       0x2d ./Drivers/STM32F1xx_HAL_Driver/Src/stm32f1xx_hal_cortex.o
 .ARM.attributes
                0x0000022d       0x2d ./Drivers/STM32F1xx_HAL_Driver/Src/stm32f1xx_hal_gpio.o
 .ARM.attributes
                0x0000025a       0x2d ./Drivers/STM32F1xx_HAL_Driver/Src/stm32f1xx_hal_rcc.o
 .ARM.attributes
                0x00000287       0x2d ./Drivers/STM32F1xx_HAL_Driver/Src/stm32f1xx_hal_rcc_ex.o
 .ARM.attributes
                0x000002b4       0x2d ./Drivers/STM32F1xx_HAL_Driver/Src/stm32f1xx_hal_tim.o
 .ARM.attributes
                0x000002e1       0x2d ./Drivers/STM32F1xx_HAL_Driver/Src/stm32f1xx_hal_tim_ex.o
 .ARM.attributes
                0x0000030e       0x2d ./Middlewares/Third_Party/FreeRTOS/Source/CMSIS_RTOS_V2/cmsis_os2.o
 .ARM.attributes
                0x0000033b       0x2d ./Middlewares/Third_Party/FreeRTOS/Source/list.o
 .ARM.attributes
                0x00000368       0x2d ./Middlewares/Third_Party/FreeRTOS/Source/queue.o
 .ARM.attributes
                0x00000395       0x2d ./Middlewares/Third_Party/FreeRTOS/Source/tasks.o
 .ARM.attributes
                0x000003c2       0x2d ./Middlewares/Third_Party/FreeRTOS/Source/timers.o
 .ARM.attributes
                0x000003ef       0x2d ./Middlewares/Third_Party/FreeRTOS/Source/portable/GCC/ARM_CM3/port.o
 .ARM.attributes
                0x0000041c       0x2d ./Middlewares/Third_Party/FreeRTOS/Source/portable/MemMang/heap_4.o
 .ARM.attributes
                0x00000449       0x2d /home/vinothkannan/st/stm32cubeide_1.19.0/plugins/com.st.stm32cube.ide.mcu.externaltools.gnu-tools-for-stm32.13.3.rel1.linux64_1.0.0.202410170706/tools/bin/../lib/gcc/arm-none-eabi/13.3.1/../../../../arm-none-eabi/lib/thumb/v7-m/nofp/libc_nano.a(libc_a-findfp.o)
 .ARM.attributes
                0x00000476       0x2d /home/vinothkannan/st/stm32cubeide_1.19.0/plugins/com.st.stm32cube.ide.mcu.externaltools.gnu-tools-for-stm32.13.3.rel1.linux64_1.0.0.202410170706/tools/bin/../lib/gcc/arm-none-eabi/13.3.1/../../../../arm-none-eabi/lib/thumb/v7-m/nofp/libc_nano.a(libc_a-memset.o)
 .ARM.attributes
                0x000004a3       0x2d /home/vinothkannan/st/stm32cubeide_1.19.0/plugins/com.st.stm32cube.ide.mcu.externaltools.gnu-tools-for-stm32.13.3.rel1.linux64_1.0.0.202410170706/tools/bin/../lib/gcc/arm-none-eabi/13.3.1/../../../../arm-none-eabi/lib/thumb/v7-m/nofp/libc_nano.a(libc_a-reent.o)
 .ARM.attributes
                0x000004d0       0x2d /home/vinothkannan/st/stm32cubeide_1.19.0/plugins/com.st.stm32cube.ide.mcu.externaltools.gnu-tools-for-stm32.13.3.rel1.linux64_1.0.0.202410170706/tools/bin/../lib/gcc/arm-none-eabi/13.3.1/../../../../arm-none-eabi/lib/thumb/v7-m/nofp/libc_nano.a(libc_a-impure.o)
 .ARM.attributes
                0x000004fd       0x2d /home/vinothkannan/st/stm32cubeide_1.19.0/plugins/com.st.stm32cube.ide.mcu.externaltools.gnu-tools-for-stm32.13.3.rel1.linux64_1.0.0.202410170706/tools/bin/../lib/gcc/arm-none-eabi/13.3.1/../../../../arm-none-eabi/lib/thumb/v7-m/nofp/libc_nano.a(libc_a-init.o)
 .ARM.attributes
                0x0000052a       0x2d /home/vinothkannan/st/stm32cubeide_1.19.0/plugins/com.st.stm32cube.ide.mcu.externaltools.gnu-tools-for-stm32.13.3.rel1.linux64_1.0.0.202410170706/tools/bin/../lib/gcc/arm-none-eabi/13.3.1/../../../../arm-none-eabi/lib/thumb/v7-m/nofp/libc_nano.a(libc_a-lock.o)
 .ARM.attributes
                0x00000557       0x2d /home/vinothkannan/st/stm32cubeide_1.19.0/plugins/com.st.stm32cube.ide.mcu.externaltools.gnu-tools-for-stm32.13.3.rel1.linux64_1.0.0.202410170706/tools/bin/../lib/gcc/arm-none-eabi/13.3.1/../../../../arm-none-eabi/lib/thumb/v7-m/nofp/libc_nano.a(libc_a-memcpy-stub.o)
 .ARM.attributes
                0x00000584       0x2d /home/vinothkannan/st/stm32cubeide_1.19.0/plugins/com.st.stm32cube.ide.mcu.externaltools.gnu-tools-for-stm32.13.3.rel1.linux64_1.0.0.202410170706/tools/bin/../lib/gcc/arm-none-eabi/13.3.1/../../../../arm-none-eabi/lib/thumb/v7-m/nofp/libc_nano.a(libc_a-freer.o)
 .ARM.attributes
                0x000005b1       0x2d /home/vinothkannan/st/stm32cubeide_1.19.0/plugins/com.st.stm32cube.ide.mcu.externaltools.gnu-tools-for-stm32.13.3.rel1.linux64_1.0.0.202410170706/tools/bin/../lib/gcc/arm-none-eabi/13.3.1/../../../../arm-none-eabi/lib/thumb/v7-m/nofp/libc_nano.a(libc_a-mallocr.o)
 .ARM.attributes
                0x000005de       0x2d /home/vinothkannan/st/stm32cubeide_1.19.0/plugins/com.st.stm32cube.ide.mcu.externaltools.gnu-tools-for-stm32.13.3.rel1.linux64_1.0.0.202410170706/tools/bin/../lib/gcc/arm-none-eabi/13.3.1/../../../../arm-none-eabi/lib/thumb/v7-m/nofp/libc_nano.a(libc_a-mlock.o)
 .ARM.attributes
                0x0000060b       0x1d /home/vinothkannan/st/stm32cubeide_1.19.0/plugins/com.st.stm32cube.ide.mcu.externaltools.gnu-tools-for-stm32.13.3.rel1.linux64_1.0.0.202410170706/tools/bin/../lib/gcc/arm-none-eabi/13.3.1/thumb/v7-m/nofp/libgcc.a(_arm_muldf3.o)
 .ARM.attributes
                0x00000628       0x1d /home/vinothkannan/st/stm32cubeide_1.19.0/plugins/com.st.stm32cube.ide.mcu.externaltools.gnu-tools-for-stm32.13.3.rel1.linux64_1.0.0.202410170706/tools/bin/../lib/gcc/arm-none-eabi/13.3.1/thumb/v7-m/nofp/libgcc.a(_arm_addsubdf3.o)
 .ARM.attributes
                0x00000645       0x1d /home/vinothkannan/st/stm32cubeide_1.19.0/plugins/com.st.stm32cube.ide.mcu.externaltools.gnu-tools-for-stm32.13.3.rel1.linux64_1.0.0.202410170706/tools/bin/../lib/gcc/arm-none-eabi/13.3.1/thumb/v7-m/nofp/libgcc.a(_arm_cmpdf2.o)
 .ARM.attributes
                0x00000662       0x1d /home/vinothkannan/st/stm32cubeide_1.19.0/plugins/com.st.stm32cube.ide.mcu.externaltools.gnu-tools-for-stm32.13.3.rel1.linux64_1.0.0.202410170706/tools/bin/../lib/gcc/arm-none-eabi/13.3.1/thumb/v7-m/nofp/libgcc.a(_arm_truncdfsf2.o)
 .ARM.attributes
                0x0000067f       0x1d /home/vinothkannan/st/stm32cubeide_1.19.0/plugins/com.st.stm32cube.ide.mcu.externaltools.gnu-tools-for-stm32.13.3.rel1.linux64_1.0.0.202410170706/tools/bin/../lib/gcc/arm-none-eabi/13.3.1/thumb/v7-m/nofp/libgcc.a(_arm_addsubsf3.o)
 .ARM.attributes
                0x0000069c       0x1d /home/vinothkannan/st/stm32cubeide_1.19.0/plugins/com.st.stm32cube.ide.mcu.externaltools.gnu-tools-for-stm32.13.3.rel1.linux64_1.0.0.202410170706/tools/bin/../lib/gcc/arm-none-eabi/13.3.1/thumb/v7-m/nofp/libgcc.a(_arm_muldivsf3.o)
 .ARM.attributes
                0x000006b9       0x1d /home/vinothkannan/st/stm32cubeide_1.19.0/plugins/com.st.stm32cube.ide.mcu.externaltools.gnu-tools-for-stm32.13.3.rel1.linux64_1.0.0.202410170706/tools/bin/../lib/gcc/arm-none-eabi/13.3.1/thumb/v7-m/nofp/libgcc.a(_arm_cmpsf2.o)
 .ARM.attributes
                0x000006d6       0x1d /home/vinothkannan/st/stm32cubeide_1.19.0/plugins/com.st.stm32cube.ide.mcu.externaltools.gnu-tools-for-stm32.13.3.rel1.linux64_1.0.0.202410170706/tools/bin/../lib/gcc/arm-none-eabi/13.3.1/thumb/v7-m/nofp/libgcc.a(_arm_fixunssfsi.o)
 .ARM.attributes
                0x000006f3       0x1d /home/vinothkannan/st/stm32cubeide_1.19.0/plugins/com.st.stm32cube.ide.mcu.externaltools.gnu-tools-for-stm32.13.3.rel1.linux64_1.0.0.202410170706/tools/bin/../lib/gcc/arm-none-eabi/13.3.1/thumb/v7-m/nofp/crtn.o
OUTPUT(AutoUnhitch_STM32F103C8T6.elf elf32-littlearm)
LOAD linker stubs
LOAD /home/vinothkannan/st/stm32cubeide_1.19.0/plugins/com.st.stm32cube.ide.mcu.externaltools.gnu-tools-for-stm32.13.3.rel1.linux64_1.0.0.202410170706/tools/bin/../lib/gcc/arm-none-eabi/13.3.1/../../../../arm-none-eabi/lib/thumb/v7-m/nofp/libc.a
LOAD /home/vinothkannan/st/stm32cubeide_1.19.0/plugins/com.st.stm32cube.ide.mcu.externaltools.gnu-tools-for-stm32.13.3.rel1.linux64_1.0.0.202410170706/tools/bin/../lib/gcc/arm-none-eabi/13.3.1/../../../../arm-none-eabi/lib/thumb/v7-m/nofp/libm.a
LOAD /home/vinothkannan/st/stm32cubeide_1.19.0/plugins/com.st.stm32cube.ide.mcu.externaltools.gnu-tools-for-stm32.13.3.rel1.linux64_1.0.0.202410170706/tools/bin/../lib/gcc/arm-none-eabi/13.3.1/thumb/v7-m/nofp/libgcc.a

.debug_info     0x00000000    0x17804
 .debug_info    0x00000000      0x735 ./Core/Src/ADC_Readings.o
 .debug_info    0x00000735     0x20e1 ./Core/Src/main.o
 .debug_info    0x00002816     0x11cf ./Core/Src/stm32f1xx_hal_msp.o
 .debug_info    0x000039e5      0x9a8 ./Core/Src/stm32f1xx_hal_timebase_tim.o
 .debug_info    0x0000438d      0xa35 ./Core/Src/stm32f1xx_it.o
 .debug_info    0x00004dc2      0x222 ./Core/Src/system_stm32f1xx.o
 .debug_info    0x00004fe4       0x30 ./Core/Startup/startup_stm32f103c8tx.o
 .debug_info    0x00005014      0x704 ./Drivers/STM32F1xx_HAL_Driver/Src/stm32f1xx_hal.o
 .debug_info    0x00005718      0xc50 ./Drivers/STM32F1xx_HAL_Driver/Src/stm32f1xx_hal_adc.o
 .debug_info    0x00006368      0xf13 ./Drivers/STM32F1xx_HAL_Driver/Src/stm32f1xx_hal_can.o
 .debug_info    0x0000727b      0xa87 ./Drivers/STM32F1xx_HAL_Driver/Src/stm32f1xx_hal_cortex.o
 .debug_info    0x00007d02      0x5ab ./Drivers/STM32F1xx_HAL_Driver/Src/stm32f1xx_hal_gpio.o
 .debug_info    0x000082ad      0x7d5 ./Drivers/STM32F1xx_HAL_Driver/Src/stm32f1xx_hal_rcc.o
 .debug_info    0x00008a82      0x3c0 ./Drivers/STM32F1xx_HAL_Driver/Src/stm32f1xx_hal_rcc_ex.o
 .debug_info    0x00008e42     0x2959 ./Drivers/STM32F1xx_HAL_Driver/Src/stm32f1xx_hal_tim.o
 .debug_info    0x0000b79b     0x149b ./Drivers/STM32F1xx_HAL_Driver/Src/stm32f1xx_hal_tim_ex.o
 .debug_info    0x0000cc36     0x402c ./Middlewares/Third_Party/FreeRTOS/Source/CMSIS_RTOS_V2/cmsis_os2.o
 .debug_info    0x00010c62      0x2af ./Middlewares/Third_Party/FreeRTOS/Source/list.o
 .debug_info    0x00010f11     0x1b79 ./Middlewares/Third_Party/FreeRTOS/Source/queue.o
 .debug_info    0x00012a8a     0x28c1 ./Middlewares/Third_Party/FreeRTOS/Source/tasks.o
 .debug_info    0x0001534b     0x1b50 ./Middlewares/Third_Party/FreeRTOS/Source/timers.o
 .debug_info    0x00016e9b      0x494 ./Middlewares/Third_Party/FreeRTOS/Source/portable/GCC/ARM_CM3/port.o
 .debug_info    0x0001732f      0x4d5 ./Middlewares/Third_Party/FreeRTOS/Source/portable/MemMang/heap_4.o

.debug_abbrev   0x00000000     0x376c
 .debug_abbrev  0x00000000      0x1c8 ./Core/Src/ADC_Readings.o
 .debug_abbrev  0x000001c8      0x3df ./Core/Src/main.o
 .debug_abbrev  0x000005a7      0x291 ./Core/Src/stm32f1xx_hal_msp.o
 .debug_abbrev  0x00000838      0x1f3 ./Core/Src/stm32f1xx_hal_timebase_tim.o
 .debug_abbrev  0x00000a2b      0x1d8 ./Core/Src/stm32f1xx_it.o
 .debug_abbrev  0x00000c03      0x13f ./Core/Src/system_stm32f1xx.o
 .debug_abbrev  0x00000d42       0x24 ./Core/Startup/startup_stm32f103c8tx.o
 .debug_abbrev  0x00000d66      0x201 ./Drivers/STM32F1xx_HAL_Driver/Src/stm32f1xx_hal.o
 .debug_abbrev  0x00000f67      0x225 ./Drivers/STM32F1xx_HAL_Driver/Src/stm32f1xx_hal_adc.o
 .debug_abbrev  0x0000118c      0x21c ./Drivers/STM32F1xx_HAL_Driver/Src/stm32f1xx_hal_can.o
 .debug_abbrev  0x000013a8      0x2f8 ./Drivers/STM32F1xx_HAL_Driver/Src/stm32f1xx_hal_cortex.o
 .debug_abbrev  0x000016a0      0x1ca ./Drivers/STM32F1xx_HAL_Driver/Src/stm32f1xx_hal_gpio.o
 .debug_abbrev  0x0000186a      0x2b3 ./Drivers/STM32F1xx_HAL_Driver/Src/stm32f1xx_hal_rcc.o
 .debug_abbrev  0x00001b1d      0x188 ./Drivers/STM32F1xx_HAL_Driver/Src/stm32f1xx_hal_rcc_ex.o
 .debug_abbrev  0x00001ca5      0x277 ./Drivers/STM32F1xx_HAL_Driver/Src/stm32f1xx_hal_tim.o
 .debug_abbrev  0x00001f1c      0x282 ./Drivers/STM32F1xx_HAL_Driver/Src/stm32f1xx_hal_tim_ex.o
 .debug_abbrev  0x0000219e      0x548 ./Middlewares/Third_Party/FreeRTOS/Source/CMSIS_RTOS_V2/cmsis_os2.o
 .debug_abbrev  0x000026e6       0xf5 ./Middlewares/Third_Party/FreeRTOS/Source/list.o
 .debug_abbrev  0x000027db      0x3b6 ./Middlewares/Third_Party/FreeRTOS/Source/queue.o
 .debug_abbrev  0x00002b91      0x3fe ./Middlewares/Third_Party/FreeRTOS/Source/tasks.o
 .debug_abbrev  0x00002f8f      0x368 ./Middlewares/Third_Party/FreeRTOS/Source/timers.o
 .debug_abbrev  0x000032f7      0x258 ./Middlewares/Third_Party/FreeRTOS/Source/portable/GCC/ARM_CM3/port.o
 .debug_abbrev  0x0000354f      0x21d ./Middlewares/Third_Party/FreeRTOS/Source/portable/MemMang/heap_4.o

.debug_aranges  0x00000000     0x14a8
 .debug_aranges
                0x00000000       0x58 ./Core/Src/ADC_Readings.o
 .debug_aranges
                0x00000058       0xa8 ./Core/Src/main.o
 .debug_aranges
                0x00000100       0x68 ./Core/Src/stm32f1xx_hal_msp.o
 .debug_aranges
                0x00000168       0x30 ./Core/Src/stm32f1xx_hal_timebase_tim.o
 .debug_aranges
                0x00000198       0x58 ./Core/Src/stm32f1xx_it.o
 .debug_aranges
                0x000001f0       0x28 ./Core/Src/system_stm32f1xx.o
 .debug_aranges
                0x00000218       0x28 ./Core/Startup/startup_stm32f103c8tx.o
 .debug_aranges
                0x00000240       0xe0 ./Drivers/STM32F1xx_HAL_Driver/Src/stm32f1xx_hal.o
 .debug_aranges
                0x00000320       0xf0 ./Drivers/STM32F1xx_HAL_Driver/Src/stm32f1xx_hal_adc.o
 .debug_aranges
                0x00000410      0x138 ./Drivers/STM32F1xx_HAL_Driver/Src/stm32f1xx_hal_can.o
 .debug_aranges
                0x00000548      0x100 ./Drivers/STM32F1xx_HAL_Driver/Src/stm32f1xx_hal_cortex.o
 .debug_aranges
                0x00000648       0x58 ./Drivers/STM32F1xx_HAL_Driver/Src/stm32f1xx_hal_gpio.o
 .debug_aranges
                0x000006a0       0x90 ./Drivers/STM32F1xx_HAL_Driver/Src/stm32f1xx_hal_rcc.o
 .debug_aranges
                0x00000730       0x30 ./Drivers/STM32F1xx_HAL_Driver/Src/stm32f1xx_hal_rcc_ex.o
 .debug_aranges
                0x00000760      0x3d0 ./Drivers/STM32F1xx_HAL_Driver/Src/stm32f1xx_hal_tim.o
 .debug_aranges
                0x00000b30      0x168 ./Drivers/STM32F1xx_HAL_Driver/Src/stm32f1xx_hal_tim_ex.o
 .debug_aranges
                0x00000c98      0x2b0 ./Middlewares/Third_Party/FreeRTOS/Source/CMSIS_RTOS_V2/cmsis_os2.o
 .debug_aranges
                0x00000f48       0x40 ./Middlewares/Third_Party/FreeRTOS/Source/list.o
 .debug_aranges
                0x00000f88      0x158 ./Middlewares/Third_Party/FreeRTOS/Source/queue.o
 .debug_aranges
                0x000010e0      0x208 ./Middlewares/Third_Party/FreeRTOS/Source/tasks.o
 .debug_aranges
                0x000012e8       0xf0 ./Middlewares/Third_Party/FreeRTOS/Source/timers.o
 .debug_aranges
                0x000013d8       0x78 ./Middlewares/Third_Party/FreeRTOS/Source/portable/GCC/ARM_CM3/port.o
 .debug_aranges
                0x00001450       0x58 ./Middlewares/Third_Party/FreeRTOS/Source/portable/MemMang/heap_4.o

.debug_rnglists
                0x00000000      0xfe3
 .debug_rnglists
                0x00000000       0x3d ./Core/Src/ADC_Readings.o
 .debug_rnglists
                0x0000003d       0x83 ./Core/Src/main.o
 .debug_rnglists
                0x000000c0       0x4a ./Core/Src/stm32f1xx_hal_msp.o
 .debug_rnglists
                0x0000010a       0x20 ./Core/Src/stm32f1xx_hal_timebase_tim.o
 .debug_rnglists
                0x0000012a       0x3d ./Core/Src/stm32f1xx_it.o
 .debug_rnglists
                0x00000167       0x1a ./Core/Src/system_stm32f1xx.o
 .debug_rnglists
                0x00000181       0x19 ./Core/Startup/startup_stm32f103c8tx.o
 .debug_rnglists
                0x0000019a       0xa3 ./Drivers/STM32F1xx_HAL_Driver/Src/stm32f1xx_hal.o
 .debug_rnglists
                0x0000023d       0xbc ./Drivers/STM32F1xx_HAL_Driver/Src/stm32f1xx_hal_adc.o
 .debug_rnglists
                0x000002f9       0xed ./Drivers/STM32F1xx_HAL_Driver/Src/stm32f1xx_hal_can.o
 .debug_rnglists
                0x000003e6       0xbb ./Drivers/STM32F1xx_HAL_Driver/Src/stm32f1xx_hal_cortex.o
 .debug_rnglists
                0x000004a1       0x3f ./Drivers/STM32F1xx_HAL_Driver/Src/stm32f1xx_hal_gpio.o
 .debug_rnglists
                0x000004e0       0x6c ./Drivers/STM32F1xx_HAL_Driver/Src/stm32f1xx_hal_rcc.o
 .debug_rnglists
                0x0000054c       0x21 ./Drivers/STM32F1xx_HAL_Driver/Src/stm32f1xx_hal_rcc_ex.o
 .debug_rnglists
                0x0000056d      0x31a ./Drivers/STM32F1xx_HAL_Driver/Src/stm32f1xx_hal_tim.o
 .debug_rnglists
                0x00000887      0x125 ./Drivers/STM32F1xx_HAL_Driver/Src/stm32f1xx_hal_tim_ex.o
 .debug_rnglists
                0x000009ac      0x212 ./Middlewares/Third_Party/FreeRTOS/Source/CMSIS_RTOS_V2/cmsis_os2.o
 .debug_rnglists
                0x00000bbe       0x2b ./Middlewares/Third_Party/FreeRTOS/Source/list.o
 .debug_rnglists
                0x00000be9      0x109 ./Middlewares/Third_Party/FreeRTOS/Source/queue.o
 .debug_rnglists
                0x00000cf2      0x1a0 ./Middlewares/Third_Party/FreeRTOS/Source/tasks.o
 .debug_rnglists
                0x00000e92       0xb8 ./Middlewares/Third_Party/FreeRTOS/Source/timers.o
 .debug_rnglists
                0x00000f4a       0x57 ./Middlewares/Third_Party/FreeRTOS/Source/portable/GCC/ARM_CM3/port.o
 .debug_rnglists
                0x00000fa1       0x42 ./Middlewares/Third_Party/FreeRTOS/Source/portable/MemMang/heap_4.o

.debug_macro    0x00000000    0x1930c
 .debug_macro   0x00000000      0x1ca ./Core/Src/ADC_Readings.o
 .debug_macro   0x000001ca      0xacc ./Core/Src/ADC_Readings.o
 .debug_macro   0x00000c96      0x221 ./Core/Src/ADC_Readings.o
 .debug_macro   0x00000eb7       0x2e ./Core/Src/ADC_Readings.o
 .debug_macro   0x00000ee5       0x22 ./Core/Src/ADC_Readings.o
 .debug_macro   0x00000f07       0x22 ./Core/Src/ADC_Readings.o
 .debug_macro   0x00000f29       0x8e ./Core/Src/ADC_Readings.o
 .debug_macro   0x00000fb7       0x51 ./Core/Src/ADC_Readings.o
 .debug_macro   0x00001008      0x103 ./Core/Src/ADC_Readings.o
 .debug_macro   0x0000110b       0x6a ./Core/Src/ADC_Readings.o
 .debug_macro   0x00001175      0x1df ./Core/Src/ADC_Readings.o
 .debug_macro   0x00001354       0x1c ./Core/Src/ADC_Readings.o
 .debug_macro   0x00001370       0x22 ./Core/Src/ADC_Readings.o
 .debug_macro   0x00001392       0xbd ./Core/Src/ADC_Readings.o
 .debug_macro   0x0000144f      0xd23 ./Core/Src/ADC_Readings.o
 .debug_macro   0x00002172     0xe09e ./Core/Src/ADC_Readings.o
 .debug_macro   0x00010210       0x6d ./Core/Src/ADC_Readings.o
 .debug_macro   0x0001027d     0x34a2 ./Core/Src/ADC_Readings.o
 .debug_macro   0x0001371f      0x190 ./Core/Src/ADC_Readings.o
 .debug_macro   0x000138af       0x5c ./Core/Src/ADC_Readings.o
 .debug_macro   0x0001390b      0x5bc ./Core/Src/ADC_Readings.o
 .debug_macro   0x00013ec7      0x289 ./Core/Src/ADC_Readings.o
 .debug_macro   0x00014150      0x1cb ./Core/Src/ADC_Readings.o
 .debug_macro   0x0001431b      0x114 ./Core/Src/ADC_Readings.o
 .debug_macro   0x0001442f      0x1b2 ./Core/Src/ADC_Readings.o
 .debug_macro   0x000145e1       0x27 ./Core/Src/ADC_Readings.o
 .debug_macro   0x00014608      0x136 ./Core/Src/ADC_Readings.o
 .debug_macro   0x0001473e      0x1bc ./Core/Src/ADC_Readings.o
 .debug_macro   0x000148fa       0x34 ./Core/Src/ADC_Readings.o
 .debug_macro   0x0001492e       0x3c ./Core/Src/ADC_Readings.o
 .debug_macro   0x0001496a      0x408 ./Core/Src/ADC_Readings.o
 .debug_macro   0x00014d72       0x57 ./Core/Src/ADC_Readings.o
 .debug_macro   0x00014dc9      0x46a ./Core/Src/ADC_Readings.o
 .debug_macro   0x00015233      0x1b5 ./Core/Src/ADC_Readings.o
 .debug_macro   0x000153e8       0x87 ./Core/Src/ADC_Readings.o
 .debug_macro   0x0001546f      0x240 ./Core/Src/ADC_Readings.o
 .debug_macro   0x000156af      0x140 ./Core/Src/ADC_Readings.o
 .debug_macro   0x000157ef      0x8ed ./Core/Src/ADC_Readings.o
 .debug_macro   0x000160dc       0x83 ./Core/Src/ADC_Readings.o
 .debug_macro   0x0001615f       0x10 ./Core/Src/ADC_Readings.o
 .debug_macro   0x0001616f      0x31c ./Core/Src/main.o